2020/08/26 17:00:09 [error] 2308#2308: *9 open() "/usr/share/nginx/damine.tn/favicon.ico" failed (2: No such file or directory), client: 172.68.25.143, server: damine.tn, request: "GET /favicon.ico HTTP/1.1", host: "www.damine.tn", referrer: "http://www.damine.tn/"
2020/08/26 17:00:14 [error] 2308#2308: *11 open() "/usr/share/nginx/damine.tn/favicon.ico" failed (2: No such file or directory), client: 172.68.24.158, server: damine.tn, request: "GET /favicon.ico HTTP/1.1", host: "damine.tn", referrer: "http://damine.tn/"
2020/08/26 17:02:31 [error] 2308#2308: *21 open() "/usr/share/nginx/damine.tn/font/roboto/Roboto-Regular.woff2" failed (2: No such file or directory), client: 172.68.25.185, server: damine.tn, request: "GET /font/roboto/Roboto-Regular.woff2 HTTP/1.1", host: "www.damine.tn", referrer: "http://www.damine.tn/css/mdb.min.css"
2020/08/26 17:02:32 [error] 2308#2308: *22 open() "/usr/share/nginx/damine.tn/font/roboto/Roboto-Regular.woff" failed (2: No such file or directory), client: 172.68.24.132, server: damine.tn, request: "GET /font/roboto/Roboto-Regular.woff HTTP/1.1", host: "www.damine.tn", referrer: "http://www.damine.tn/css/mdb.min.css"
2020/08/26 17:02:32 [error] 2308#2308: *23 open() "/usr/share/nginx/damine.tn/font/roboto/Roboto-Regular.ttf" failed (2: No such file or directory), client: 172.68.25.195, server: damine.tn, request: "GET /font/roboto/Roboto-Regular.ttf HTTP/1.1", host: "www.damine.tn", referrer: "http://www.damine.tn/css/mdb.min.css"
2020/08/26 17:02:33 [error] 2308#2308: *26 open() "/usr/share/nginx/damine.tn/font/roboto/Roboto-Bold.woff2" failed (2: No such file or directory), client: 172.68.24.200, server: damine.tn, request: "GET /font/roboto/Roboto-Bold.woff2 HTTP/1.1", host: "www.damine.tn", referrer: "http://www.damine.tn/css/mdb.min.css"
2020/08/26 17:02:34 [error] 2308#2308: *27 open() "/usr/share/nginx/damine.tn/font/roboto/Roboto-Bold.woff" failed (2: No such file or directory), client: 172.68.24.148, server: damine.tn, request: "GET /font/roboto/Roboto-Bold.woff HTTP/1.1", host: "www.damine.tn", referrer: "http://www.damine.tn/css/mdb.min.css"
2020/08/26 17:02:34 [error] 2308#2308: *28 open() "/usr/share/nginx/damine.tn/font/roboto/Roboto-Bold.ttf" failed (2: No such file or directory), client: 172.68.24.114, server: damine.tn, request: "GET /font/roboto/Roboto-Bold.ttf HTTP/1.1", host: "www.damine.tn", referrer: "http://www.damine.tn/css/mdb.min.css"
2020/08/26 17:06:52 [error] 3392#3392: *63 open() "/usr/share/nginx/damine.tn/font/roboto/Roboto-Regular.woff2" failed (2: No such file or directory), client: 172.68.25.185, server: damine.tn, request: "GET /font/roboto/Roboto-Regular.woff2 HTTP/1.1", host: "www.damine.tn", referrer: "https://www.damine.tn/css/mdb.min.css"
2020/08/26 17:06:53 [error] 3392#3392: *64 open() "/usr/share/nginx/damine.tn/font/roboto/Roboto-Regular.woff" failed (2: No such file or directory), client: 172.68.24.132, server: damine.tn, request: "GET /font/roboto/Roboto-Regular.woff HTTP/1.1", host: "www.damine.tn", referrer: "https://www.damine.tn/css/mdb.min.css"
2020/08/26 17:06:53 [error] 3392#3392: *65 open() "/usr/share/nginx/damine.tn/font/roboto/Roboto-Regular.ttf" failed (2: No such file or directory), client: 172.68.25.195, server: damine.tn, request: "GET /font/roboto/Roboto-Regular.ttf HTTP/1.1", host: "www.damine.tn", referrer: "https://www.damine.tn/css/mdb.min.css"
2020/08/26 17:06:54 [error] 3392#3392: *68 open() "/usr/share/nginx/damine.tn/font/roboto/Roboto-Bold.woff2" failed (2: No such file or directory), client: 172.68.24.200, server: damine.tn, request: "GET /font/roboto/Roboto-Bold.woff2 HTTP/1.1", host: "www.damine.tn", referrer: "https://www.damine.tn/css/mdb.min.css"
2020/08/26 17:06:55 [error] 3392#3392: *70 open() "/usr/share/nginx/damine.tn/font/roboto/Roboto-Bold.woff" failed (2: No such file or directory), client: 172.68.24.148, server: damine.tn, request: "GET /font/roboto/Roboto-Bold.woff HTTP/1.1", host: "www.damine.tn", referrer: "https://www.damine.tn/css/mdb.min.css"
2020/08/26 17:06:58 [error] 3392#3392: *76 open() "/usr/share/nginx/damine.tn/font/roboto/Roboto-Regular.woff2" failed (2: No such file or directory), client: 172.68.24.80, server: damine.tn, request: "GET /font/roboto/Roboto-Regular.woff2 HTTP/1.1", host: "damine.tn", referrer: "https://damine.tn/css/mdb.min.css"
2020/08/26 17:06:59 [error] 3392#3392: *77 open() "/usr/share/nginx/damine.tn/font/roboto/Roboto-Regular.woff" failed (2: No such file or directory), client: 172.68.24.102, server: damine.tn, request: "GET /font/roboto/Roboto-Regular.woff HTTP/1.1", host: "damine.tn", referrer: "https://damine.tn/css/mdb.min.css"
2020/08/26 17:07:00 [error] 3392#3392: *78 open() "/usr/share/nginx/damine.tn/font/roboto/Roboto-Regular.ttf" failed (2: No such file or directory), client: 172.68.25.137, server: damine.tn, request: "GET /font/roboto/Roboto-Regular.ttf HTTP/1.1", host: "damine.tn", referrer: "https://damine.tn/css/mdb.min.css"
2020/08/26 17:07:01 [error] 3392#3392: *81 open() "/usr/share/nginx/damine.tn/font/roboto/Roboto-Bold.woff2" failed (2: No such file or directory), client: 172.68.24.56, server: damine.tn, request: "GET /font/roboto/Roboto-Bold.woff2 HTTP/1.1", host: "damine.tn", referrer: "https://damine.tn/css/mdb.min.css"
2020/08/26 17:07:02 [error] 3392#3392: *82 open() "/usr/share/nginx/damine.tn/font/roboto/Roboto-Bold.woff" failed (2: No such file or directory), client: 172.68.24.114, server: damine.tn, request: "GET /font/roboto/Roboto-Bold.woff HTTP/1.1", host: "damine.tn", referrer: "https://damine.tn/css/mdb.min.css"
2020/08/26 17:07:03 [error] 3392#3392: *83 open() "/usr/share/nginx/damine.tn/font/roboto/Roboto-Bold.ttf" failed (2: No such file or directory), client: 172.68.24.58, server: damine.tn, request: "GET /font/roboto/Roboto-Bold.ttf HTTP/1.1", host: "damine.tn", referrer: "https://damine.tn/css/mdb.min.css"
2020/08/26 17:38:51 [error] 3392#3392: *89 open() "/usr/share/nginx/damine.tn/robots.txt" failed (2: No such file or directory), client: 108.162.246.165, server: damine.tn, request: "GET /robots.txt HTTP/1.1", host: "damine.tn"
2020/08/26 17:42:12 [error] 3392#3392: *91 open() "/usr/share/nginx/damine.tn/robots.txt" failed (2: No such file or directory), client: 108.162.246.165, server: damine.tn, request: "GET /robots.txt HTTP/1.1", host: "damine.tn"
2020/08/26 17:42:13 [error] 3392#3392: *92 open() "/usr/share/nginx/damine.tn/manual/en/mod/mod_authz_dbd.html" failed (2: No such file or directory), client: 162.158.106.238, server: damine.tn, request: "GET /manual/en/mod/mod_authz_dbd.html HTTP/1.1", host: "damine.tn"
2020/08/26 17:45:13 [error] 3392#3392: *94 open() "/usr/share/nginx/damine.tn/robots.txt" failed (2: No such file or directory), client: 162.158.183.135, server: damine.tn, request: "GET /robots.txt HTTP/1.1", host: "damine.tn", referrer: "http://damine.tn/robots.txt"
2020/08/26 17:45:13 [error] 3392#3392: *96 open() "/usr/share/nginx/damine.tn/humans.txt" failed (2: No such file or directory), client: 162.158.183.189, server: damine.tn, request: "GET /humans.txt HTTP/1.1", host: "damine.tn", referrer: "http://damine.tn/humans.txt"
2020/08/26 17:45:13 [error] 3392#3392: *98 open() "/usr/share/nginx/damine.tn/ads.txt" failed (2: No such file or directory), client: 162.158.183.163, server: damine.tn, request: "GET /ads.txt HTTP/1.1", host: "damine.tn", referrer: "http://damine.tn/ads.txt"
2020/08/26 17:55:27 [error] 3392#3392: *102 open() "/usr/share/nginx/damine.tn/favicon.ico" failed (2: No such file or directory), client: 108.162.245.90, server: damine.tn, request: "GET /favicon.ico HTTP/1.1", host: "damine.tn"
2020/08/26 17:57:25 [error] 3392#3392: *110 open() "/usr/share/nginx/damine.tn/font/roboto/Roboto-Regular.woff2" failed (2: No such file or directory), client: 162.158.187.53, server: damine.tn, request: "GET /font/roboto/Roboto-Regular.woff2 HTTP/1.1", host: "damine.tn", referrer: "https://damine.tn/css/mdb.min.css"
2020/08/26 17:57:26 [error] 3392#3392: *111 open() "/usr/share/nginx/damine.tn/font/roboto/Roboto-Regular.woff" failed (2: No such file or directory), client: 108.162.237.174, server: damine.tn, request: "GET /font/roboto/Roboto-Regular.woff HTTP/1.1", host: "damine.tn", referrer: "https://damine.tn/css/mdb.min.css"
2020/08/26 17:57:27 [error] 3392#3392: *112 open() "/usr/share/nginx/damine.tn/font/roboto/Roboto-Regular.ttf" failed (2: No such file or directory), client: 108.162.237.58, server: damine.tn, request: "GET /font/roboto/Roboto-Regular.ttf HTTP/1.1", host: "damine.tn", referrer: "https://damine.tn/css/mdb.min.css"
2020/08/26 17:57:28 [error] 3392#3392: *114 open() "/usr/share/nginx/damine.tn/font/roboto/Roboto-Bold.woff2" failed (2: No such file or directory), client: 108.162.237.84, server: damine.tn, request: "GET /font/roboto/Roboto-Bold.woff2 HTTP/1.1", host: "damine.tn", referrer: "https://damine.tn/css/mdb.min.css"
2020/08/26 17:57:28 [error] 3392#3392: *116 open() "/usr/share/nginx/damine.tn/font/roboto/Roboto-Bold.woff" failed (2: No such file or directory), client: 108.162.237.252, server: damine.tn, request: "GET /font/roboto/Roboto-Bold.woff HTTP/1.1", host: "damine.tn", referrer: "https://damine.tn/css/mdb.min.css"
2020/08/26 17:57:29 [error] 3392#3392: *117 open() "/usr/share/nginx/damine.tn/font/roboto/Roboto-Bold.ttf" failed (2: No such file or directory), client: 108.162.238.5, server: damine.tn, request: "GET /font/roboto/Roboto-Bold.ttf HTTP/1.1", host: "damine.tn", referrer: "https://damine.tn/css/mdb.min.css"
2020/08/26 17:57:59 [error] 3392#3392: *125 open() "/usr/share/nginx/damine.tn/font/roboto/Roboto-Regular.woff2" failed (2: No such file or directory), client: 108.162.215.126, server: damine.tn, request: "GET /font/roboto/Roboto-Regular.woff2 HTTP/1.1", host: "damine.tn", referrer: "https://damine.tn/css/mdb.min.css"
2020/08/26 17:58:01 [error] 3392#3392: *126 open() "/usr/share/nginx/damine.tn/font/roboto/Roboto-Regular.woff" failed (2: No such file or directory), client: 172.69.34.138, server: damine.tn, request: "GET /font/roboto/Roboto-Regular.woff HTTP/1.1", host: "damine.tn", referrer: "https://damine.tn/css/mdb.min.css"
2020/08/26 17:58:04 [error] 3392#3392: *127 open() "/usr/share/nginx/damine.tn/font/roboto/Roboto-Regular.ttf" failed (2: No such file or directory), client: 172.69.34.178, server: damine.tn, request: "GET /font/roboto/Roboto-Regular.ttf HTTP/1.1", host: "damine.tn", referrer: "https://damine.tn/css/mdb.min.css"
2020/08/26 17:58:10 [error] 3392#3392: *128 open() "/usr/share/nginx/damine.tn/font/roboto/Roboto-Bold.woff2" failed (2: No such file or directory), client: 172.69.34.224, server: damine.tn, request: "GET /font/roboto/Roboto-Bold.woff2 HTTP/1.1", host: "damine.tn", referrer: "https://damine.tn/css/mdb.min.css"
2020/08/26 17:58:13 [error] 3392#3392: *131 open() "/usr/share/nginx/damine.tn/font/roboto/Roboto-Bold.woff" failed (2: No such file or directory), client: 172.69.33.91, server: damine.tn, request: "GET /font/roboto/Roboto-Bold.woff HTTP/1.1", host: "damine.tn", referrer: "https://damine.tn/css/mdb.min.css"
2020/08/26 17:58:14 [error] 3392#3392: *132 open() "/usr/share/nginx/damine.tn/font/roboto/Roboto-Bold.ttf" failed (2: No such file or directory), client: 172.69.33.81, server: damine.tn, request: "GET /font/roboto/Roboto-Bold.ttf HTTP/1.1", host: "damine.tn", referrer: "https://damine.tn/css/mdb.min.css"
2020/08/26 19:00:20 [error] 3393#3393: *141 open() "/usr/share/nginx/damine.tn/manual/en/mod/mod_xml2enc.html" failed (2: No such file or directory), client: 108.162.245.146, server: damine.tn, request: "GET /manual/en/mod/mod_xml2enc.html HTTP/1.1", host: "damine.tn"
2020/08/26 20:09:45 [error] 3393#3393: *148 open() "/usr/share/nginx/damine.tn/manual/en/mod/mod_request.html" failed (2: No such file or directory), client: 162.158.107.207, server: damine.tn, request: "GET /manual/en/mod/mod_request.html HTTP/1.1", host: "damine.tn"
2020/08/26 20:24:08 [error] 3393#3393: *149 open() "/usr/share/nginx/damine.tn/favicon.ico" failed (2: No such file or directory), client: 108.162.245.90, server: damine.tn, request: "GET /favicon.ico HTTP/1.1", host: "damine.tn"
2020/08/26 21:29:16 [error] 3393#3393: *157 open() "/usr/share/nginx/damine.tn/manual/en/mod/mod_ratelimit.html" failed (2: No such file or directory), client: 108.162.246.231, server: damine.tn, request: "GET /manual/en/mod/mod_ratelimit.html HTTP/1.1", host: "damine.tn"
2020/08/26 22:41:20 [error] 3393#3393: *167 open() "/usr/share/nginx/damine.tn/manual/en/mod/mod_reflector.html" failed (2: No such file or directory), client: 108.162.245.30, server: damine.tn, request: "GET /manual/en/mod/mod_reflector.html HTTP/1.1", host: "damine.tn"
2020/08/26 23:02:19 [error] 3392#3392: *170 open() "/usr/share/nginx/damine.tn/manual/ko/programs/htdigest.html" failed (2: No such file or directory), client: 162.158.107.29, server: damine.tn, request: "GET /manual/ko/programs/htdigest.html HTTP/1.1", host: "damine.tn"
2020/08/26 23:05:08 [error] 3392#3392: *172 open() "/usr/share/nginx/damine.tn/manual/en/mod/mod_autoindex.html" failed (2: No such file or directory), client: 108.162.245.98, server: damine.tn, request: "GET /manual/en/mod/mod_autoindex.html HTTP/1.1", host: "damine.tn"
2020/08/26 23:07:46 [error] 3392#3392: *174 open() "/usr/share/nginx/damine.tn/manual/en/mod/mod_authn_dbd.html" failed (2: No such file or directory), client: 108.162.245.126, server: damine.tn, request: "GET /manual/en/mod/mod_authn_dbd.html HTTP/1.1", host: "damine.tn"
2020/08/26 23:10:54 [error] 3392#3392: *176 open() "/usr/share/nginx/damine.tn/manual/ja/mod/mod_authz_dbd.html" failed (2: No such file or directory), client: 162.158.107.229, server: damine.tn, request: "GET /manual/ja/mod/mod_authz_dbd.html HTTP/1.1", host: "damine.tn"
2020/08/27 00:01:34 [error] 3393#3393: *187 open() "/usr/share/nginx/damine.tn/manual/en/mod/mod_authz_user.html" failed (2: No such file or directory), client: 162.158.106.184, server: damine.tn, request: "GET /manual/en/mod/mod_authz_user.html HTTP/1.1", host: "damine.tn"
2020/08/27 01:19:52 [error] 3393#3393: *192 open() "/usr/share/nginx/damine.tn/manual/zh-cn/platform/index.html" failed (2: No such file or directory), client: 108.162.245.140, server: damine.tn, request: "GET /manual/zh-cn/platform/index.html HTTP/1.1", host: "damine.tn"
2020/08/27 02:17:02 [error] 3392#3392: *201 open() "/usr/share/nginx/damine.tn/font/roboto/Roboto-Regular.woff2" failed (2: No such file or directory), client: 172.68.25.185, server: damine.tn, request: "GET /font/roboto/Roboto-Regular.woff2 HTTP/1.1", host: "www.damine.tn", referrer: "https://www.damine.tn/css/mdb.min.css"
2020/08/27 02:17:03 [error] 3392#3392: *202 open() "/usr/share/nginx/damine.tn/font/roboto/Roboto-Regular.woff" failed (2: No such file or directory), client: 172.68.24.132, server: damine.tn, request: "GET /font/roboto/Roboto-Regular.woff HTTP/1.1", host: "www.damine.tn", referrer: "https://www.damine.tn/css/mdb.min.css"
2020/08/27 02:17:04 [error] 3392#3392: *203 open() "/usr/share/nginx/damine.tn/font/roboto/Roboto-Regular.ttf" failed (2: No such file or directory), client: 172.68.25.195, server: damine.tn, request: "GET /font/roboto/Roboto-Regular.ttf HTTP/1.1", host: "www.damine.tn", referrer: "https://www.damine.tn/css/mdb.min.css"
2020/08/27 02:17:05 [error] 3392#3392: *205 open() "/usr/share/nginx/damine.tn/font/roboto/Roboto-Bold.woff2" failed (2: No such file or directory), client: 172.68.24.200, server: damine.tn, request: "GET /font/roboto/Roboto-Bold.woff2 HTTP/1.1", host: "www.damine.tn", referrer: "https://www.damine.tn/css/mdb.min.css"
2020/08/27 02:17:05 [error] 3392#3392: *208 open() "/usr/share/nginx/damine.tn/font/roboto/Roboto-Bold.woff" failed (2: No such file or directory), client: 172.68.24.148, server: damine.tn, request: "GET /font/roboto/Roboto-Bold.woff HTTP/1.1", host: "www.damine.tn", referrer: "https://www.damine.tn/css/mdb.min.css"
2020/08/27 02:17:06 [error] 3392#3392: *209 open() "/usr/share/nginx/damine.tn/font/roboto/Roboto-Bold.ttf" failed (2: No such file or directory), client: 172.68.24.114, server: damine.tn, request: "GET /font/roboto/Roboto-Bold.ttf HTTP/1.1", host: "www.damine.tn", referrer: "https://www.damine.tn/css/mdb.min.css"
2020/08/27 02:30:06 [error] 3392#3392: *213 open() "/usr/share/nginx/damine.tn/manual/en/mod/mod_authz_host.html" failed (2: No such file or directory), client: 108.162.245.146, server: damine.tn, request: "GET /manual/en/mod/mod_authz_host.html HTTP/1.1", host: "damine.tn"
2020/08/27 03:47:22 [error] 3392#3392: *216 open() "/usr/share/nginx/damine.tn/manual/ja/mod/mod_authz_user.html" failed (2: No such file or directory), client: 162.158.107.191, server: damine.tn, request: "GET /manual/ja/mod/mod_authz_user.html HTTP/1.1", host: "damine.tn"
2020/08/27 05:01:40 [error] 3392#3392: *227 open() "/usr/share/nginx/damine.tn/manual/ja/mod/mod_auth_digest.html" failed (2: No such file or directory), client: 162.158.106.142, server: damine.tn, request: "GET /manual/ja/mod/mod_auth_digest.html HTTP/1.1", host: "damine.tn"
2020/08/27 06:17:26 [error] 3392#3392: *232 open() "/usr/share/nginx/damine.tn/robots.txt" failed (2: No such file or directory), client: 108.162.246.165, server: damine.tn, request: "GET /robots.txt HTTP/1.1", host: "damine.tn"
2020/08/27 06:17:28 [error] 3392#3392: *234 open() "/usr/share/nginx/damine.tn/manual/ja/mod/mod_authnz_ldap.html" failed (2: No such file or directory), client: 162.158.106.82, server: damine.tn, request: "GET /manual/ja/mod/mod_authnz_ldap.html HTTP/1.1", host: "damine.tn"
2020/08/27 07:38:28 [error] 3392#3392: *240 open() "/usr/share/nginx/damine.tn/manual/es/content-negotiation.html" failed (2: No such file or directory), client: 162.158.107.225, server: damine.tn, request: "GET /manual/es/content-negotiation.html HTTP/1.1", host: "damine.tn"
2020/08/27 08:08:03 [error] 3392#3392: *243 open() "/usr/share/nginx/damine.tn/manual/pt-br/developer/modguide.html" failed (2: No such file or directory), client: 162.158.106.250, server: damine.tn, request: "GET /manual/pt-br/developer/modguide.html HTTP/1.1", host: "damine.tn"
2020/08/27 09:00:06 [error] 3392#3392: *247 open() "/usr/share/nginx/damine.tn/manual/ko/content-negotiation.html" failed (2: No such file or directory), client: 108.162.245.106, server: damine.tn, request: "GET /manual/ko/content-negotiation.html HTTP/1.1", host: "damine.tn"
2020/08/27 10:07:19 [error] 3392#3392: *252 open() "/usr/share/nginx/damine.tn/manual/en/dso.html" failed (2: No such file or directory), client: 108.162.245.86, server: damine.tn, request: "GET /manual/en/dso.html HTTP/1.1", host: "damine.tn"
2020/08/27 11:20:36 [error] 3392#3392: *259 open() "/usr/share/nginx/damine.tn/manual/ja/dso.html" failed (2: No such file or directory), client: 108.162.245.116, server: damine.tn, request: "GET /manual/ja/dso.html HTTP/1.1", host: "damine.tn"
2020/08/27 12:38:07 [error] 3392#3392: *267 open() "/usr/share/nginx/damine.tn/manual/tr/platform/win_compiling.html" failed (2: No such file or directory), client: 162.158.107.187, server: damine.tn, request: "GET /manual/tr/platform/win_compiling.html HTTP/1.1", host: "damine.tn"
2020/08/27 13:21:08 [error] 3393#3393: *283 open() "/usr/share/nginx/damine.tn/font/roboto/Roboto-Regular.woff2" failed (2: No such file or directory), client: 172.68.25.185, server: damine.tn, request: "GET /font/roboto/Roboto-Regular.woff2 HTTP/1.1", host: "www.damine.tn", referrer: "https://www.damine.tn/css/mdb.min.css"
2020/08/27 13:21:09 [error] 3393#3393: *284 open() "/usr/share/nginx/damine.tn/font/roboto/Roboto-Regular.woff" failed (2: No such file or directory), client: 172.68.24.132, server: damine.tn, request: "GET /font/roboto/Roboto-Regular.woff HTTP/1.1", host: "www.damine.tn", referrer: "https://www.damine.tn/css/mdb.min.css"
2020/08/27 13:21:10 [error] 3393#3393: *285 open() "/usr/share/nginx/damine.tn/font/roboto/Roboto-Regular.ttf" failed (2: No such file or directory), client: 172.68.25.195, server: damine.tn, request: "GET /font/roboto/Roboto-Regular.ttf HTTP/1.1", host: "www.damine.tn", referrer: "https://www.damine.tn/css/mdb.min.css"
2020/08/27 13:21:11 [error] 3393#3393: *288 open() "/usr/share/nginx/damine.tn/font/roboto/Roboto-Bold.woff2" failed (2: No such file or directory), client: 172.68.24.200, server: damine.tn, request: "GET /font/roboto/Roboto-Bold.woff2 HTTP/1.1", host: "www.damine.tn", referrer: "https://www.damine.tn/css/mdb.min.css"
2020/08/27 13:21:12 [error] 3393#3393: *289 open() "/usr/share/nginx/damine.tn/font/roboto/Roboto-Bold.woff" failed (2: No such file or directory), client: 172.68.24.148, server: damine.tn, request: "GET /font/roboto/Roboto-Bold.woff HTTP/1.1", host: "www.damine.tn", referrer: "https://www.damine.tn/css/mdb.min.css"
2020/08/27 13:21:13 [error] 3393#3393: *290 open() "/usr/share/nginx/damine.tn/font/roboto/Roboto-Bold.ttf" failed (2: No such file or directory), client: 172.68.24.114, server: damine.tn, request: "GET /font/roboto/Roboto-Bold.ttf HTTP/1.1", host: "www.damine.tn", referrer: "https://www.damine.tn/css/mdb.min.css"
2020/08/27 13:24:36 [error] 3393#3393: *294 open() "/usr/share/nginx/damine.tn/font/roboto/Roboto-Regular.woff2" failed (2: No such file or directory), client: 172.68.25.185, server: damine.tn, request: "GET /font/roboto/Roboto-Regular.woff2 HTTP/1.1", host: "www.damine.tn", referrer: "https://www.damine.tn/css/mdb.min.css"
2020/08/27 13:24:37 [error] 3393#3393: *295 open() "/usr/share/nginx/damine.tn/font/roboto/Roboto-Regular.woff" failed (2: No such file or directory), client: 172.68.24.132, server: damine.tn, request: "GET /font/roboto/Roboto-Regular.woff HTTP/1.1", host: "www.damine.tn", referrer: "https://www.damine.tn/css/mdb.min.css"
2020/08/27 13:24:38 [error] 3393#3393: *296 open() "/usr/share/nginx/damine.tn/font/roboto/Roboto-Regular.ttf" failed (2: No such file or directory), client: 172.68.25.195, server: damine.tn, request: "GET /font/roboto/Roboto-Regular.ttf HTTP/1.1", host: "www.damine.tn", referrer: "https://www.damine.tn/css/mdb.min.css"
2020/08/27 13:24:39 [error] 3393#3393: *297 open() "/usr/share/nginx/damine.tn/font/roboto/Roboto-Bold.woff2" failed (2: No such file or directory), client: 172.68.24.200, server: damine.tn, request: "GET /font/roboto/Roboto-Bold.woff2 HTTP/1.1", host: "www.damine.tn", referrer: "https://www.damine.tn/css/mdb.min.css"
2020/08/27 13:24:40 [error] 3393#3393: *298 open() "/usr/share/nginx/damine.tn/font/roboto/Roboto-Bold.woff" failed (2: No such file or directory), client: 172.68.24.148, server: damine.tn, request: "GET /font/roboto/Roboto-Bold.woff HTTP/1.1", host: "www.damine.tn", referrer: "https://www.damine.tn/css/mdb.min.css"
2020/08/27 13:24:41 [error] 3393#3393: *299 open() "/usr/share/nginx/damine.tn/font/roboto/Roboto-Bold.ttf" failed (2: No such file or directory), client: 172.68.24.114, server: damine.tn, request: "GET /font/roboto/Roboto-Bold.ttf HTTP/1.1", host: "www.damine.tn", referrer: "https://www.damine.tn/css/mdb.min.css"
2020/08/27 13:25:04 [error] 3393#3393: *300 open() "/usr/share/nginx/damine.tn/css/bootstrap.min.css.map" failed (2: No such file or directory), client: 172.68.24.96, server: damine.tn, request: "GET /css/bootstrap.min.css.map HTTP/1.1", host: "www.damine.tn"
2020/08/27 13:25:26 [error] 3393#3393: *300 open() "/usr/share/nginx/damine.tn/css/bootstrap.min.css.map" failed (2: No such file or directory), client: 172.68.24.96, server: damine.tn, request: "GET /css/bootstrap.min.css.map HTTP/1.1", host: "www.damine.tn"
2020/08/27 13:26:06 [error] 3392#3392: *303 open() "/usr/share/nginx/damine.tn/css/bootstrap.min.css.map" failed (2: No such file or directory), client: 172.68.24.96, server: damine.tn, request: "GET /css/bootstrap.min.css.map HTTP/1.1", host: "www.damine.tn"
2020/08/27 13:27:38 [error] 3392#3392: *305 open() "/usr/share/nginx/damine.tn/css/bootstrap.min.css.map" failed (2: No such file or directory), client: 172.68.24.96, server: damine.tn, request: "GET /css/bootstrap.min.css.map HTTP/1.1", host: "www.damine.tn"
2020/08/27 13:27:59 [error] 3392#3392: *307 open() "/usr/share/nginx/damine.tn/css/bootstrap.min.css.map" failed (2: No such file or directory), client: 172.68.24.96, server: damine.tn, request: "GET /css/bootstrap.min.css.map HTTP/1.1", host: "www.damine.tn"
2020/08/27 13:28:42 [error] 3392#3392: *309 open() "/usr/share/nginx/damine.tn/css/bootstrap.min.css.map" failed (2: No such file or directory), client: 172.68.24.144, server: damine.tn, request: "GET /css/bootstrap.min.css.map HTTP/1.1", host: "www.damine.tn"
2020/08/27 13:30:12 [error] 3392#3392: *317 open() "/usr/share/nginx/damine.tn/font/roboto/Roboto-Thin.eot" failed (2: No such file or directory), client: 172.68.24.202, server: damine.tn, request: "GET /font/roboto/Roboto-Thin.eot? HTTP/1.1", host: "damine.tn", referrer: "https://damine.tn/"
2020/08/27 13:30:12 [error] 3392#3392: *318 open() "/usr/share/nginx/damine.tn/font/roboto/Roboto-Medium.eot" failed (2: No such file or directory), client: 172.68.24.128, server: damine.tn, request: "GET /font/roboto/Roboto-Medium.eot? HTTP/1.1", host: "damine.tn", referrer: "https://damine.tn/"
2020/08/27 13:30:12 [error] 3392#3392: *319 open() "/usr/share/nginx/damine.tn/font/roboto/Roboto-Light.eot" failed (2: No such file or directory), client: 172.68.24.92, server: damine.tn, request: "GET /font/roboto/Roboto-Light.eot? HTTP/1.1", host: "damine.tn", referrer: "https://damine.tn/"
2020/08/27 13:30:12 [error] 3392#3392: *320 open() "/usr/share/nginx/damine.tn/font/roboto/Roboto-Bold.eot" failed (2: No such file or directory), client: 172.68.25.65, server: damine.tn, request: "GET /font/roboto/Roboto-Bold.eot? HTTP/1.1", host: "damine.tn", referrer: "https://damine.tn/"
2020/08/27 13:30:12 [error] 3392#3392: *321 open() "/usr/share/nginx/damine.tn/font/roboto/Roboto-Regular.eot" failed (2: No such file or directory), client: 172.68.25.39, server: damine.tn, request: "GET /font/roboto/Roboto-Regular.eot? HTTP/1.1", host: "damine.tn", referrer: "https://damine.tn/"
2020/08/27 13:30:13 [error] 3392#3392: *322 open() "/usr/share/nginx/damine.tn/font/roboto/Roboto-Thin.woff" failed (2: No such file or directory), client: 172.68.24.232, server: damine.tn, request: "GET /font/roboto/Roboto-Thin.woff HTTP/1.1", host: "damine.tn", referrer: "https://damine.tn/"
2020/08/27 13:30:13 [error] 3393#3393: *323 open() "/usr/share/nginx/damine.tn/font/roboto/Roboto-Bold.woff" failed (2: No such file or directory), client: 172.68.24.114, server: damine.tn, request: "GET /font/roboto/Roboto-Bold.woff HTTP/1.1", host: "damine.tn", referrer: "https://damine.tn/"
2020/08/27 13:30:13 [error] 3393#3393: *324 open() "/usr/share/nginx/damine.tn/font/roboto/Roboto-Regular.woff" failed (2: No such file or directory), client: 172.68.24.102, server: damine.tn, request: "GET /font/roboto/Roboto-Regular.woff HTTP/1.1", host: "damine.tn", referrer: "https://damine.tn/"
2020/08/27 13:30:13 [error] 3393#3393: *325 open() "/usr/share/nginx/damine.tn/font/roboto/Roboto-Medium.woff" failed (2: No such file or directory), client: 172.68.25.159, server: damine.tn, request: "GET /font/roboto/Roboto-Medium.woff HTTP/1.1", host: "damine.tn", referrer: "https://damine.tn/"
2020/08/27 13:30:13 [error] 3393#3393: *326 open() "/usr/share/nginx/damine.tn/font/roboto/Roboto-Light.woff" failed (2: No such file or directory), client: 172.68.24.22, server: damine.tn, request: "GET /font/roboto/Roboto-Light.woff HTTP/1.1", host: "damine.tn", referrer: "https://damine.tn/"
2020/08/27 13:30:14 [error] 3393#3393: *327 open() "/usr/share/nginx/damine.tn/font/roboto/Roboto-Thin.ttf" failed (2: No such file or directory), client: 172.68.24.96, server: damine.tn, request: "GET /font/roboto/Roboto-Thin.ttf HTTP/1.1", host: "damine.tn", referrer: "https://damine.tn/"
2020/08/27 13:30:14 [error] 3393#3393: *328 open() "/usr/share/nginx/damine.tn/font/roboto/Roboto-Regular.ttf" failed (2: No such file or directory), client: 172.68.25.137, server: damine.tn, request: "GET /font/roboto/Roboto-Regular.ttf HTTP/1.1", host: "damine.tn", referrer: "https://damine.tn/"
2020/08/27 13:30:14 [error] 3393#3393: *329 open() "/usr/share/nginx/damine.tn/font/roboto/Roboto-Bold.ttf" failed (2: No such file or directory), client: 172.68.24.58, server: damine.tn, request: "GET /font/roboto/Roboto-Bold.ttf HTTP/1.1", host: "damine.tn", referrer: "https://damine.tn/"
2020/08/27 13:30:14 [error] 3393#3393: *330 open() "/usr/share/nginx/damine.tn/font/roboto/Roboto-Medium.ttf" failed (2: No such file or directory), client: 172.68.24.170, server: damine.tn, request: "GET /font/roboto/Roboto-Medium.ttf HTTP/1.1", host: "damine.tn", referrer: "https://damine.tn/"
2020/08/27 13:30:14 [error] 3393#3393: *331 open() "/usr/share/nginx/damine.tn/font/roboto/Roboto-Light.ttf" failed (2: No such file or directory), client: 172.68.24.234, server: damine.tn, request: "GET /font/roboto/Roboto-Light.ttf HTTP/1.1", host: "damine.tn", referrer: "https://damine.tn/"
2020/08/27 13:31:07 [error] 3393#3393: *336 open() "/usr/share/nginx/damine.tn/font/roboto/Roboto-Light.eot" failed (2: No such file or directory), client: 172.68.24.92, server: damine.tn, request: "GET /font/roboto/Roboto-Light.eot? HTTP/1.1", host: "damine.tn", referrer: "https://damine.tn/"
2020/08/27 13:31:07 [error] 3393#3393: *337 open() "/usr/share/nginx/damine.tn/font/roboto/Roboto-Medium.eot" failed (2: No such file or directory), client: 172.68.24.128, server: damine.tn, request: "GET /font/roboto/Roboto-Medium.eot? HTTP/1.1", host: "damine.tn", referrer: "https://damine.tn/"
2020/08/27 13:31:07 [error] 3393#3393: *338 open() "/usr/share/nginx/damine.tn/font/roboto/Roboto-Bold.eot" failed (2: No such file or directory), client: 172.68.25.65, server: damine.tn, request: "GET /font/roboto/Roboto-Bold.eot? HTTP/1.1", host: "damine.tn", referrer: "https://damine.tn/"
2020/08/27 13:31:07 [error] 3393#3393: *339 open() "/usr/share/nginx/damine.tn/font/roboto/Roboto-Regular.eot" failed (2: No such file or directory), client: 172.68.25.39, server: damine.tn, request: "GET /font/roboto/Roboto-Regular.eot? HTTP/1.1", host: "damine.tn", referrer: "https://damine.tn/"
2020/08/27 13:31:07 [error] 3393#3393: *340 open() "/usr/share/nginx/damine.tn/font/roboto/Roboto-Thin.eot" failed (2: No such file or directory), client: 172.68.24.202, server: damine.tn, request: "GET /font/roboto/Roboto-Thin.eot? HTTP/1.1", host: "damine.tn", referrer: "https://damine.tn/"
2020/08/27 13:31:49 [error] 3393#3393: *342 open() "/usr/share/nginx/damine.tn/font/roboto/Roboto-Light.eot" failed (2: No such file or directory), client: 172.68.24.92, server: damine.tn, request: "GET /font/roboto/Roboto-Light.eot? HTTP/1.1", host: "damine.tn", referrer: "https://damine.tn/"
2020/08/27 13:31:49 [error] 3393#3393: *343 open() "/usr/share/nginx/damine.tn/font/roboto/Roboto-Thin.eot" failed (2: No such file or directory), client: 172.68.24.202, server: damine.tn, request: "GET /font/roboto/Roboto-Thin.eot? HTTP/1.1", host: "damine.tn", referrer: "https://damine.tn/"
2020/08/27 13:31:49 [error] 3393#3393: *344 open() "/usr/share/nginx/damine.tn/font/roboto/Roboto-Medium.eot" failed (2: No such file or directory), client: 172.68.24.128, server: damine.tn, request: "GET /font/roboto/Roboto-Medium.eot? HTTP/1.1", host: "damine.tn", referrer: "https://damine.tn/"
2020/08/27 13:31:49 [error] 3393#3393: *346 open() "/usr/share/nginx/damine.tn/font/roboto/Roboto-Bold.eot" failed (2: No such file or directory), client: 172.68.25.65, server: damine.tn, request: "GET /font/roboto/Roboto-Bold.eot? HTTP/1.1", host: "damine.tn", referrer: "https://damine.tn/"
2020/08/27 13:31:49 [error] 3393#3393: *345 open() "/usr/share/nginx/damine.tn/font/roboto/Roboto-Regular.eot" failed (2: No such file or directory), client: 172.68.25.39, server: damine.tn, request: "GET /font/roboto/Roboto-Regular.eot? HTTP/1.1", host: "damine.tn", referrer: "https://damine.tn/"
2020/08/27 13:34:08 [error] 3393#3393: *350 open() "/usr/share/nginx/damine.tn/font/roboto/Roboto-Regular.woff2" failed (2: No such file or directory), client: 172.68.25.185, server: damine.tn, request: "GET /font/roboto/Roboto-Regular.woff2 HTTP/1.1", host: "www.damine.tn", referrer: "https://www.damine.tn/css/mdb.min.css"
2020/08/27 13:34:09 [error] 3393#3393: *351 open() "/usr/share/nginx/damine.tn/font/roboto/Roboto-Regular.woff" failed (2: No such file or directory), client: 172.68.24.132, server: damine.tn, request: "GET /font/roboto/Roboto-Regular.woff HTTP/1.1", host: "www.damine.tn", referrer: "https://www.damine.tn/css/mdb.min.css"
2020/08/27 13:34:10 [error] 3393#3393: *352 open() "/usr/share/nginx/damine.tn/font/roboto/Roboto-Regular.ttf" failed (2: No such file or directory), client: 172.68.25.195, server: damine.tn, request: "GET /font/roboto/Roboto-Regular.ttf HTTP/1.1", host: "www.damine.tn", referrer: "https://www.damine.tn/css/mdb.min.css"
2020/08/27 13:34:11 [error] 3393#3393: *353 open() "/usr/share/nginx/damine.tn/font/roboto/Roboto-Bold.woff2" failed (2: No such file or directory), client: 172.68.24.200, server: damine.tn, request: "GET /font/roboto/Roboto-Bold.woff2 HTTP/1.1", host: "www.damine.tn", referrer: "https://www.damine.tn/css/mdb.min.css"
2020/08/27 13:34:12 [error] 3393#3393: *354 open() "/usr/share/nginx/damine.tn/font/roboto/Roboto-Bold.woff" failed (2: No such file or directory), client: 172.68.24.148, server: damine.tn, request: "GET /font/roboto/Roboto-Bold.woff HTTP/1.1", host: "www.damine.tn", referrer: "https://www.damine.tn/css/mdb.min.css"
2020/08/27 13:34:13 [error] 3393#3393: *355 open() "/usr/share/nginx/damine.tn/font/roboto/Roboto-Bold.ttf" failed (2: No such file or directory), client: 172.68.24.114, server: damine.tn, request: "GET /font/roboto/Roboto-Bold.ttf HTTP/1.1", host: "www.damine.tn", referrer: "https://www.damine.tn/css/mdb.min.css"
2020/08/27 13:52:10 [error] 3393#3393: *359 open() "/usr/share/nginx/damine.tn/manual/en/bind.html" failed (2: No such file or directory), client: 108.162.245.114, server: damine.tn, request: "GET /manual/en/bind.html HTTP/1.1", host: "damine.tn"
2020/08/27 15:07:57 [error] 3393#3393: *375 open() "/usr/share/nginx/damine.tn/manual/tr/bind.html" failed (2: No such file or directory), client: 108.162.245.76, server: damine.tn, request: "GET /manual/tr/bind.html HTTP/1.1", host: "damine.tn"
2020/08/27 16:28:05 [error] 3392#3392: *471 open() "/usr/share/nginx/damine.tn/manual/zh-cn/dso.html" failed (2: No such file or directory), client: 108.162.245.4, server: damine.tn, request: "GET /manual/zh-cn/dso.html HTTP/1.1", host: "damine.tn"
2020/08/27 17:39:31 [error] 3393#3393: *476 open() "/usr/share/nginx/damine.tn/manual/zh-cn/env.html" failed (2: No such file or directory), client: 162.158.107.143, server: damine.tn, request: "GET /manual/zh-cn/env.html HTTP/1.1", host: "damine.tn"
2020/08/27 18:56:59 [error] 3393#3393: *482 open() "/usr/share/nginx/damine.tn/robots.txt" failed (2: No such file or directory), client: 108.162.246.165, server: damine.tn, request: "GET /robots.txt HTTP/1.1", host: "damine.tn"
2020/08/27 18:57:00 [error] 3393#3393: *484 open() "/usr/share/nginx/damine.tn/manual/es/mod/core.html" failed (2: No such file or directory), client: 108.162.245.64, server: damine.tn, request: "GET /manual/es/mod/core.html HTTP/1.1", host: "damine.tn"
2020/08/27 20:11:05 [error] 3393#3393: *490 open() "/usr/share/nginx/damine.tn/manual/ja/ssl/index.html" failed (2: No such file or directory), client: 162.158.106.82, server: damine.tn, request: "GET /manual/ja/ssl/index.html HTTP/1.1", host: "damine.tn"
2020/08/27 21:11:56 [error] 3393#3393: *494 open() "/usr/share/nginx/damine.tn/manual/es/howto/cgi.html" failed (2: No such file or directory), client: 108.162.245.126, server: damine.tn, request: "GET /manual/es/howto/cgi.html HTTP/1.1", host: "damine.tn"
2020/08/27 21:14:20 [error] 3393#3393: *496 open() "/usr/share/nginx/damine.tn/manual/es/howto/ssi.html" failed (2: No such file or directory), client: 108.162.245.134, server: damine.tn, request: "GET /manual/es/howto/ssi.html HTTP/1.1", host: "damine.tn"
2020/08/27 21:17:23 [error] 3393#3393: *501 open() "/usr/share/nginx/damine.tn/manual/es/glossary.html" failed (2: No such file or directory), client: 108.162.245.84, server: damine.tn, request: "GET /manual/es/glossary.html HTTP/1.1", host: "damine.tn"
2020/08/27 21:20:19 [error] 3393#3393: *503 open() "/usr/share/nginx/damine.tn/manual/ja/mod/mod_so.html" failed (2: No such file or directory), client: 108.162.245.58, server: damine.tn, request: "GET /manual/ja/mod/mod_so.html HTTP/1.1", host: "damine.tn"
2020/08/27 21:26:53 [error] 3393#3393: *505 open() "/usr/share/nginx/damine.tn/manual/ko/mod/worker.html" failed (2: No such file or directory), client: 162.158.107.169, server: damine.tn, request: "GET /manual/ko/mod/worker.html HTTP/1.1", host: "damine.tn"
2020/08/27 21:46:16 [error] 3393#3393: *509 open() "/usr/share/nginx/damine.tn/manual/ko/mod/mod_so.html" failed (2: No such file or directory), client: 108.162.245.186, server: damine.tn, request: "GET /manual/ko/mod/mod_so.html HTTP/1.1", host: "damine.tn"
2020/08/27 23:00:25 [error] 3393#3393: *515 open() "/usr/share/nginx/damine.tn/robots.txt" failed (2: No such file or directory), client: 108.162.245.24, server: damine.tn, request: "GET /robots.txt HTTP/1.1", host: "www.damine.tn"
2020/08/27 23:02:07 [error] 3393#3393: *524 open() "/usr/share/nginx/damine.tn/manual/tr/howto/cgi.html" failed (2: No such file or directory), client: 162.158.107.229, server: damine.tn, request: "GET /manual/tr/howto/cgi.html HTTP/1.1", host: "damine.tn"
2020/08/27 23:02:11 [error] 3393#3393: *526 open() "/usr/share/nginx/damine.tn/favicon.ico" failed (2: No such file or directory), client: 162.158.107.17, server: damine.tn, request: "GET /favicon.ico HTTP/1.1", host: "www.damine.tn"
2020/08/27 23:55:59 [error] 3393#3393: *536 open() "/usr/share/nginx/damine.tn/favicon.ico" failed (2: No such file or directory), client: 162.158.107.17, server: damine.tn, request: "GET /favicon.ico HTTP/1.1", host: "www.damine.tn"
2020/08/28 00:17:51 [error] 3393#3393: *539 open() "/usr/share/nginx/damine.tn/manual/tr/howto/ssi.html" failed (2: No such file or directory), client: 108.162.246.201, server: damine.tn, request: "GET /manual/tr/howto/ssi.html HTTP/1.1", host: "damine.tn"
2020/08/28 01:36:14 [error] 3393#3393: *544 open() "/usr/share/nginx/damine.tn/manual/es/howto/auth.html" failed (2: No such file or directory), client: 162.158.107.65, server: damine.tn, request: "GET /manual/es/howto/auth.html HTTP/1.1", host: "damine.tn"
2020/08/28 02:49:25 [error] 3393#3393: *551 open() "/usr/share/nginx/damine.tn/manual/ko/howto/auth.html" failed (2: No such file or directory), client: 108.162.246.195, server: damine.tn, request: "GET /manual/ko/howto/auth.html HTTP/1.1", host: "damine.tn"
2020/08/28 03:46:15 [error] 3393#3393: *558 open() "/usr/share/nginx/damine.tn/font/roboto/Roboto-Regular.woff2" failed (2: No such file or directory), client: 172.68.25.185, server: damine.tn, request: "GET /font/roboto/Roboto-Regular.woff2 HTTP/1.1", host: "www.damine.tn", referrer: "https://www.damine.tn/css/mdb.min.css"
2020/08/28 03:46:15 [error] 3393#3393: *559 open() "/usr/share/nginx/damine.tn/font/roboto/Roboto-Regular.woff" failed (2: No such file or directory), client: 172.68.24.132, server: damine.tn, request: "GET /font/roboto/Roboto-Regular.woff HTTP/1.1", host: "www.damine.tn", referrer: "https://www.damine.tn/css/mdb.min.css"
2020/08/28 03:46:16 [error] 3393#3393: *560 open() "/usr/share/nginx/damine.tn/font/roboto/Roboto-Regular.ttf" failed (2: No such file or directory), client: 172.68.25.195, server: damine.tn, request: "GET /font/roboto/Roboto-Regular.ttf HTTP/1.1", host: "www.damine.tn", referrer: "https://www.damine.tn/css/mdb.min.css"
2020/08/28 03:46:17 [error] 3393#3393: *562 open() "/usr/share/nginx/damine.tn/font/roboto/Roboto-Bold.woff2" failed (2: No such file or directory), client: 172.68.24.200, server: damine.tn, request: "GET /font/roboto/Roboto-Bold.woff2 HTTP/1.1", host: "www.damine.tn", referrer: "https://www.damine.tn/css/mdb.min.css"
2020/08/28 03:46:18 [error] 3392#3392: *565 open() "/usr/share/nginx/damine.tn/font/roboto/Roboto-Bold.woff" failed (2: No such file or directory), client: 172.68.24.148, server: damine.tn, request: "GET /font/roboto/Roboto-Bold.woff HTTP/1.1", host: "www.damine.tn", referrer: "https://www.damine.tn/css/mdb.min.css"
2020/08/28 03:46:19 [error] 3392#3392: *566 open() "/usr/share/nginx/damine.tn/font/roboto/Roboto-Bold.ttf" failed (2: No such file or directory), client: 172.68.24.114, server: damine.tn, request: "GET /font/roboto/Roboto-Bold.ttf HTTP/1.1", host: "www.damine.tn", referrer: "https://www.damine.tn/css/mdb.min.css"
2020/08/28 04:07:07 [error] 3392#3392: *585 open() "/usr/share/nginx/damine.tn/manual/tr/howto/auth.html" failed (2: No such file or directory), client: 108.162.245.10, server: damine.tn, request: "GET /manual/tr/howto/auth.html HTTP/1.1", host: "damine.tn"
2020/08/28 05:20:59 [error] 3393#3393: *597 open() "/usr/share/nginx/damine.tn/manual/zh-cn/filter.html" failed (2: No such file or directory), client: 162.158.106.76, server: damine.tn, request: "GET /manual/zh-cn/filter.html HTTP/1.1", host: "damine.tn"
2020/08/28 06:36:59 [error] 3393#3393: *602 open() "/usr/share/nginx/damine.tn/manual/ja/howto/index.html" failed (2: No such file or directory), client: 162.158.106.178, server: damine.tn, request: "GET /manual/ja/howto/index.html HTTP/1.1", host: "damine.tn"
2020/08/28 07:52:32 [error] 3393#3393: *604 open() "/usr/share/nginx/damine.tn/robots.txt" failed (2: No such file or directory), client: 108.162.246.165, server: damine.tn, request: "GET /robots.txt HTTP/1.1", host: "damine.tn"
2020/08/28 07:52:34 [error] 3393#3393: *606 open() "/usr/share/nginx/damine.tn/manual/tr/howto/index.html" failed (2: No such file or directory), client: 162.158.106.220, server: damine.tn, request: "GET /manual/tr/howto/index.html HTTP/1.1", host: "damine.tn"
2020/08/28 09:08:20 [error] 3393#3393: *610 open() "/usr/share/nginx/damine.tn/manual/ko/mod/mod_ssl.html" failed (2: No such file or directory), client: 162.158.107.223, server: damine.tn, request: "GET /manual/ko/mod/mod_ssl.html HTTP/1.1", host: "damine.tn"
2020/08/28 10:25:57 [error] 3393#3393: *614 open() "/usr/share/nginx/damine.tn/manual/es/mod/mod_cgi.html" failed (2: No such file or directory), client: 108.162.245.82, server: damine.tn, request: "GET /manual/es/mod/mod_cgi.html HTTP/1.1", host: "damine.tn"
2020/08/28 11:39:54 [error] 3393#3393: *617 open() "/usr/share/nginx/damine.tn/manual/en/mod/mod_lua.html" failed (2: No such file or directory), client: 162.158.106.190, server: damine.tn, request: "GET /manual/en/mod/mod_lua.html HTTP/1.1", host: "damine.tn"
2020/08/28 12:23:40 [error] 3393#3393: *620 open() "/usr/share/nginx/damine.tn/wp-login.php" failed (2: No such file or directory), client: 108.162.229.148, server: damine.tn, request: "GET /wp-login.php HTTP/1.1", host: "damine.tn", referrer: "http://damine.tn/wp-login.php"
2020/08/28 12:55:41 [error] 3393#3393: *622 open() "/usr/share/nginx/damine.tn/manual/en/mod/mod_cgi.html" failed (2: No such file or directory), client: 108.162.245.78, server: damine.tn, request: "GET /manual/en/mod/mod_cgi.html HTTP/1.1", host: "damine.tn"
2020/08/28 14:11:28 [error] 3393#3393: *631 open() "/usr/share/nginx/damine.tn/manual/tr/vhosts/mass.html" failed (2: No such file or directory), client: 162.158.106.58, server: damine.tn, request: "GET /manual/tr/vhosts/mass.html HTTP/1.1", host: "damine.tn"
2020/08/28 15:17:55 [error] 694#694: *3 open() "/usr/share/nginx/damine.tn/wp-login.php" failed (2: No such file or directory), client: 162.158.126.144, server: damine.tn, request: "GET /wp-login.php HTTP/1.1", host: "www.damine.tn"
2020/08/28 15:18:45 [error] 694#694: *4 open() "/usr/share/nginx/damine.tn/robots.txt" failed (2: No such file or directory), client: 162.158.126.110, server: damine.tn, request: "GET /robots.txt HTTP/1.1", host: "www.damine.tn"
2020/08/28 15:27:15 [error] 694#694: *6 open() "/usr/share/nginx/damine.tn/manual/en/urlmapping.html" failed (2: No such file or directory), client: 108.162.245.68, server: damine.tn, request: "GET /manual/en/urlmapping.html HTTP/1.1", host: "damine.tn"
2020/08/28 16:43:02 [error] 695#695: *14 open() "/usr/share/nginx/damine.tn/manual/en/vhosts/index.html" failed (2: No such file or directory), client: 108.162.245.142, server: damine.tn, request: "GET /manual/en/vhosts/index.html HTTP/1.1", host: "damine.tn"
2020/08/28 17:58:49 [error] 695#695: *17 open() "/usr/share/nginx/damine.tn/manual/es/mod/mod_info.html" failed (2: No such file or directory), client: 108.162.245.36, server: damine.tn, request: "GET /manual/es/mod/mod_info.html HTTP/1.1", host: "damine.tn"
2020/08/28 17:59:20 [error] 695#695: *26 open() "/usr/share/nginx/damine.tn/robots.txt" failed (2: No such file or directory), client: 108.162.219.182, server: damine.tn, request: "GET /robots.txt HTTP/1.1", host: "damine.tn"
2020/08/28 19:14:46 [error] 695#695: *33 open() "/usr/share/nginx/damine.tn/manual/en/platform/rpm.html" failed (2: No such file or directory), client: 108.162.245.94, server: damine.tn, request: "GET /manual/en/platform/rpm.html HTTP/1.1", host: "damine.tn"
2020/08/28 20:30:22 [error] 694#694: *37 open() "/usr/share/nginx/damine.tn/robots.txt" failed (2: No such file or directory), client: 108.162.246.165, server: damine.tn, request: "GET /robots.txt HTTP/1.1", host: "damine.tn"
2020/08/28 20:30:24 [error] 694#694: *39 open() "/usr/share/nginx/damine.tn/manual/es/mod/mod_asis.html" failed (2: No such file or directory), client: 108.162.245.116, server: damine.tn, request: "GET /manual/es/mod/mod_asis.html HTTP/1.1", host: "damine.tn"
2020/08/28 21:20:43 [error] 694#694: *46 open() "/usr/share/nginx/damine.tn/manual/en/mod/mod_ident.html" failed (2: No such file or directory), client: 108.162.245.50, server: damine.tn, request: "GET /manual/en/mod/mod_ident.html HTTP/1.1", host: "damine.tn"
2020/08/28 21:25:45 [error] 694#694: *48 open() "/usr/share/nginx/damine.tn/manual/ja/mod/mod_isapi.html" failed (2: No such file or directory), client: 108.162.245.98, server: damine.tn, request: "GET /manual/ja/mod/mod_isapi.html HTTP/1.1", host: "damine.tn"
2020/08/28 21:27:32 [error] 694#694: *50 open() "/usr/share/nginx/damine.tn/manual/tr/rewrite/index.html" failed (2: No such file or directory), client: 162.158.107.131, server: damine.tn, request: "GET /manual/tr/rewrite/index.html HTTP/1.1", host: "damine.tn"
2020/08/28 21:29:15 [error] 694#694: *52 open() "/usr/share/nginx/damine.tn/manual/ko/mod/mod_alias.html" failed (2: No such file or directory), client: 162.158.106.250, server: damine.tn, request: "GET /manual/ko/mod/mod_alias.html HTTP/1.1", host: "damine.tn"
2020/08/28 21:31:40 [error] 694#694: *54 open() "/usr/share/nginx/damine.tn/manual/ja/developer/API.html" failed (2: No such file or directory), client: 162.158.106.88, server: damine.tn, request: "GET /manual/ja/developer/API.html HTTP/1.1", host: "damine.tn"
2020/08/28 22:24:28 [error] 694#694: *58 open() "/usr/share/nginx/damine.tn/manual/ko/mod/overrides.html" failed (2: No such file or directory), client: 108.162.245.4, server: damine.tn, request: "GET /manual/ko/mod/overrides.html HTTP/1.1", host: "damine.tn"
2020/08/28 23:39:12 [error] 694#694: *65 open() "/usr/share/nginx/damine.tn/manual/ja/mod/mod_alias.html" failed (2: No such file or directory), client: 162.158.107.207, server: damine.tn, request: "GET /manual/ja/mod/mod_alias.html HTTP/1.1", host: "damine.tn"
2020/08/29 00:54:59 [error] 695#695: *70 open() "/usr/share/nginx/damine.tn/manual/ja/programs/apxs.html" failed (2: No such file or directory), client: 162.158.107.125, server: damine.tn, request: "GET /manual/ja/programs/apxs.html HTTP/1.1", host: "damine.tn"
2020/08/29 19:45:41 [error] 694#694: *151 open() "/usr/share/nginx/damine.tn/robots.txt" failed (2: No such file or directory), client: 108.162.245.24, server: damine.tn, request: "GET /robots.txt HTTP/1.1", host: "www.damine.tn"
2020/08/29 19:49:07 [error] 695#695: *155 open() "/usr/share/nginx/damine.tn/favicon.ico" failed (2: No such file or directory), client: 162.158.107.17, server: damine.tn, request: "GET /favicon.ico HTTP/1.1", host: "www.damine.tn"
2020/08/29 21:55:45 [error] 695#695: *159 open() "/usr/share/nginx/damine.tn/favicon.ico" failed (2: No such file or directory), client: 162.158.107.17, server: damine.tn, request: "GET /favicon.ico HTTP/1.1", host: "www.damine.tn"
2020/08/29 21:57:01 [error] 695#695: *161 open() "/usr/share/nginx/damine.tn/robots.txt" failed (2: No such file or directory), client: 108.162.246.165, server: damine.tn, request: "GET /robots.txt HTTP/1.1", host: "damine.tn"
2020/08/29 21:57:05 [error] 695#695: *163 open() "/usr/share/nginx/damine.tn/manual/ko/mod/mod_dir.html" failed (2: No such file or directory), client: 108.162.246.243, server: damine.tn, request: "GET /manual/ko/mod/mod_dir.html HTTP/1.1", host: "damine.tn"
2020/08/29 22:00:56 [error] 695#695: *165 open() "/usr/share/nginx/damine.tn/manual/en/howto/index.html" failed (2: No such file or directory), client: 108.162.245.48, server: damine.tn, request: "GET /manual/en/howto/index.html HTTP/1.1", host: "damine.tn"
2020/08/29 22:03:50 [error] 695#695: *167 open() "/usr/share/nginx/damine.tn/manual/ja/mod/mod_cgi.html" failed (2: No such file or directory), client: 108.162.246.105, server: damine.tn, request: "GET /manual/ja/mod/mod_cgi.html HTTP/1.1", host: "damine.tn"
2020/08/29 22:06:05 [error] 695#695: *169 open() "/usr/share/nginx/damine.tn/manual/zh-cn/mod/core.html" failed (2: No such file or directory), client: 108.162.245.170, server: damine.tn, request: "GET /manual/zh-cn/mod/core.html HTTP/1.1", host: "damine.tn"
2020/08/29 22:08:23 [error] 695#695: *171 open() "/usr/share/nginx/damine.tn/manual/es/mod/mod_sed.html" failed (2: No such file or directory), client: 108.162.245.156, server: damine.tn, request: "GET /manual/es/mod/mod_sed.html HTTP/1.1", host: "damine.tn"
2020/08/29 22:11:35 [error] 695#695: *174 open() "/usr/share/nginx/damine.tn/manual/ko/mod/mod_cgi.html" failed (2: No such file or directory), client: 162.158.106.178, server: damine.tn, request: "GET /manual/ko/mod/mod_cgi.html HTTP/1.1", host: "damine.tn"
2020/08/29 22:14:24 [error] 695#695: *176 open() "/usr/share/nginx/damine.tn/manual/es/mod/mod_ssl.html" failed (2: No such file or directory), client: 108.162.245.70, server: damine.tn, request: "GET /manual/es/mod/mod_ssl.html HTTP/1.1", host: "damine.tn"
2020/08/29 22:20:32 [error] 695#695: *178 open() "/usr/share/nginx/damine.tn/manual/ko/mod/prefork.html" failed (2: No such file or directory), client: 108.162.246.183, server: damine.tn, request: "GET /manual/ko/mod/prefork.html HTTP/1.1", host: "damine.tn"
2020/08/29 23:10:58 [error] 695#695: *180 open() "/usr/share/nginx/damine.tn/manual/ja/mod/mod_dir.html" failed (2: No such file or directory), client: 108.162.245.120, server: damine.tn, request: "GET /manual/ja/mod/mod_dir.html HTTP/1.1", host: "damine.tn"
2020/08/30 00:26:45 [error] 694#694: *188 open() "/usr/share/nginx/damine.tn/manual/tr/urlmapping.html" failed (2: No such file or directory), client: 108.162.245.174, server: damine.tn, request: "GET /manual/tr/urlmapping.html HTTP/1.1", host: "damine.tn"
2020/08/30 01:42:35 [error] 694#694: *192 open() "/usr/share/nginx/damine.tn/manual/es/mod/mod_data.html" failed (2: No such file or directory), client: 108.162.245.70, server: damine.tn, request: "GET /manual/es/mod/mod_data.html HTTP/1.1", host: "damine.tn"
2020/08/30 02:58:36 [error] 694#694: *202 open() "/usr/share/nginx/damine.tn/manual/es/mod/mod_env.html" failed (2: No such file or directory), client: 108.162.245.130, server: damine.tn, request: "GET /manual/es/mod/mod_env.html HTTP/1.1", host: "damine.tn"
2020/08/30 04:17:02 [error] 694#694: *223 open() "/usr/share/nginx/damine.tn/manual/es/mod/mod_dir.html" failed (2: No such file or directory), client: 108.162.245.62, server: damine.tn, request: "GET /manual/es/mod/mod_dir.html HTTP/1.1", host: "damine.tn"
2020/08/30 05:29:54 [error] 694#694: *229 open() "/usr/share/nginx/damine.tn/manual/ja/ssl/ssl_faq.html" failed (2: No such file or directory), client: 108.162.245.36, server: damine.tn, request: "GET /manual/ja/ssl/ssl_faq.html HTTP/1.1", host: "damine.tn"
2020/08/30 06:47:38 [error] 694#694: *233 open() "/usr/share/nginx/damine.tn/manual/ja/mod/mod_mime.html" failed (2: No such file or directory), client: 108.162.246.195, server: damine.tn, request: "GET /manual/ja/mod/mod_mime.html HTTP/1.1", host: "damine.tn"
2020/08/30 08:01:28 [error] 695#695: *237 open() "/usr/share/nginx/damine.tn/manual/ko/vhosts/index.html" failed (2: No such file or directory), client: 108.162.246.201, server: damine.tn, request: "GET /manual/ko/vhosts/index.html HTTP/1.1", host: "damine.tn"
2020/08/30 09:17:32 [error] 695#695: *246 open() "/usr/share/nginx/damine.tn/manual/en/mod/mod_info.html" failed (2: No such file or directory), client: 108.162.245.34, server: damine.tn, request: "GET /manual/en/mod/mod_info.html HTTP/1.1", host: "damine.tn"
2020/08/30 10:33:01 [error] 695#695: *251 open() "/usr/share/nginx/damine.tn/robots.txt" failed (2: No such file or directory), client: 108.162.246.165, server: damine.tn, request: "GET /robots.txt HTTP/1.1", host: "damine.tn"
2020/08/30 10:33:03 [error] 695#695: *253 open() "/usr/share/nginx/damine.tn/manual/ko/mod/mod_info.html" failed (2: No such file or directory), client: 108.162.246.141, server: damine.tn, request: "GET /manual/ko/mod/mod_info.html HTTP/1.1", host: "damine.tn"
2020/08/30 11:48:49 [error] 695#695: *259 open() "/usr/share/nginx/damine.tn/manual/ja/vhosts/index.html" failed (2: No such file or directory), client: 162.158.106.232, server: damine.tn, request: "GET /manual/ja/vhosts/index.html HTTP/1.1", host: "damine.tn"
2020/08/30 13:09:44 [error] 695#695: *269 open() "/usr/share/nginx/damine.tn/manual/ja/mod/mod_asis.html" failed (2: No such file or directory), client: 108.162.245.108, server: damine.tn, request: "GET /manual/ja/mod/mod_asis.html HTTP/1.1", host: "damine.tn"
2020/08/30 14:20:23 [error] 695#695: *273 open() "/usr/share/nginx/damine.tn/manual/ko/mod/mod_ldap.html" failed (2: No such file or directory), client: 108.162.245.68, server: damine.tn, request: "GET /manual/ko/mod/mod_ldap.html HTTP/1.1", host: "damine.tn"
2020/08/30 15:39:04 [error] 695#695: *276 open() "/usr/share/nginx/damine.tn/manual/es/mod/mod_ldap.html" failed (2: No such file or directory), client: 108.162.245.84, server: damine.tn, request: "GET /manual/es/mod/mod_ldap.html HTTP/1.1", host: "damine.tn"
2020/08/30 15:44:25 [error] 694#694: *277 open() "/usr/share/nginx/damine.tn/robots.txt" failed (2: No such file or directory), client: 162.158.159.96, server: damine.tn, request: "GET /robots.txt HTTP/1.1", host: "www.damine.tn"
2020/08/30 16:51:57 [error] 694#694: *281 open() "/usr/share/nginx/damine.tn/manual/ja/mod/mod_info.html" failed (2: No such file or directory), client: 108.162.245.48, server: damine.tn, request: "GET /manual/ja/mod/mod_info.html HTTP/1.1", host: "damine.tn"
2020/08/30 18:11:53 [error] 694#694: *291 open() "/usr/share/nginx/damine.tn/manual/ko/mod/mod_mime.html" failed (2: No such file or directory), client: 162.158.75.78, server: damine.tn, request: "GET /manual/ko/mod/mod_mime.html HTTP/1.1", host: "damine.tn"
2020/08/30 18:44:36 [error] 695#695: *299 open() "/usr/share/nginx/damine.tn/manual/es/mod/mod_mime.html" failed (2: No such file or directory), client: 108.162.216.226, server: damine.tn, request: "GET /manual/es/mod/mod_mime.html HTTP/1.1", host: "damine.tn"
2020/08/30 18:49:17 [error] 694#694: *301 open() "/usr/share/nginx/damine.tn/manual/en/mod/mod_asis.html" failed (2: No such file or directory), client: 162.158.74.155, server: damine.tn, request: "GET /manual/en/mod/mod_asis.html HTTP/1.1", host: "damine.tn"
2020/08/30 18:54:27 [error] 694#694: *303 open() "/usr/share/nginx/damine.tn/manual/ko/mod/mod_cgid.html" failed (2: No such file or directory), client: 162.158.75.22, server: damine.tn, request: "GET /manual/ko/mod/mod_cgid.html HTTP/1.1", host: "damine.tn"
2020/08/30 18:57:28 [error] 694#694: *305 open() "/usr/share/nginx/damine.tn/manual/es/howto/access.html" failed (2: No such file or directory), client: 162.158.74.51, server: damine.tn, request: "GET /manual/es/howto/access.html HTTP/1.1", host: "damine.tn"
2020/08/30 19:00:34 [error] 694#694: *307 open() "/usr/share/nginx/damine.tn/manual/es/vhosts/index.html" failed (2: No such file or directory), client: 162.158.75.88, server: damine.tn, request: "GET /manual/es/vhosts/index.html HTTP/1.1", host: "damine.tn"
2020/08/30 19:41:59 [error] 694#694: *310 open() "/usr/share/nginx/damine.tn/manual/tr/dns-caveats.html" failed (2: No such file or directory), client: 162.158.75.96, server: damine.tn, request: "GET /manual/tr/dns-caveats.html HTTP/1.1", host: "damine.tn"
2020/08/30 20:49:35 [error] 695#695: *312 open() "/usr/share/nginx/damine.tn/manual/en/dns-caveats.html" failed (2: No such file or directory), client: 162.158.74.249, server: damine.tn, request: "GET /manual/en/dns-caveats.html HTTP/1.1", host: "damine.tn"
2020/08/30 22:09:24 [error] 694#694: *320 open() "/usr/share/nginx/damine.tn/manual/es/mod/mod_alias.html" failed (2: No such file or directory), client: 108.162.216.124, server: damine.tn, request: "GET /manual/es/mod/mod_alias.html HTTP/1.1", host: "damine.tn"
2020/08/30 23:20:10 [error] 694#694: *323 open() "/usr/share/nginx/damine.tn/robots.txt" failed (2: No such file or directory), client: 162.158.75.68, server: damine.tn, request: "GET /robots.txt HTTP/1.1", host: "damine.tn"
2020/08/30 23:20:11 [error] 695#695: *325 open() "/usr/share/nginx/damine.tn/manual/tr/rewrite/intro.html" failed (2: No such file or directory), client: 162.158.74.129, server: damine.tn, request: "GET /manual/tr/rewrite/intro.html HTTP/1.1", host: "damine.tn"
2020/08/31 00:38:56 [error] 695#695: *328 open() "/usr/share/nginx/damine.tn/manual/es/mod/mod_cache.html" failed (2: No such file or directory), client: 162.158.74.113, server: damine.tn, request: "GET /manual/es/mod/mod_cache.html HTTP/1.1", host: "damine.tn"
2020/08/31 01:51:45 [error] 695#695: *335 open() "/usr/share/nginx/damine.tn/manual/es/programs/apachectl.html" failed (2: No such file or directory), client: 108.162.216.220, server: damine.tn, request: "GET /manual/es/programs/apachectl.html HTTP/1.1", host: "damine.tn"
2020/08/31 03:07:31 [error] 694#694: *350 open() "/usr/share/nginx/damine.tn/manual/ko/mod/mod_authn_anon.html" failed (2: No such file or directory), client: 162.158.74.57, server: damine.tn, request: "GET /manual/ko/mod/mod_authn_anon.html HTTP/1.1", host: "damine.tn"
2020/08/31 04:26:45 [error] 695#695: *353 open() "/usr/share/nginx/damine.tn/manual/es/programs/configure.html" failed (2: No such file or directory), client: 108.162.216.62, server: damine.tn, request: "GET /manual/es/programs/configure.html HTTP/1.1", host: "damine.tn"
2020/08/31 05:39:06 [error] 695#695: *356 open() "/usr/share/nginx/damine.tn/manual/zh-cn/mod/mod_include.html" failed (2: No such file or directory), client: 108.162.216.150, server: damine.tn, request: "GET /manual/zh-cn/mod/mod_include.html HTTP/1.1", host: "damine.tn"
2020/08/31 06:56:40 [error] 695#695: *361 open() "/usr/share/nginx/damine.tn/manual/es/mod/mod_auth_basic.html" failed (2: No such file or directory), client: 162.158.74.67, server: damine.tn, request: "GET /manual/es/mod/mod_auth_basic.html HTTP/1.1", host: "damine.tn"
2020/08/31 08:10:40 [error] 695#695: *368 open() "/usr/share/nginx/damine.tn/manual/es/developer/API.html" failed (2: No such file or directory), client: 108.162.216.144, server: damine.tn, request: "GET /manual/es/developer/API.html HTTP/1.1", host: "damine.tn"
2020/08/31 09:27:59 [error] 695#695: *373 open() "/usr/share/nginx/damine.tn/manual/en/developer/API.html" failed (2: No such file or directory), client: 162.158.75.118, server: damine.tn, request: "GET /manual/en/developer/API.html HTTP/1.1", host: "damine.tn"
2020/08/31 10:42:14 [error] 694#694: *377 open() "/usr/share/nginx/damine.tn/manual/en/mod/mod_logio.html" failed (2: No such file or directory), client: 162.158.75.120, server: damine.tn, request: "GET /manual/en/mod/mod_logio.html HTTP/1.1", host: "damine.tn"
2020/08/31 11:58:00 [error] 694#694: *382 open() "/usr/share/nginx/damine.tn/robots.txt" failed (2: No such file or directory), client: 162.158.75.68, server: damine.tn, request: "GET /robots.txt HTTP/1.1", host: "damine.tn"
2020/08/31 11:58:01 [error] 694#694: *384 open() "/usr/share/nginx/damine.tn/manual/ko/mod/mod_isapi.html" failed (2: No such file or directory), client: 108.162.216.52, server: damine.tn, request: "GET /manual/ko/mod/mod_isapi.html HTTP/1.1", host: "damine.tn"
2020/08/31 13:16:55 [error] 695#695: *393 open() "/usr/share/nginx/damine.tn/manual/es/programs/apxs.html" failed (2: No such file or directory), client: 162.158.75.136, server: damine.tn, request: "GET /manual/es/programs/apxs.html HTTP/1.1", host: "damine.tn"
2020/08/31 13:47:13 [error] 695#695: *399 open() "/usr/share/nginx/damine.tn/robots.txt" failed (2: No such file or directory), client: 108.162.219.182, server: damine.tn, request: "GET /robots.txt HTTP/1.1", host: "damine.tn"
2020/08/31 14:29:35 [error] 695#695: *407 open() "/usr/share/nginx/damine.tn/manual/ko/programs/apxs.html" failed (2: No such file or directory), client: 162.158.75.116, server: damine.tn, request: "GET /manual/ko/programs/apxs.html HTTP/1.1", host: "damine.tn"
2020/08/31 15:46:48 [error] 695#695: *417 open() "/usr/share/nginx/damine.tn/manual/ko/mod/mod_proxy.html" failed (2: No such file or directory), client: 108.162.216.190, server: damine.tn, request: "GET /manual/ko/mod/mod_proxy.html HTTP/1.1", host: "damine.tn"
2020/08/31 17:01:09 [error] 695#695: *562 open() "/usr/share/nginx/damine.tn/manual/tr/custom-error.html" failed (2: No such file or directory), client: 162.158.75.68, server: damine.tn, request: "GET /manual/tr/custom-error.html HTTP/1.1", host: "damine.tn"
2020/08/31 18:16:55 [error] 694#694: *569 open() "/usr/share/nginx/damine.tn/manual/es/custom-error.html" failed (2: No such file or directory), client: 162.158.75.146, server: damine.tn, request: "GET /manual/es/custom-error.html HTTP/1.1", host: "damine.tn"
2020/08/31 18:40:41 [error] 695#695: *581 open() "/usr/share/nginx/damine.tn/font/roboto/Roboto-Regular.woff2" failed (2: No such file or directory), client: 162.158.111.173, server: damine.tn, request: "GET /font/roboto/Roboto-Regular.woff2 HTTP/1.1", host: "damine.tn", referrer: "https://damine.tn/css/mdb.min.css"
2020/08/31 18:40:41 [error] 695#695: *582 open() "/usr/share/nginx/damine.tn/font/roboto/Roboto-Regular.woff" failed (2: No such file or directory), client: 162.158.111.253, server: damine.tn, request: "GET /font/roboto/Roboto-Regular.woff HTTP/1.1", host: "damine.tn", referrer: "https://damine.tn/css/mdb.min.css"
2020/08/31 18:40:42 [error] 695#695: *583 open() "/usr/share/nginx/damine.tn/font/roboto/Roboto-Regular.ttf" failed (2: No such file or directory), client: 141.101.105.54, server: damine.tn, request: "GET /font/roboto/Roboto-Regular.ttf HTTP/1.1", host: "damine.tn", referrer: "https://damine.tn/css/mdb.min.css"
2020/08/31 18:40:46 [error] 695#695: *586 open() "/usr/share/nginx/damine.tn/font/roboto/Roboto-Bold.woff2" failed (2: No such file or directory), client: 141.101.76.206, server: damine.tn, request: "GET /font/roboto/Roboto-Bold.woff2 HTTP/1.1", host: "damine.tn", referrer: "https://damine.tn/css/mdb.min.css"
2020/08/31 18:40:46 [error] 695#695: *587 open() "/usr/share/nginx/damine.tn/font/roboto/Roboto-Bold.woff" failed (2: No such file or directory), client: 141.101.104.153, server: damine.tn, request: "GET /font/roboto/Roboto-Bold.woff HTTP/1.1", host: "damine.tn", referrer: "https://damine.tn/css/mdb.min.css"
2020/08/31 18:40:46 [error] 695#695: *588 open() "/usr/share/nginx/damine.tn/font/roboto/Roboto-Bold.ttf" failed (2: No such file or directory), client: 162.158.111.185, server: damine.tn, request: "GET /font/roboto/Roboto-Bold.ttf HTTP/1.1", host: "damine.tn", referrer: "https://damine.tn/css/mdb.min.css"
2020/08/31 18:42:59 [error] 695#695: *602 open() "/usr/share/nginx/damine.tn/font/roboto/Roboto-Regular.woff2" failed (2: No such file or directory), client: 108.162.229.182, server: damine.tn, request: "GET /font/roboto/Roboto-Regular.woff2 HTTP/1.1", host: "damine.tn", referrer: "https://damine.tn/css/mdb.min.css"
2020/08/31 18:42:59 [error] 695#695: *603 open() "/usr/share/nginx/damine.tn/font/roboto/Roboto-Regular.woff" failed (2: No such file or directory), client: 108.162.229.142, server: damine.tn, request: "GET /font/roboto/Roboto-Regular.woff HTTP/1.1", host: "damine.tn", referrer: "https://damine.tn/css/mdb.min.css"
2020/08/31 18:42:59 [error] 695#695: *604 open() "/usr/share/nginx/damine.tn/font/roboto/Roboto-Regular.ttf" failed (2: No such file or directory), client: 141.101.69.91, server: damine.tn, request: "GET /font/roboto/Roboto-Regular.ttf HTTP/1.1", host: "damine.tn", referrer: "https://damine.tn/css/mdb.min.css"
2020/08/31 18:43:02 [error] 695#695: *608 open() "/usr/share/nginx/damine.tn/font/roboto/Roboto-Bold.woff2" failed (2: No such file or directory), client: 108.162.229.6, server: damine.tn, request: "GET /font/roboto/Roboto-Bold.woff2 HTTP/1.1", host: "damine.tn", referrer: "https://damine.tn/css/mdb.min.css"
2020/08/31 18:43:02 [error] 695#695: *609 open() "/usr/share/nginx/damine.tn/font/roboto/Roboto-Bold.woff" failed (2: No such file or directory), client: 141.101.69.161, server: damine.tn, request: "GET /font/roboto/Roboto-Bold.woff HTTP/1.1", host: "damine.tn", referrer: "https://damine.tn/css/mdb.min.css"
2020/08/31 18:43:02 [error] 695#695: *610 open() "/usr/share/nginx/damine.tn/font/roboto/Roboto-Bold.ttf" failed (2: No such file or directory), client: 141.101.69.121, server: damine.tn, request: "GET /font/roboto/Roboto-Bold.ttf HTTP/1.1", host: "damine.tn", referrer: "https://damine.tn/css/mdb.min.css"
2020/08/31 18:43:14 [error] 695#695: *612 open() "/usr/share/nginx/damine.tn/favicon.ico" failed (2: No such file or directory), client: 108.162.229.24, server: damine.tn, request: "GET /favicon.ico HTTP/1.1", host: "damine.tn"
2020/08/31 18:52:05 [error] 695#695: *614 open() "/usr/share/nginx/damine.tn/font/roboto/Roboto-Regular.woff2" failed (2: No such file or directory), client: 108.162.229.182, server: damine.tn, request: "GET /font/roboto/Roboto-Regular.woff2 HTTP/1.1", host: "damine.tn", referrer: "https://damine.tn/css/mdb.min.css"
2020/08/31 18:52:05 [error] 695#695: *615 open() "/usr/share/nginx/damine.tn/font/roboto/Roboto-Bold.woff2" failed (2: No such file or directory), client: 108.162.229.6, server: damine.tn, request: "GET /font/roboto/Roboto-Bold.woff2 HTTP/1.1", host: "damine.tn", referrer: "https://damine.tn/css/mdb.min.css"
2020/08/31 18:52:05 [error] 695#695: *616 open() "/usr/share/nginx/damine.tn/font/roboto/Roboto-Regular.woff" failed (2: No such file or directory), client: 108.162.229.142, server: damine.tn, request: "GET /font/roboto/Roboto-Regular.woff HTTP/1.1", host: "damine.tn", referrer: "https://damine.tn/css/mdb.min.css"
2020/08/31 18:52:05 [error] 695#695: *617 open() "/usr/share/nginx/damine.tn/font/roboto/Roboto-Bold.woff" failed (2: No such file or directory), client: 141.101.69.161, server: damine.tn, request: "GET /font/roboto/Roboto-Bold.woff HTTP/1.1", host: "damine.tn", referrer: "https://damine.tn/css/mdb.min.css"
2020/08/31 18:52:05 [error] 695#695: *618 open() "/usr/share/nginx/damine.tn/font/roboto/Roboto-Regular.ttf" failed (2: No such file or directory), client: 141.101.69.91, server: damine.tn, request: "GET /font/roboto/Roboto-Regular.ttf HTTP/1.1", host: "damine.tn", referrer: "https://damine.tn/css/mdb.min.css"
2020/08/31 18:52:06 [error] 695#695: *619 open() "/usr/share/nginx/damine.tn/css/bootstrap.min.css.map" failed (2: No such file or directory), client: 108.162.229.248, server: damine.tn, request: "GET /css/bootstrap.min.css.map HTTP/1.1", host: "damine.tn"
2020/08/31 18:52:06 [error] 695#695: *621 open() "/usr/share/nginx/damine.tn/font/roboto/Roboto-Bold.ttf" failed (2: No such file or directory), client: 141.101.69.121, server: damine.tn, request: "GET /font/roboto/Roboto-Bold.ttf HTTP/1.1", host: "damine.tn", referrer: "https://damine.tn/css/mdb.min.css"
2020/08/31 19:06:36 [error] 695#695: *623 open() "/usr/share/nginx/damine.tn/manual/en/custom-error.html" failed (2: No such file or directory), client: 162.158.63.116, server: damine.tn, request: "GET /manual/en/custom-error.html HTTP/1.1", host: "damine.tn"
2020/08/31 19:09:12 [error] 695#695: *625 open() "/usr/share/nginx/damine.tn/manual/ko/mod/mod_dumpio.html" failed (2: No such file or directory), client: 108.162.219.224, server: damine.tn, request: "GET /manual/ko/mod/mod_dumpio.html HTTP/1.1", host: "damine.tn"
2020/08/31 19:11:34 [error] 695#695: *627 open() "/usr/share/nginx/damine.tn/manual/en/mod/mpm_common.html" failed (2: No such file or directory), client: 162.158.62.47, server: damine.tn, request: "GET /manual/en/mod/mpm_common.html HTTP/1.1", host: "damine.tn"
2020/08/31 19:14:24 [error] 695#695: *629 open() "/usr/share/nginx/damine.tn/manual/ko/howto/htaccess.html" failed (2: No such file or directory), client: 108.162.219.36, server: damine.tn, request: "GET /manual/ko/howto/htaccess.html HTTP/1.1", host: "damine.tn"
2020/08/31 19:17:14 [error] 695#695: *631 open() "/usr/share/nginx/damine.tn/manual/ko/platform/index.html" failed (2: No such file or directory), client: 162.158.62.85, server: damine.tn, request: "GET /manual/ko/platform/index.html HTTP/1.1", host: "damine.tn"
2020/08/31 19:36:36 [error] 694#694: *635 open() "/usr/share/nginx/damine.tn/manual/ja/howto/htaccess.html" failed (2: No such file or directory), client: 108.162.219.20, server: damine.tn, request: "GET /manual/ja/howto/htaccess.html HTTP/1.1", host: "damine.tn"
2020/08/31 19:47:58 [error] 694#694: *637 open() "/usr/share/nginx/damine.tn/robots.txt" failed (2: No such file or directory), client: 108.162.219.144, server: damine.tn, request: "GET /robots.txt HTTP/1.1", host: "www.damine.tn"
2020/08/31 19:49:18 [error] 695#695: *647 open() "/usr/share/nginx/damine.tn/favicon.ico" failed (2: No such file or directory), client: 173.245.52.61, server: damine.tn, request: "GET /favicon.ico HTTP/1.1", host: "www.damine.tn"
2020/08/31 20:52:23 [error] 695#695: *653 open() "/usr/share/nginx/damine.tn/manual/es/mod/directives.html" failed (2: No such file or directory), client: 173.245.52.169, server: damine.tn, request: "GET /manual/es/mod/directives.html HTTP/1.1", host: "damine.tn"
2020/08/31 21:06:42 [error] 694#694: *661 open() "/usr/share/nginx/damine.tn/font/roboto/Roboto-Regular.woff2" failed (2: No such file or directory), client: 162.158.224.148, server: damine.tn, request: "GET /font/roboto/Roboto-Regular.woff2 HTTP/1.1", host: "damine.tn", referrer: "https://damine.tn/css/mdb.min.css"
2020/08/31 21:06:43 [error] 694#694: *662 open() "/usr/share/nginx/damine.tn/font/roboto/Roboto-Regular.woff" failed (2: No such file or directory), client: 162.158.224.140, server: damine.tn, request: "GET /font/roboto/Roboto-Regular.woff HTTP/1.1", host: "damine.tn", referrer: "https://damine.tn/css/mdb.min.css"
2020/08/31 21:06:43 [error] 694#694: *663 open() "/usr/share/nginx/damine.tn/font/roboto/Roboto-Regular.ttf" failed (2: No such file or directory), client: 162.158.224.134, server: damine.tn, request: "GET /font/roboto/Roboto-Regular.ttf HTTP/1.1", host: "damine.tn", referrer: "https://damine.tn/css/mdb.min.css"
2020/08/31 21:06:45 [error] 694#694: *665 open() "/usr/share/nginx/damine.tn/font/roboto/Roboto-Bold.woff2" failed (2: No such file or directory), client: 162.158.224.138, server: damine.tn, request: "GET /font/roboto/Roboto-Bold.woff2 HTTP/1.1", host: "damine.tn", referrer: "https://damine.tn/css/mdb.min.css"
2020/08/31 21:06:46 [error] 694#694: *666 open() "/usr/share/nginx/damine.tn/font/roboto/Roboto-Bold.woff" failed (2: No such file or directory), client: 162.158.224.148, server: damine.tn, request: "GET /font/roboto/Roboto-Bold.woff HTTP/1.1", host: "damine.tn", referrer: "https://damine.tn/css/mdb.min.css"
2020/08/31 21:06:46 [error] 694#694: *666 open() "/usr/share/nginx/damine.tn/font/roboto/Roboto-Bold.ttf" failed (2: No such file or directory), client: 162.158.224.148, server: damine.tn, request: "GET /font/roboto/Roboto-Bold.ttf HTTP/1.1", host: "damine.tn", referrer: "https://damine.tn/css/mdb.min.css"
2020/08/31 21:56:03 [error] 694#694: *668 open() "/usr/share/nginx/damine.tn/favicon.ico" failed (2: No such file or directory), client: 173.245.52.61, server: damine.tn, request: "GET /favicon.ico HTTP/1.1", host: "www.damine.tn"
2020/08/31 22:11:08 [error] 695#695: *671 open() "/usr/share/nginx/damine.tn/manual/tr/vhosts/details.html" failed (2: No such file or directory), client: 162.158.63.208, server: damine.tn, request: "GET /manual/tr/vhosts/details.html HTTP/1.1", host: "damine.tn"
2020/08/31 23:04:39 [error] 695#695: *673 open() "/usr/share/nginx/damine.tn/robots.txt" failed (2: No such file or directory), client: 162.158.159.96, server: damine.tn, request: "GET /robots.txt HTTP/1.1", host: "www.damine.tn"
2020/08/31 23:27:36 [error] 695#695: *676 open() "/usr/share/nginx/damine.tn/manual/ko/mod/mod_status.html" failed (2: No such file or directory), client: 173.245.52.157, server: damine.tn, request: "GET /manual/ko/mod/mod_status.html HTTP/1.1", host: "damine.tn"
2020/09/01 00:39:45 [error] 694#694: *682 open() "/usr/share/nginx/damine.tn/robots.txt" failed (2: No such file or directory), client: 162.158.75.68, server: damine.tn, request: "GET /robots.txt HTTP/1.1", host: "damine.tn"
2020/09/01 00:39:46 [error] 694#694: *684 open() "/usr/share/nginx/damine.tn/manual/es/mod/mod_status.html" failed (2: No such file or directory), client: 162.158.75.106, server: damine.tn, request: "GET /manual/es/mod/mod_status.html HTTP/1.1", host: "damine.tn"
2020/09/01 02:00:36 [error] 694#694: *690 open() "/usr/share/nginx/damine.tn/manual/ja/programs/httpd.html" failed (2: No such file or directory), client: 162.158.75.94, server: damine.tn, request: "GET /manual/ja/programs/httpd.html HTTP/1.1", host: "damine.tn"
2020/09/01 03:11:20 [error] 695#695: *692 open() "/usr/share/nginx/damine.tn/manual/es/mod/mod_buffer.html" failed (2: No such file or directory), client: 108.162.219.182, server: damine.tn, request: "GET /manual/es/mod/mod_buffer.html HTTP/1.1", host: "damine.tn"
2020/09/01 03:31:52 [error] 695#695: *695 open() "/usr/share/nginx/damine.tn/robots.txt" failed (2: No such file or directory), client: 162.158.183.135, server: damine.tn, request: "GET /robots.txt HTTP/1.1", host: "damine.tn", referrer: "http://damine.tn/robots.txt"
2020/09/01 03:31:52 [error] 695#695: *697 open() "/usr/share/nginx/damine.tn/humans.txt" failed (2: No such file or directory), client: 162.158.183.217, server: damine.tn, request: "GET /humans.txt HTTP/1.1", host: "damine.tn", referrer: "http://damine.tn/humans.txt"
2020/09/01 03:31:52 [error] 695#695: *699 open() "/usr/share/nginx/damine.tn/ads.txt" failed (2: No such file or directory), client: 162.158.183.111, server: damine.tn, request: "GET /ads.txt HTTP/1.1", host: "damine.tn", referrer: "http://damine.tn/ads.txt"
2020/09/01 04:28:05 [error] 695#695: *707 open() "/usr/share/nginx/damine.tn/manual/ja/mod/mod_dav_fs.html" failed (2: No such file or directory), client: 162.158.63.148, server: damine.tn, request: "GET /manual/ja/mod/mod_dav_fs.html HTTP/1.1", host: "damine.tn"
2020/09/01 05:39:07 [error] 695#695: *725 open() "/usr/share/nginx/damine.tn/font/roboto/Roboto-Regular.woff2" failed (2: No such file or directory), client: 108.162.219.164, server: damine.tn, request: "GET /font/roboto/Roboto-Regular.woff2 HTTP/1.1", host: "damine.tn", referrer: "https://damine.tn/css/mdb.min.css"
2020/09/01 05:39:08 [error] 695#695: *726 open() "/usr/share/nginx/damine.tn/font/roboto/Roboto-Regular.woff" failed (2: No such file or directory), client: 162.158.62.7, server: damine.tn, request: "GET /font/roboto/Roboto-Regular.woff HTTP/1.1", host: "damine.tn", referrer: "https://damine.tn/css/mdb.min.css"
2020/09/01 05:39:09 [error] 695#695: *727 open() "/usr/share/nginx/damine.tn/font/roboto/Roboto-Regular.ttf" failed (2: No such file or directory), client: 108.162.219.138, server: damine.tn, request: "GET /font/roboto/Roboto-Regular.ttf HTTP/1.1", host: "damine.tn", referrer: "https://damine.tn/css/mdb.min.css"
2020/09/01 05:39:09 [error] 695#695: *729 open() "/usr/share/nginx/damine.tn/font/roboto/Roboto-Bold.woff2" failed (2: No such file or directory), client: 108.162.219.138, server: damine.tn, request: "GET /font/roboto/Roboto-Bold.woff2 HTTP/1.1", host: "damine.tn", referrer: "https://damine.tn/css/mdb.min.css"
2020/09/01 05:39:10 [error] 695#695: *731 open() "/usr/share/nginx/damine.tn/font/roboto/Roboto-Bold.woff" failed (2: No such file or directory), client: 108.162.219.146, server: damine.tn, request: "GET /font/roboto/Roboto-Bold.woff HTTP/1.1", host: "damine.tn", referrer: "https://damine.tn/css/mdb.min.css"
2020/09/01 05:39:11 [error] 695#695: *732 open() "/usr/share/nginx/damine.tn/font/roboto/Roboto-Bold.ttf" failed (2: No such file or directory), client: 162.158.62.177, server: damine.tn, request: "GET /font/roboto/Roboto-Bold.ttf HTTP/1.1", host: "damine.tn", referrer: "https://damine.tn/css/mdb.min.css"
2020/09/01 05:42:54 [error] 695#695: *739 open() "/usr/share/nginx/damine.tn/manual/es/platform/index.html" failed (2: No such file or directory), client: 162.158.74.49, server: damine.tn, request: "GET /manual/es/platform/index.html HTTP/1.1", host: "damine.tn"
2020/09/01 05:46:20 [error] 695#695: *747 open() "/usr/share/nginx/damine.tn/font/roboto/Roboto-Regular.woff2" failed (2: No such file or directory), client: 162.158.158.121, server: damine.tn, request: "GET /font/roboto/Roboto-Regular.woff2 HTTP/1.1", host: "www.damine.tn", referrer: "https://www.damine.tn/css/mdb.min.css"
2020/09/01 05:46:20 [error] 695#695: *748 open() "/usr/share/nginx/damine.tn/font/roboto/Roboto-Regular.woff" failed (2: No such file or directory), client: 141.101.98.22, server: damine.tn, request: "GET /font/roboto/Roboto-Regular.woff HTTP/1.1", host: "www.damine.tn", referrer: "https://www.damine.tn/css/mdb.min.css"
2020/09/01 05:46:20 [error] 695#695: *749 open() "/usr/share/nginx/damine.tn/font/roboto/Roboto-Regular.ttf" failed (2: No such file or directory), client: 162.158.154.233, server: damine.tn, request: "GET /font/roboto/Roboto-Regular.ttf HTTP/1.1", host: "www.damine.tn", referrer: "https://www.damine.tn/css/mdb.min.css"
2020/09/01 05:46:24 [error] 695#695: *751 open() "/usr/share/nginx/damine.tn/font/roboto/Roboto-Bold.woff2" failed (2: No such file or directory), client: 162.158.159.46, server: damine.tn, request: "GET /font/roboto/Roboto-Bold.woff2 HTTP/1.1", host: "www.damine.tn", referrer: "https://www.damine.tn/css/mdb.min.css"
2020/09/01 05:46:24 [error] 695#695: *753 open() "/usr/share/nginx/damine.tn/font/roboto/Roboto-Bold.woff" failed (2: No such file or directory), client: 162.158.158.231, server: damine.tn, request: "GET /font/roboto/Roboto-Bold.woff HTTP/1.1", host: "www.damine.tn", referrer: "https://www.damine.tn/css/mdb.min.css"
2020/09/01 05:46:24 [error] 695#695: *754 open() "/usr/share/nginx/damine.tn/font/roboto/Roboto-Bold.ttf" failed (2: No such file or directory), client: 162.158.159.34, server: damine.tn, request: "GET /font/roboto/Roboto-Bold.ttf HTTP/1.1", host: "www.damine.tn", referrer: "https://www.damine.tn/css/mdb.min.css"
2020/09/01 06:58:40 [error] 694#694: *761 open() "/usr/share/nginx/damine.tn/manual/ja/mod/mpm_common.html" failed (2: No such file or directory), client: 108.162.216.220, server: damine.tn, request: "GET /manual/ja/mod/mpm_common.html HTTP/1.1", host: "damine.tn"
2020/09/01 08:16:13 [error] 694#694: *765 open() "/usr/share/nginx/damine.tn/manual/ja/ssl/ssl_compat.html" failed (2: No such file or directory), client: 162.158.74.95, server: damine.tn, request: "GET /manual/ja/ssl/ssl_compat.html HTTP/1.1", host: "damine.tn"
2020/09/01 09:30:16 [error] 695#695: *770 open() "/usr/share/nginx/damine.tn/manual/ko/mod/mpm_common.html" failed (2: No such file or directory), client: 162.158.75.138, server: damine.tn, request: "GET /manual/ko/mod/mpm_common.html HTTP/1.1", host: "damine.tn"
2020/09/01 10:46:44 [error] 694#694: *774 open() "/usr/share/nginx/damine.tn/manual/es/mod/mod_policy.html" failed (2: No such file or directory), client: 162.158.74.227, server: damine.tn, request: "GET /manual/es/mod/mod_policy.html HTTP/1.1", host: "damine.tn"
2020/09/01 12:01:50 [error] 694#694: *780 open() "/usr/share/nginx/damine.tn/manual/zh-cn/mod/mod_cgi.html" failed (2: No such file or directory), client: 162.158.74.161, server: damine.tn, request: "GET /manual/zh-cn/mod/mod_cgi.html HTTP/1.1", host: "damine.tn"
2020/09/01 13:17:36 [error] 694#694: *786 open() "/usr/share/nginx/damine.tn/robots.txt" failed (2: No such file or directory), client: 162.158.75.68, server: damine.tn, request: "GET /robots.txt HTTP/1.1", host: "damine.tn"
2020/09/01 13:17:37 [error] 694#694: *788 open() "/usr/share/nginx/damine.tn/manual/es/howto/htaccess.html" failed (2: No such file or directory), client: 108.162.216.184, server: damine.tn, request: "GET /manual/es/howto/htaccess.html HTTP/1.1", host: "damine.tn"
2020/09/01 14:38:25 [error] 694#694: *801 open() "/usr/share/nginx/damine.tn/manual/es/mod/mpm_common.html" failed (2: No such file or directory), client: 108.162.216.222, server: damine.tn, request: "GET /manual/es/mod/mpm_common.html HTTP/1.1", host: "damine.tn"
2020/09/01 15:49:11 [error] 695#695: *805 open() "/usr/share/nginx/damine.tn/manual/ja/platform/index.html" failed (2: No such file or directory), client: 162.158.75.136, server: damine.tn, request: "GET /manual/ja/platform/index.html HTTP/1.1", host: "damine.tn"
2020/09/01 17:07:48 [error] 694#694: *830 open() "/usr/share/nginx/damine.tn/manual/zh-cn/mod/mod_info.html" failed (2: No such file or directory), client: 162.158.63.142, server: damine.tn, request: "GET /manual/zh-cn/mod/mod_info.html HTTP/1.1", host: "damine.tn"
2020/09/01 18:20:45 [error] 695#695: *835 open() "/usr/share/nginx/damine.tn/manual/es/mod/mod_deflate.html" failed (2: No such file or directory), client: 162.158.62.83, server: damine.tn, request: "GET /manual/es/mod/mod_deflate.html HTTP/1.1", host: "damine.tn"
2020/09/01 18:32:00 [error] 695#695: *837 open() "/usr/share/nginx/damine.tn/wp-login.php" failed (2: No such file or directory), client: 162.158.126.122, server: damine.tn, request: "GET /wp-login.php HTTP/1.1", host: "damine.tn", referrer: "http://damine.tn/wp-login.php"
2020/09/01 19:37:47 [error] 694#694: *847 open() "/usr/share/nginx/damine.tn/manual/es/mod/mod_filter.html" failed (2: No such file or directory), client: 162.158.62.55, server: damine.tn, request: "GET /manual/es/mod/mod_filter.html HTTP/1.1", host: "damine.tn"
2020/09/01 19:41:42 [error] 694#694: *850 open() "/usr/share/nginx/damine.tn/manual/es/mod/mod_version.html" failed (2: No such file or directory), client: 162.158.63.124, server: damine.tn, request: "GET /manual/es/mod/mod_version.html HTTP/1.1", host: "damine.tn"
2020/09/01 19:45:12 [error] 694#694: *852 open() "/usr/share/nginx/damine.tn/manual/ja/mod/mod_actions.html" failed (2: No such file or directory), client: 162.158.63.166, server: damine.tn, request: "GET /manual/ja/mod/mod_actions.html HTTP/1.1", host: "damine.tn"
2020/09/01 19:49:33 [error] 694#694: *855 open() "/usr/share/nginx/damine.tn/manual/zh-cn/vhosts/index.html" failed (2: No such file or directory), client: 173.245.52.195, server: damine.tn, request: "GET /manual/zh-cn/vhosts/index.html HTTP/1.1", host: "damine.tn"
2020/09/01 19:54:28 [error] 694#694: *859 open() "/usr/share/nginx/damine.tn/manual/es/mod/mod_request.html" failed (2: No such file or directory), client: 162.158.62.235, server: damine.tn, request: "GET /manual/es/mod/mod_request.html HTTP/1.1", host: "damine.tn"
2020/09/01 20:17:16 [error] 694#694: *868 open() "/usr/share/nginx/damine.tn/manual/es/programs/suexec.html" failed (2: No such file or directory), client: 162.158.63.112, server: damine.tn, request: "GET /manual/es/programs/suexec.html HTTP/1.1", host: "damine.tn"
2020/09/01 21:03:14 [error] 694#694: *874 open() "/usr/share/nginx/damine.tn/favicon.ico" failed (2: No such file or directory), client: 162.158.63.142, server: damine.tn, request: "GET /favicon.ico HTTP/1.1", host: "damine.tn"
2020/09/01 21:33:03 [error] 694#694: *876 open() "/usr/share/nginx/damine.tn/manual/ko/mod/mod_rewrite.html" failed (2: No such file or directory), client: 162.158.63.238, server: damine.tn, request: "GET /manual/ko/mod/mod_rewrite.html HTTP/1.1", host: "damine.tn"
2020/09/01 22:23:07 [error] 694#694: *880 open() "/usr/share/nginx/damine.tn/favicon.ico" failed (2: No such file or directory), client: 162.158.63.142, server: damine.tn, request: "GET /favicon.ico HTTP/1.1", host: "damine.tn"
2020/09/01 22:48:50 [error] 695#695: *882 open() "/usr/share/nginx/damine.tn/manual/tr/vhosts/ip-based.html" failed (2: No such file or directory), client: 173.245.52.139, server: damine.tn, request: "GET /manual/tr/vhosts/ip-based.html HTTP/1.1", host: "damine.tn"
2020/09/02 00:07:54 [error] 695#695: *889 open() "/usr/share/nginx/damine.tn/manual/zh-cn/mod/mod_mime.html" failed (2: No such file or directory), client: 108.162.219.14, server: damine.tn, request: "GET /manual/zh-cn/mod/mod_mime.html HTTP/1.1", host: "damine.tn"
2020/09/02 01:20:24 [error] 694#694: *896 open() "/usr/share/nginx/damine.tn/robots.txt" failed (2: No such file or directory), client: 108.162.219.182, server: damine.tn, request: "GET /robots.txt HTTP/1.1", host: "damine.tn"
2020/09/02 01:20:26 [error] 694#694: *897 open() "/usr/share/nginx/damine.tn/manual/ja/mod/mod_include.html" failed (2: No such file or directory), client: 162.158.63.214, server: damine.tn, request: "GET /manual/ja/mod/mod_include.html HTTP/1.1", host: "damine.tn"
2020/09/02 01:49:18 [error] 694#694: *898 open() "/usr/share/nginx/damine.tn/robots.txt" failed (2: No such file or directory), client: 162.158.159.96, server: damine.tn, request: "GET /robots.txt HTTP/1.1", host: "www.damine.tn"
2020/09/02 02:36:12 [error] 694#694: *901 open() "/usr/share/nginx/damine.tn/manual/ko/mod/mod_speling.html" failed (2: No such file or directory), client: 162.158.107.195, server: damine.tn, request: "GET /manual/ko/mod/mod_speling.html HTTP/1.1", host: "damine.tn"
2020/09/02 03:51:59 [error] 694#694: *909 open() "/usr/share/nginx/damine.tn/manual/tr/developer/index.html" failed (2: No such file or directory), client: 162.158.106.232, server: damine.tn, request: "GET /manual/tr/developer/index.html HTTP/1.1", host: "damine.tn"
2020/09/02 05:07:46 [error] 694#694: *916 open() "/usr/share/nginx/damine.tn/manual/en/mod/mod_version.html" failed (2: No such file or directory), client: 162.158.106.82, server: damine.tn, request: "GET /manual/en/mod/mod_version.html HTTP/1.1", host: "damine.tn"
2020/09/02 06:26:16 [error] 694#694: *928 open() "/usr/share/nginx/damine.tn/manual/ko/mod/mod_headers.html" failed (2: No such file or directory), client: 162.158.107.165, server: damine.tn, request: "GET /manual/ko/mod/mod_headers.html HTTP/1.1", host: "damine.tn"
2020/09/02 07:39:20 [error] 695#695: *934 open() "/usr/share/nginx/damine.tn/manual/es/mod/mod_headers.html" failed (2: No such file or directory), client: 162.158.106.148, server: damine.tn, request: "GET /manual/es/mod/mod_headers.html HTTP/1.1", host: "damine.tn"
2020/09/02 08:57:07 [error] 695#695: *938 open() "/usr/share/nginx/damine.tn/manual/ko/mod/mod_include.html" failed (2: No such file or directory), client: 108.162.245.46, server: damine.tn, request: "GET /manual/ko/mod/mod_include.html HTTP/1.1", host: "damine.tn"
2020/09/02 10:10:54 [error] 695#695: *946 open() "/usr/share/nginx/damine.tn/manual/ko/programs/suexec.html" failed (2: No such file or directory), client: 108.162.245.100, server: damine.tn, request: "GET /manual/ko/programs/suexec.html HTTP/1.1", host: "damine.tn"
2020/09/02 11:27:13 [error] 694#694: *952 open() "/usr/share/nginx/damine.tn/manual/ja/mod/mod_rewrite.html" failed (2: No such file or directory), client: 162.158.106.166, server: damine.tn, request: "GET /manual/ja/mod/mod_rewrite.html HTTP/1.1", host: "damine.tn"
2020/09/02 12:42:28 [error] 695#695: *957 open() "/usr/share/nginx/damine.tn/manual/zh-cn/mod/mod_asis.html" failed (2: No such file or directory), client: 108.162.245.174, server: damine.tn, request: "GET /manual/zh-cn/mod/mod_asis.html HTTP/1.1", host: "damine.tn"
2020/09/02 13:01:25 [error] 695#695: *960 open() "/usr/share/nginx/damine.tn/manual/tr/mod/index.html" failed (2: No such file or directory), client: 162.158.106.154, server: damine.tn, request: "GET /manual/tr/mod/index.html HTTP/1.1", host: "damine.tn"
2020/09/02 13:58:14 [error] 694#694: *963 open() "/usr/share/nginx/damine.tn/robots.txt" failed (2: No such file or directory), client: 108.162.246.165, server: damine.tn, request: "GET /robots.txt HTTP/1.1", host: "damine.tn"
2020/09/02 13:58:16 [error] 694#694: *965 open() "/usr/share/nginx/damine.tn/manual/es/mod/module-dict.html" failed (2: No such file or directory), client: 108.162.245.16, server: damine.tn, request: "GET /manual/es/mod/module-dict.html HTTP/1.1", host: "damine.tn"
2020/09/02 15:18:10 [error] 694#694: *975 open() "/usr/share/nginx/damine.tn/manual/es/mod/mod_actions.html" failed (2: No such file or directory), client: 162.158.106.184, server: damine.tn, request: "GET /manual/es/mod/mod_actions.html HTTP/1.1", host: "damine.tn"
2020/09/02 16:29:49 [error] 694#694: *1000 open() "/usr/share/nginx/damine.tn/manual/ja/mod/mod_headers.html" failed (2: No such file or directory), client: 162.158.107.219, server: damine.tn, request: "GET /manual/ja/mod/mod_headers.html HTTP/1.1", host: "damine.tn"
2020/09/02 17:49:53 [error] 694#694: *1012 open() "/usr/share/nginx/damine.tn/manual/es/mod/mod_rewrite.html" failed (2: No such file or directory), client: 162.158.106.40, server: damine.tn, request: "GET /manual/es/mod/mod_rewrite.html HTTP/1.1", host: "damine.tn"
2020/09/02 19:01:23 [error] 694#694: *1017 open() "/usr/share/nginx/damine.tn/manual/es/mod/mod_include.html" failed (2: No such file or directory), client: 162.158.107.101, server: damine.tn, request: "GET /manual/es/mod/mod_include.html HTTP/1.1", host: "damine.tn"
2020/09/02 20:17:25 [error] 695#695: *1028 open() "/usr/share/nginx/damine.tn/manual/en/mod/mod_actions.html" failed (2: No such file or directory), client: 108.162.245.166, server: damine.tn, request: "GET /manual/en/mod/mod_actions.html HTTP/1.1", host: "damine.tn"
2020/09/02 20:17:44 [error] 695#695: *1035 open() "/usr/share/nginx/damine.tn/wp-includes/wlwmanifest.xml" failed (2: No such file or directory), client: 162.158.62.71, server: damine.tn, request: "GET //wp-includes/wlwmanifest.xml HTTP/1.1", host: "damine.tn"
2020/09/02 20:17:45 [error] 695#695: *1033 open() "/usr/share/nginx/damine.tn/xmlrpc.php" failed (2: No such file or directory), client: 162.158.62.71, server: damine.tn, request: "GET //xmlrpc.php?rsd HTTP/1.1", host: "damine.tn"
2020/09/02 20:17:45 [error] 695#695: *1037 open() "/usr/share/nginx/damine.tn/blog/wp-includes/wlwmanifest.xml" failed (2: No such file or directory), client: 162.158.62.71, server: damine.tn, request: "GET //blog/wp-includes/wlwmanifest.xml HTTP/1.1", host: "damine.tn"
2020/09/02 20:17:45 [error] 695#695: *1033 open() "/usr/share/nginx/damine.tn/web/wp-includes/wlwmanifest.xml" failed (2: No such file or directory), client: 162.158.62.71, server: damine.tn, request: "GET //web/wp-includes/wlwmanifest.xml HTTP/1.1", host: "damine.tn"
2020/09/02 20:17:45 [error] 695#695: *1037 open() "/usr/share/nginx/damine.tn/wordpress/wp-includes/wlwmanifest.xml" failed (2: No such file or directory), client: 162.158.62.71, server: damine.tn, request: "GET //wordpress/wp-includes/wlwmanifest.xml HTTP/1.1", host: "damine.tn"
2020/09/02 20:17:45 [error] 695#695: *1037 open() "/usr/share/nginx/damine.tn/website/wp-includes/wlwmanifest.xml" failed (2: No such file or directory), client: 162.158.62.71, server: damine.tn, request: "GET //website/wp-includes/wlwmanifest.xml HTTP/1.1", host: "damine.tn"
2020/09/02 20:17:46 [error] 695#695: *1033 open() "/usr/share/nginx/damine.tn/wp/wp-includes/wlwmanifest.xml" failed (2: No such file or directory), client: 162.158.62.71, server: damine.tn, request: "GET //wp/wp-includes/wlwmanifest.xml HTTP/1.1", host: "damine.tn"
2020/09/02 20:17:46 [error] 695#695: *1039 open() "/usr/share/nginx/damine.tn/news/wp-includes/wlwmanifest.xml" failed (2: No such file or directory), client: 162.158.62.71, server: damine.tn, request: "GET //news/wp-includes/wlwmanifest.xml HTTP/1.1", host: "damine.tn"
2020/09/02 20:17:46 [error] 695#695: *1033 open() "/usr/share/nginx/damine.tn/2018/wp-includes/wlwmanifest.xml" failed (2: No such file or directory), client: 162.158.62.71, server: damine.tn, request: "GET //2018/wp-includes/wlwmanifest.xml HTTP/1.1", host: "damine.tn"
2020/09/02 20:17:46 [error] 695#695: *1033 open() "/usr/share/nginx/damine.tn/2019/wp-includes/wlwmanifest.xml" failed (2: No such file or directory), client: 162.158.62.71, server: damine.tn, request: "GET //2019/wp-includes/wlwmanifest.xml HTTP/1.1", host: "damine.tn"
2020/09/02 20:17:47 [error] 695#695: *1041 open() "/usr/share/nginx/damine.tn/shop/wp-includes/wlwmanifest.xml" failed (2: No such file or directory), client: 162.158.62.71, server: damine.tn, request: "GET //shop/wp-includes/wlwmanifest.xml HTTP/1.1", host: "damine.tn"
2020/09/02 20:17:47 [error] 695#695: *1033 open() "/usr/share/nginx/damine.tn/wp1/wp-includes/wlwmanifest.xml" failed (2: No such file or directory), client: 162.158.62.71, server: damine.tn, request: "GET //wp1/wp-includes/wlwmanifest.xml HTTP/1.1", host: "damine.tn"
2020/09/02 20:17:47 [error] 695#695: *1044 open() "/usr/share/nginx/damine.tn/test/wp-includes/wlwmanifest.xml" failed (2: No such file or directory), client: 162.158.62.71, server: damine.tn, request: "GET //test/wp-includes/wlwmanifest.xml HTTP/1.1", host: "damine.tn"
2020/09/02 20:17:47 [error] 695#695: *1037 open() "/usr/share/nginx/damine.tn/media/wp-includes/wlwmanifest.xml" failed (2: No such file or directory), client: 162.158.62.71, server: damine.tn, request: "GET //media/wp-includes/wlwmanifest.xml HTTP/1.1", host: "damine.tn"
2020/09/02 20:17:47 [error] 695#695: *1044 open() "/usr/share/nginx/damine.tn/wp2/wp-includes/wlwmanifest.xml" failed (2: No such file or directory), client: 162.158.62.71, server: damine.tn, request: "GET //wp2/wp-includes/wlwmanifest.xml HTTP/1.1", host: "damine.tn"
2020/09/02 20:17:48 [error] 695#695: *1044 open() "/usr/share/nginx/damine.tn/site/wp-includes/wlwmanifest.xml" failed (2: No such file or directory), client: 162.158.62.71, server: damine.tn, request: "GET //site/wp-includes/wlwmanifest.xml HTTP/1.1", host: "damine.tn"
2020/09/02 20:17:48 [error] 695#695: *1045 open() "/usr/share/nginx/damine.tn/cms/wp-includes/wlwmanifest.xml" failed (2: No such file or directory), client: 162.158.62.71, server: damine.tn, request: "GET //cms/wp-includes/wlwmanifest.xml HTTP/1.1", host: "damine.tn"
2020/09/02 20:17:48 [error] 695#695: *1033 open() "/usr/share/nginx/damine.tn/sito/wp-includes/wlwmanifest.xml" failed (2: No such file or directory), client: 162.158.62.71, server: damine.tn, request: "GET //sito/wp-includes/wlwmanifest.xml HTTP/1.1", host: "damine.tn"
2020/09/02 21:32:57 [error] 694#694: *1095 open() "/usr/share/nginx/damine.tn/manual/ko/mod/mod_actions.html" failed (2: No such file or directory), client: 162.158.107.143, server: damine.tn, request: "GET /manual/ko/mod/mod_actions.html HTTP/1.1", host: "damine.tn"
2020/09/02 22:48:44 [error] 695#695: *1102 open() "/usr/share/nginx/damine.tn/manual/tr/vhosts/examples.html" failed (2: No such file or directory), client: 108.162.245.148, server: damine.tn, request: "GET /manual/tr/vhosts/examples.html HTTP/1.1", host: "damine.tn"
2020/09/02 23:10:32 [error] 695#695: *1113 open() "/usr/share/nginx/damine.tn/robots.txt" failed (2: No such file or directory), client: 108.162.219.182, server: damine.tn, request: "GET /robots.txt HTTP/1.1", host: "damine.tn"
2020/09/03 00:07:23 [error] 694#694: *1119 open() "/usr/share/nginx/damine.tn/manual/es/mod/mod_xml2enc.html" failed (2: No such file or directory), client: 108.162.245.176, server: damine.tn, request: "GET /manual/es/mod/mod_xml2enc.html HTTP/1.1", host: "damine.tn"
2020/09/03 01:20:18 [error] 695#695: *1121 open() "/usr/share/nginx/damine.tn/manual/zh-cn/configuring.html" failed (2: No such file or directory), client: 162.158.107.197, server: damine.tn, request: "GET /manual/zh-cn/configuring.html HTTP/1.1", host: "damine.tn"
2020/09/03 02:38:04 [error] 695#695: *1124 open() "/usr/share/nginx/damine.tn/robots.txt" failed (2: No such file or directory), client: 108.162.246.165, server: damine.tn, request: "GET /robots.txt HTTP/1.1", host: "damine.tn"
2020/09/03 02:38:06 [error] 695#695: *1126 open() "/usr/share/nginx/damine.tn/manual/ko/misc/perf-tuning.html" failed (2: No such file or directory), client: 108.162.245.172, server: damine.tn, request: "GET /manual/ko/misc/perf-tuning.html HTTP/1.1", host: "damine.tn"
2020/09/03 03:51:52 [error] 695#695: *1132 open() "/usr/share/nginx/damine.tn/manual/ko/platform/windows.html" failed (2: No such file or directory), client: 108.162.245.68, server: damine.tn, request: "GET /manual/ko/platform/windows.html HTTP/1.1", host: "damine.tn"
2020/09/03 05:07:39 [error] 694#694: *1149 open() "/usr/share/nginx/damine.tn/manual/es/platform/windows.html" failed (2: No such file or directory), client: 108.162.245.8, server: damine.tn, request: "GET /manual/es/platform/windows.html HTTP/1.1", host: "damine.tn"
2020/09/03 06:26:21 [error] 694#694: *1157 open() "/usr/share/nginx/damine.tn/manual/es/mod/mod_setenvif.html" failed (2: No such file or directory), client: 108.162.245.114, server: damine.tn, request: "GET /manual/es/mod/mod_setenvif.html HTTP/1.1", host: "damine.tn"
2020/09/03 06:52:58 [error] 694#694: *1161 open() "/usr/share/nginx/damine.tn/favicon.ico" failed (2: No such file or directory), client: 108.162.245.90, server: damine.tn, request: "GET /favicon.ico HTTP/1.1", host: "damine.tn"
2020/09/03 07:39:13 [error] 695#695: *1165 open() "/usr/share/nginx/damine.tn/manual/ja/mod/mod_imagemap.html" failed (2: No such file or directory), client: 162.158.106.4, server: damine.tn, request: "GET /manual/ja/mod/mod_imagemap.html HTTP/1.1", host: "damine.tn"
2020/09/03 07:40:29 [error] 695#695: *1166 open() "/usr/share/nginx/damine.tn/favicon.ico" failed (2: No such file or directory), client: 108.162.245.90, server: damine.tn, request: "GET /favicon.ico HTTP/1.1", host: "damine.tn"
2020/09/03 08:56:33 [error] 695#695: *1177 open() "/usr/share/nginx/damine.tn/favicon.ico" failed (2: No such file or directory), client: 108.162.216.62, server: damine.tn, request: "GET /favicon.ico HTTP/1.1", host: "damine.tn"
2020/09/03 08:57:17 [error] 695#695: *1179 open() "/usr/share/nginx/damine.tn/manual/en/mod/mod_imagemap.html" failed (2: No such file or directory), client: 162.158.74.43, server: damine.tn, request: "GET /manual/en/mod/mod_imagemap.html HTTP/1.1", host: "damine.tn"
2020/09/03 10:07:17 [error] 695#695: *1189 open() "/usr/share/nginx/damine.tn/robots.txt" failed (2: No such file or directory), client: 162.158.159.96, server: damine.tn, request: "GET /robots.txt HTTP/1.1", host: "www.damine.tn"
2020/09/03 10:10:47 [error] 695#695: *1192 open() "/usr/share/nginx/damine.tn/manual/ko/mod/mod_watchdog.html" failed (2: No such file or directory), client: 162.158.74.199, server: damine.tn, request: "GET /manual/ko/mod/mod_watchdog.html HTTP/1.1", host: "damine.tn"
2020/09/03 11:26:34 [error] 694#694: *1201 open() "/usr/share/nginx/damine.tn/manual/zh-cn/mod/directives.html" failed (2: No such file or directory), client: 162.158.75.154, server: damine.tn, request: "GET /manual/zh-cn/mod/directives.html HTTP/1.1", host: "damine.tn"
2020/09/03 12:42:21 [error] 694#694: *1214 open() "/usr/share/nginx/damine.tn/manual/ko/vhosts/name-based.html" failed (2: No such file or directory), client: 162.158.74.145, server: damine.tn, request: "GET /manual/ko/vhosts/name-based.html HTTP/1.1", host: "damine.tn"
2020/09/03 13:58:10 [error] 694#694: *1218 open() "/usr/share/nginx/damine.tn/manual/ja/mod/mod_setenvif.html" failed (2: No such file or directory), client: 108.162.216.66, server: damine.tn, request: "GET /manual/ja/mod/mod_setenvif.html HTTP/1.1", host: "damine.tn"
2020/09/03 15:17:19 [error] 695#695: *1221 open() "/usr/share/nginx/damine.tn/robots.txt" failed (2: No such file or directory), client: 162.158.75.68, server: damine.tn, request: "GET /robots.txt HTTP/1.1", host: "damine.tn"
2020/09/03 15:17:20 [error] 695#695: *1223 open() "/usr/share/nginx/damine.tn/manual/ja/platform/windows.html" failed (2: No such file or directory), client: 162.158.74.235, server: damine.tn, request: "GET /manual/ja/platform/windows.html HTTP/1.1", host: "damine.tn"
2020/09/03 16:29:42 [error] 695#695: *1226 open() "/usr/share/nginx/damine.tn/manual/zh-cn/developer/API.html" failed (2: No such file or directory), client: 108.162.216.114, server: damine.tn, request: "GET /manual/zh-cn/developer/API.html HTTP/1.1", host: "damine.tn"
2020/09/03 17:45:52 [error] 695#695: *1239 open() "/usr/share/nginx/damine.tn/manual/ko/mod/mod_remoteip.html" failed (2: No such file or directory), client: 108.162.216.194, server: damine.tn, request: "GET /manual/ko/mod/mod_remoteip.html HTTP/1.1", host: "damine.tn"
2020/09/03 19:01:17 [error] 695#695: *1248 open() "/usr/share/nginx/damine.tn/manual/en/vhosts/fd-limits.html" failed (2: No such file or directory), client: 162.158.74.127, server: damine.tn, request: "GET /manual/en/vhosts/fd-limits.html HTTP/1.1", host: "damine.tn"
2020/09/03 20:17:03 [error] 694#694: *1262 open() "/usr/share/nginx/damine.tn/manual/ko/mod/mod_setenvif.html" failed (2: No such file or directory), client: 162.158.74.39, server: damine.tn, request: "GET /manual/ko/mod/mod_setenvif.html HTTP/1.1", host: "damine.tn"
2020/09/03 21:13:07 [error] 694#694: *1266 open() "/usr/share/nginx/damine.tn/manual/zh-cn/new_features_2_0.html" failed (2: No such file or directory), client: 162.158.75.16, server: damine.tn, request: "GET /manual/zh-cn/new_features_2_0.html HTTP/1.1", host: "damine.tn"
2020/09/03 21:32:50 [error] 694#694: *1268 open() "/usr/share/nginx/damine.tn/manual/es/mod/mod_imagemap.html" failed (2: No such file or directory), client: 162.158.75.68, server: damine.tn, request: "GET /manual/es/mod/mod_imagemap.html HTTP/1.1", host: "damine.tn"
2020/09/03 22:34:37 [error] 694#694: *1276 open() "/usr/share/nginx/damine.tn/xmlrpc.php" failed (2: No such file or directory), client: 172.69.135.226, server: damine.tn, request: "GET /xmlrpc.php HTTP/1.1", host: "damine.tn"
2020/09/03 22:34:39 [error] 694#694: *1279 open() "/usr/share/nginx/damine.tn/wordpress/xmlrpc.php" failed (2: No such file or directory), client: 172.68.146.150, server: damine.tn, request: "GET /wordpress/xmlrpc.php HTTP/1.1", host: "damine.tn"
2020/09/03 22:34:40 [error] 694#694: *1281 open() "/usr/share/nginx/damine.tn/blog/xmlrpc.php" failed (2: No such file or directory), client: 172.68.144.143, server: damine.tn, request: "GET /blog/xmlrpc.php HTTP/1.1", host: "damine.tn"
2020/09/03 22:34:41 [error] 694#694: *1283 open() "/usr/share/nginx/damine.tn/phpMyAdmin/index.php" failed (2: No such file or directory), client: 172.68.146.72, server: damine.tn, request: "GET /phpMyAdmin/index.php HTTP/1.1", host: "damine.tn"
2020/09/03 22:34:43 [error] 694#694: *1285 open() "/usr/share/nginx/damine.tn/pma/index.php" failed (2: No such file or directory), client: 172.68.146.72, server: damine.tn, request: "GET /pma/index.php HTTP/1.1", host: "damine.tn"
2020/09/03 22:34:44 [error] 694#694: *1287 open() "/usr/share/nginx/damine.tn/phpmyadmin/index.php" failed (2: No such file or directory), client: 162.158.167.6, server: damine.tn, request: "GET /phpmyadmin/index.php HTTP/1.1", host: "damine.tn"
2020/09/03 22:48:37 [error] 694#694: *1290 open() "/usr/share/nginx/damine.tn/manual/en/mod/mod_setenvif.html" failed (2: No such file or directory), client: 108.162.216.52, server: damine.tn, request: "GET /manual/en/mod/mod_setenvif.html HTTP/1.1", host: "damine.tn"
2020/09/04 00:07:31 [error] 694#694: *1296 open() "/usr/share/nginx/damine.tn/manual/es/mod/mod_proxy_ajp.html" failed (2: No such file or directory), client: 162.158.74.233, server: damine.tn, request: "GET /manual/es/mod/mod_proxy_ajp.html HTTP/1.1", host: "damine.tn"
2020/09/04 01:20:12 [error] 694#694: *1299 open() "/usr/share/nginx/damine.tn/manual/es/mod/mod_proxy_ftp.html" failed (2: No such file or directory), client: 162.158.74.233, server: damine.tn, request: "GET /manual/es/mod/mod_proxy_ftp.html HTTP/1.1", host: "damine.tn"
2020/09/04 02:37:18 [error] 695#695: *1312 open() "/usr/share/nginx/damine.tn/manual/es/mod/mod_reflector.html" failed (2: No such file or directory), client: 162.158.74.189, server: damine.tn, request: "GET /manual/es/mod/mod_reflector.html HTTP/1.1", host: "damine.tn"
2020/09/04 03:51:48 [error] 695#695: *1315 open() "/usr/share/nginx/damine.tn/robots.txt" failed (2: No such file or directory), client: 162.158.202.146, server: damine.tn, request: "GET /robots.txt HTTP/1.1", host: "damine.tn"
2020/09/04 03:51:50 [error] 695#695: *1317 open() "/usr/share/nginx/damine.tn/manual/en/mod/mod_unique_id.html" failed (2: No such file or directory), client: 162.158.202.240, server: damine.tn, request: "GET /manual/en/mod/mod_unique_id.html HTTP/1.1", host: "damine.tn"
2020/09/04 05:07:32 [error] 695#695: *1321 open() "/usr/share/nginx/damine.tn/manual/es/mod/mod_ratelimit.html" failed (2: No such file or directory), client: 162.158.202.92, server: damine.tn, request: "GET /manual/es/mod/mod_ratelimit.html HTTP/1.1", host: "damine.tn"
2020/09/04 06:27:43 [error] 695#695: *1333 open() "/usr/share/nginx/damine.tn/manual/pt-br/howto/htaccess.html" failed (2: No such file or directory), client: 162.158.74.173, server: damine.tn, request: "GET /manual/pt-br/howto/htaccess.html HTTP/1.1", host: "damine.tn"
2020/09/04 07:39:07 [error] 695#695: *1342 open() "/usr/share/nginx/damine.tn/manual/ko/mod/mod_autoindex.html" failed (2: No such file or directory), client: 162.158.75.38, server: damine.tn, request: "GET /manual/ko/mod/mod_autoindex.html HTTP/1.1", host: "damine.tn"
2020/09/04 08:57:39 [error] 695#695: *1350 open() "/usr/share/nginx/damine.tn/manual/ja/vhosts/name-based.html" failed (2: No such file or directory), client: 108.162.216.188, server: damine.tn, request: "GET /manual/ja/vhosts/name-based.html HTTP/1.1", host: "damine.tn"
2020/09/04 10:10:41 [error] 694#694: *1356 open() "/usr/share/nginx/damine.tn/manual/ja/mod/mod_authn_dbd.html" failed (2: No such file or directory), client: 108.162.216.146, server: damine.tn, request: "GET /manual/ja/mod/mod_authn_dbd.html HTTP/1.1", host: "damine.tn"
2020/09/04 11:27:59 [error] 694#694: *1368 open() "/usr/share/nginx/damine.tn/manual/ja/mod/mod_autoindex.html" failed (2: No such file or directory), client: 162.158.75.86, server: damine.tn, request: "GET /manual/ja/mod/mod_autoindex.html HTTP/1.1", host: "damine.tn"
2020/09/04 12:42:15 [error] 694#694: *1371 open() "/usr/share/nginx/damine.tn/manual/zh-cn/mod/mod_status.html" failed (2: No such file or directory), client: 108.162.216.152, server: damine.tn, request: "GET /manual/zh-cn/mod/mod_status.html HTTP/1.1", host: "damine.tn"
2020/09/04 12:55:13 [error] 694#694: *1372 open() "/usr/share/nginx/damine.tn/robots.txt" failed (2: No such file or directory), client: 162.158.159.96, server: damine.tn, request: "GET /robots.txt HTTP/1.1", host: "www.damine.tn"
2020/09/04 13:58:02 [error] 695#695: *1381 open() "/usr/share/nginx/damine.tn/manual/es/mod/mod_unique_id.html" failed (2: No such file or directory), client: 108.162.245.28, server: damine.tn, request: "GET /manual/es/mod/mod_unique_id.html HTTP/1.1", host: "damine.tn"
2020/09/04 15:17:15 [error] 695#695: *1394 open() "/usr/share/nginx/damine.tn/manual/tr/vhosts/name-based.html" failed (2: No such file or directory), client: 108.162.245.82, server: damine.tn, request: "GET /manual/tr/vhosts/name-based.html HTTP/1.1", host: "damine.tn"
2020/09/04 15:24:37 [error] 695#695: *1396 open() "/usr/share/nginx/damine.tn/robots.txt" failed (2: No such file or directory), client: 108.162.245.24, server: damine.tn, request: "GET /robots.txt HTTP/1.1", host: "www.damine.tn"
2020/09/04 16:15:02 [error] 695#695: *1404 open() "/usr/share/nginx/damine.tn/robots.txt" failed (2: No such file or directory), client: 108.162.246.165, server: damine.tn, request: "GET /robots.txt HTTP/1.1", host: "damine.tn"
2020/09/04 16:29:36 [error] 695#695: *1416 open() "/usr/share/nginx/damine.tn/manual/ko/mod/mod_unique_id.html" failed (2: No such file or directory), client: 162.158.107.209, server: damine.tn, request: "GET /manual/ko/mod/mod_unique_id.html HTTP/1.1", host: "damine.tn"
2020/09/04 17:46:30 [error] 695#695: *1433 open() "/usr/share/nginx/damine.tn/manual/es/mod/mod_autoindex.html" failed (2: No such file or directory), client: 108.162.245.122, server: damine.tn, request: "GET /manual/es/mod/mod_autoindex.html HTTP/1.1", host: "damine.tn"
2020/09/04 19:01:10 [error] 694#694: *1449 open() "/usr/share/nginx/damine.tn/manual/ja/programs/htpasswd.html" failed (2: No such file or directory), client: 162.158.107.157, server: damine.tn, request: "GET /manual/ja/programs/htpasswd.html HTTP/1.1", host: "damine.tn"
2020/09/04 19:52:27 [error] 695#695: *1453 open() "/usr/share/nginx/damine.tn/manual/ko/mod/mod_usertrack.html" failed (2: No such file or directory), client: 108.162.245.156, server: damine.tn, request: "GET /manual/ko/mod/mod_usertrack.html HTTP/1.1", host: "damine.tn"
2020/09/04 19:56:27 [error] 695#695: *1455 open() "/usr/share/nginx/damine.tn/manual/ja/mod/mod_usertrack.html" failed (2: No such file or directory), client: 162.158.107.227, server: damine.tn, request: "GET /manual/ja/mod/mod_usertrack.html HTTP/1.1", host: "damine.tn"
2020/09/04 19:59:32 [error] 695#695: *1457 open() "/usr/share/nginx/damine.tn/manual/en/new_features_2_4.html" failed (2: No such file or directory), client: 108.162.245.14, server: damine.tn, request: "GET /manual/en/new_features_2_4.html HTTP/1.1", host: "damine.tn"
2020/09/04 20:05:19 [error] 695#695: *1462 open() "/usr/share/nginx/damine.tn/manual/es/mod/mod_mime_magic.html" failed (2: No such file or directory), client: 162.158.106.10, server: damine.tn, request: "GET /manual/es/mod/mod_mime_magic.html HTTP/1.1", host: "damine.tn"
2020/09/04 20:07:20 [error] 695#695: *1464 open() "/usr/share/nginx/damine.tn/manual/ja/misc/security_tips.html" failed (2: No such file or directory), client: 108.162.245.142, server: damine.tn, request: "GET /manual/ja/misc/security_tips.html HTTP/1.1", host: "damine.tn"
2020/09/04 20:16:17 [error] 695#695: *1466 open() "/usr/share/nginx/damine.tn/manual/ja/mod/mod_authz_host.html" failed (2: No such file or directory), client: 162.158.107.89, server: damine.tn, request: "GET /manual/ja/mod/mod_authz_host.html HTTP/1.1", host: "damine.tn"
2020/09/04 21:29:30 [error] 694#694: *1473 open() "/usr/share/nginx/damine.tn/manual/es/mod/mod_reqtimeout.html" failed (2: No such file or directory), client: 108.162.245.96, server: damine.tn, request: "GET /manual/es/mod/mod_reqtimeout.html HTTP/1.1", host: "damine.tn"
2020/09/04 22:47:51 [error] 694#694: *1480 open() "/usr/share/nginx/damine.tn/manual/es/mod/mod_proxy_http.html" failed (2: No such file or directory), client: 108.162.245.122, server: damine.tn, request: "GET /manual/es/mod/mod_proxy_http.html HTTP/1.1", host: "damine.tn"
2020/09/05 00:01:04 [error] 694#694: *1484 open() "/usr/share/nginx/damine.tn/manual/ja/programs/configure.html" failed (2: No such file or directory), client: 162.158.107.151, server: damine.tn, request: "GET /manual/ja/programs/configure.html HTTP/1.1", host: "damine.tn"
2020/09/05 01:18:16 [error] 695#695: *1499 open() "/usr/share/nginx/damine.tn/manual/ja/mod/mod_socache_dc.html" failed (2: No such file or directory), client: 162.158.107.209, server: damine.tn, request: "GET /manual/ja/mod/mod_socache_dc.html HTTP/1.1", host: "damine.tn"
2020/09/05 02:32:38 [error] 695#695: *1516 open() "/usr/share/nginx/damine.tn/manual/es/mod/mod_substitute.html" failed (2: No such file or directory), client: 162.158.107.227, server: damine.tn, request: "GET /manual/es/mod/mod_substitute.html HTTP/1.1", host: "damine.tn"
2020/09/05 03:29:03 [error] 695#695: *1521 open() "/usr/share/nginx/damine.tn/robots.txt" failed (2: No such file or directory), client: 108.162.245.24, server: damine.tn, request: "GET /robots.txt HTTP/1.1", host: "www.damine.tn"
2020/09/05 03:48:30 [error] 695#695: *1524 open() "/usr/share/nginx/damine.tn/manual/es/mod/mod_log_config.html" failed (2: No such file or directory), client: 108.162.245.76, server: damine.tn, request: "GET /manual/es/mod/mod_log_config.html HTTP/1.1", host: "damine.tn"
2020/09/05 04:18:50 [error] 695#695: *1533 open() "/usr/share/nginx/damine.tn/robots.txt" failed (2: No such file or directory), client: 108.162.246.165, server: damine.tn, request: "GET /robots.txt HTTP/1.1", host: "damine.tn"
2020/09/05 05:19:21 [error] 695#695: *1543 open() "/usr/share/nginx/damine.tn/robots.txt" failed (2: No such file or directory), client: 108.162.246.165, server: damine.tn, request: "GET /robots.txt HTTP/1.1", host: "damine.tn"
2020/09/05 05:19:23 [error] 694#694: *1545 open() "/usr/share/nginx/damine.tn/manual/ja/programs/apachectl.html" failed (2: No such file or directory), client: 108.162.246.135, server: damine.tn, request: "GET /manual/ja/programs/apachectl.html HTTP/1.1", host: "damine.tn"
2020/09/05 06:20:00 [error] 694#694: *1549 open() "/usr/share/nginx/damine.tn/manual/ko/mod/mod_authn_core.html" failed (2: No such file or directory), client: 162.158.107.101, server: damine.tn, request: "GET /manual/ko/mod/mod_authn_core.html HTTP/1.1", host: "damine.tn"
2020/09/05 07:38:32 [error] 695#695: *1559 open() "/usr/share/nginx/damine.tn/manual/es/mod/mod_proxy_fcgi.html" failed (2: No such file or directory), client: 162.158.107.119, server: damine.tn, request: "GET /manual/es/mod/mod_proxy_fcgi.html HTTP/1.1", host: "damine.tn"
2020/09/05 08:13:56 [error] 694#694: *1562 open() "/usr/share/nginx/damine.tn/robots.txt" failed (2: No such file or directory), client: 108.162.245.24, server: damine.tn, request: "GET /robots.txt HTTP/1.1", host: "www.damine.tn"
2020/09/05 08:51:34 [error] 695#695: *1576 open() "/usr/share/nginx/damine.tn/manual/es/mod/mod_proxy_html.html" failed (2: No such file or directory), client: 108.162.245.120, server: damine.tn, request: "GET /manual/es/mod/mod_proxy_html.html HTTP/1.1", host: "damine.tn"
2020/09/05 09:55:50 [error] 695#695: *1582 open() "/usr/share/nginx/damine.tn/favicon.ico" failed (2: No such file or directory), client: 162.158.107.17, server: damine.tn, request: "GET /favicon.ico HTTP/1.1", host: "www.damine.tn"
2020/09/05 10:07:21 [error] 695#695: *1585 open() "/usr/share/nginx/damine.tn/manual/es/mod/mod_authz_host.html" failed (2: No such file or directory), client: 108.162.246.129, server: damine.tn, request: "GET /manual/es/mod/mod_authz_host.html HTTP/1.1", host: "damine.tn"
2020/09/05 11:29:17 [error] 694#694: *1598 open() "/usr/share/nginx/damine.tn/manual/ja/programs/logresolve.html" failed (2: No such file or directory), client: 162.158.107.183, server: damine.tn, request: "GET /manual/ja/programs/logresolve.html HTTP/1.1", host: "damine.tn"
2020/09/05 12:38:55 [error] 694#694: *1610 open() "/usr/share/nginx/damine.tn/manual/ja/mod/mod_socache_dbm.html" failed (2: No such file or directory), client: 162.158.106.160, server: damine.tn, request: "GET /manual/ja/mod/mod_socache_dbm.html HTTP/1.1", host: "damine.tn"
2020/09/05 13:59:05 [error] 694#694: *1621 open() "/usr/share/nginx/damine.tn/manual/ja/programs/dbmmanage.html" failed (2: No such file or directory), client: 162.158.106.106, server: damine.tn, request: "GET /manual/ja/programs/dbmmanage.html HTTP/1.1", host: "damine.tn"
2020/09/05 15:10:29 [error] 695#695: *1766 open() "/usr/share/nginx/damine.tn/manual/ko/mod/mod_authz_core.html" failed (2: No such file or directory), client: 108.162.245.42, server: damine.tn, request: "GET /manual/ko/mod/mod_authz_core.html HTTP/1.1", host: "damine.tn"
2020/09/05 15:37:51 [error] 695#695: *1771 open() "/usr/share/nginx/damine.tn/robots.txt" failed (2: No such file or directory), client: 108.162.245.24, server: damine.tn, request: "GET /robots.txt HTTP/1.1", host: "www.damine.tn"
2020/09/05 16:29:10 [error] 695#695: *1776 open() "/usr/share/nginx/damine.tn/robots.txt" failed (2: No such file or directory), client: 108.162.246.165, server: damine.tn, request: "GET /robots.txt HTTP/1.1", host: "damine.tn"
2020/09/05 16:29:10 [error] 695#695: *1777 open() "/usr/share/nginx/damine.tn/manual/es/mod/mod_ext_filter.html" failed (2: No such file or directory), client: 108.162.245.180, server: damine.tn, request: "GET /manual/es/mod/mod_ext_filter.html HTTP/1.1", host: "damine.tn"
2020/09/05 17:42:02 [error] 695#695: *1784 open() "/usr/share/nginx/damine.tn/robots.txt" failed (2: No such file or directory), client: 108.162.246.165, server: damine.tn, request: "GET /robots.txt HTTP/1.1", host: "damine.tn"
2020/09/05 17:42:04 [error] 695#695: *1786 open() "/usr/share/nginx/damine.tn/manual/en/mod/mod_authn_anon.html" failed (2: No such file or directory), client: 108.162.245.42, server: damine.tn, request: "GET /manual/en/mod/mod_authn_anon.html HTTP/1.1", host: "damine.tn"
2020/09/05 18:59:10 [error] 694#694: *1791 open() "/usr/share/nginx/damine.tn/manual/es/programs/dbmmanage.html" failed (2: No such file or directory), client: 108.162.245.126, server: damine.tn, request: "GET /manual/es/programs/dbmmanage.html HTTP/1.1", host: "damine.tn"
2020/09/05 20:22:10 [error] 694#694: *1808 open() "/usr/share/nginx/damine.tn/manual/es/mod/mod_proxy_scgi.html" failed (2: No such file or directory), client: 162.158.106.70, server: damine.tn, request: "GET /manual/es/mod/mod_proxy_scgi.html HTTP/1.1", host: "damine.tn"
2020/09/05 21:29:24 [error] 695#695: *1815 open() "/usr/share/nginx/damine.tn/manual/ko/mod/mod_proxy_fcgi.html" failed (2: No such file or directory), client: 108.162.245.136, server: damine.tn, request: "GET /manual/ko/mod/mod_proxy_fcgi.html HTTP/1.1", host: "damine.tn"
2020/09/05 22:48:35 [error] 695#695: *1822 open() "/usr/share/nginx/damine.tn/manual/ko/mod/mod_proxy_scgi.html" failed (2: No such file or directory), client: 162.158.107.17, server: damine.tn, request: "GET /manual/ko/mod/mod_proxy_scgi.html HTTP/1.1", host: "damine.tn"
2020/09/06 00:00:59 [error] 695#695: *1829 open() "/usr/share/nginx/damine.tn/manual/ja/mod/mod_authn_core.html" failed (2: No such file or directory), client: 172.68.65.14, server: damine.tn, request: "GET /manual/ja/mod/mod_authn_core.html HTTP/1.1", host: "damine.tn"
2020/09/06 01:01:56 [error] 694#694: *1834 open() "/usr/share/nginx/damine.tn/robots.txt" failed (2: No such file or directory), client: 162.158.159.96, server: damine.tn, request: "GET /robots.txt HTTP/1.1", host: "www.damine.tn"
2020/09/06 01:17:57 [error] 694#694: *1839 open() "/usr/share/nginx/damine.tn/manual/es/mod/mod_authz_core.html" failed (2: No such file or directory), client: 162.158.78.8, server: damine.tn, request: "GET /manual/es/mod/mod_authz_core.html HTTP/1.1", host: "damine.tn"
2020/09/06 02:32:35 [error] 694#694: *1850 open() "/usr/share/nginx/damine.tn/manual/ja/mod/mod_authn_anon.html" failed (2: No such file or directory), client: 172.69.62.232, server: damine.tn, request: "GET /manual/ja/mod/mod_authn_anon.html HTTP/1.1", host: "damine.tn"
2020/09/06 03:49:27 [error] 694#694: *1859 open() "/usr/share/nginx/damine.tn/manual/ko/mod/mod_authz_host.html" failed (2: No such file or directory), client: 172.68.65.56, server: damine.tn, request: "GET /manual/ko/mod/mod_authz_host.html HTTP/1.1", host: "damine.tn"
2020/09/06 05:09:27 [error] 695#695: *1870 open() "/usr/share/nginx/damine.tn/robots.txt" failed (2: No such file or directory), client: 162.158.79.229, server: damine.tn, request: "GET /robots.txt HTTP/1.1", host: "damine.tn"
2020/09/06 05:09:27 [error] 695#695: *1871 open() "/usr/share/nginx/damine.tn/manual/zh-cn/mod/mod_actions.html" failed (2: No such file or directory), client: 172.69.63.11, server: damine.tn, request: "GET /manual/zh-cn/mod/mod_actions.html HTTP/1.1", host: "damine.tn"
2020/09/06 06:19:54 [error] 695#695: *1880 open() "/usr/share/nginx/damine.tn/robots.txt" failed (2: No such file or directory), client: 162.158.79.229, server: damine.tn, request: "GET /robots.txt HTTP/1.1", host: "damine.tn"
2020/09/06 06:19:56 [error] 694#694: *1882 open() "/usr/share/nginx/damine.tn/manual/zh-cn/mod/mod_imagemap.html" failed (2: No such file or directory), client: 172.68.65.34, server: damine.tn, request: "GET /manual/zh-cn/mod/mod_imagemap.html HTTP/1.1", host: "damine.tn"
2020/09/06 06:51:22 [error] 694#694: *1885 open() "/usr/share/nginx/damine.tn/robots.txt" failed (2: No such file or directory), client: 172.68.65.62, server: damine.tn, request: "GET /robots.txt HTTP/1.1", host: "www.damine.tn"
2020/09/06 07:38:43 [error] 695#695: *1894 open() "/usr/share/nginx/damine.tn/manual/ko/mod/mod_negotiation.html" failed (2: No such file or directory), client: 172.68.65.6, server: damine.tn, request: "GET /manual/ko/mod/mod_negotiation.html HTTP/1.1", host: "damine.tn"
2020/09/06 08:51:29 [error] 695#695: *1902 open() "/usr/share/nginx/damine.tn/manual/es/mod/mod_negotiation.html" failed (2: No such file or directory), client: 172.69.63.91, server: damine.tn, request: "GET /manual/es/mod/mod_negotiation.html HTTP/1.1", host: "damine.tn"
2020/09/06 10:08:34 [error] 694#694: *1908 open() "/usr/share/nginx/damine.tn/manual/es/mod/mod_charset_lite.html" failed (2: No such file or directory), client: 173.245.54.169, server: damine.tn, request: "GET /manual/es/mod/mod_charset_lite.html HTTP/1.1", host: "damine.tn"
2020/09/06 10:15:15 [error] 695#695: *1910 open() "/usr/share/nginx/damine.tn/robots.txt" failed (2: No such file or directory), client: 162.158.183.135, server: damine.tn, request: "GET /robots.txt HTTP/1.1", host: "damine.tn", referrer: "http://damine.tn/robots.txt"
2020/09/06 10:15:15 [error] 695#695: *1912 open() "/usr/share/nginx/damine.tn/humans.txt" failed (2: No such file or directory), client: 162.158.183.217, server: damine.tn, request: "GET /humans.txt HTTP/1.1", host: "damine.tn", referrer: "http://damine.tn/humans.txt"
2020/09/06 10:15:15 [error] 695#695: *1912 open() "/usr/share/nginx/damine.tn/ads.txt" failed (2: No such file or directory), client: 162.158.183.217, server: damine.tn, request: "GET /ads.txt HTTP/1.1", host: "damine.tn", referrer: "http://damine.tn/ads.txt"
2020/09/06 11:23:03 [error] 694#694: *1924 open() "/usr/share/nginx/damine.tn/manual/es/mod/mod_proxy_fdpass.html" failed (2: No such file or directory), client: 162.158.78.18, server: damine.tn, request: "GET /manual/es/mod/mod_proxy_fdpass.html HTTP/1.1", host: "damine.tn"
2020/09/06 12:38:49 [error] 694#694: *1931 open() "/usr/share/nginx/damine.tn/manual/en/content-negotiation.html" failed (2: No such file or directory), client: 172.69.63.31, server: damine.tn, request: "GET /manual/en/content-negotiation.html HTTP/1.1", host: "damine.tn"
2020/09/06 13:59:09 [error] 695#695: *1942 open() "/usr/share/nginx/damine.tn/manual/ja/mod/mod_socache_shmcb.html" failed (2: No such file or directory), client: 162.158.79.69, server: damine.tn, request: "GET /manual/ja/mod/mod_socache_shmcb.html HTTP/1.1", host: "damine.tn"
2020/09/06 15:10:24 [error] 695#695: *1951 open() "/usr/share/nginx/damine.tn/manual/ja/mod/mod_authn_default.html" failed (2: No such file or directory), client: 172.69.63.75, server: damine.tn, request: "GET /manual/ja/mod/mod_authn_default.html HTTP/1.1", host: "damine.tn"
2020/09/06 16:28:49 [error] 695#695: *1957 open() "/usr/share/nginx/damine.tn/manual/es/mod/mod_proxy_connect.html" failed (2: No such file or directory), client: 173.245.54.239, server: damine.tn, request: "GET /manual/es/mod/mod_proxy_connect.html HTTP/1.1", host: "damine.tn"
2020/09/06 17:41:57 [error] 695#695: *1967 open() "/usr/share/nginx/damine.tn/robots.txt" failed (2: No such file or directory), client: 162.158.79.229, server: damine.tn, request: "GET /robots.txt HTTP/1.1", host: "damine.tn"
2020/09/06 17:41:58 [error] 694#694: *1968 open() "/usr/share/nginx/damine.tn/manual/ja/mod/mod_access_compat.html" failed (2: No such file or directory), client: 172.69.63.113, server: damine.tn, request: "GET /manual/ja/mod/mod_access_compat.html HTTP/1.1", host: "damine.tn"
2020/09/06 18:06:47 [error] 694#694: *1973 "/usr/share/nginx/damine.tn/admin/index.php" is not found (2: No such file or directory), client: 162.158.126.68, server: damine.tn, request: "GET /admin/ HTTP/1.1", host: "damine.tn", referrer: "http://damine.tn/admin/"
2020/09/06 19:00:22 [error] 694#694: *1979 open() "/usr/share/nginx/damine.tn/robots.txt" failed (2: No such file or directory), client: 162.158.79.229, server: damine.tn, request: "GET /robots.txt HTTP/1.1", host: "damine.tn"
2020/09/06 19:00:23 [error] 694#694: *1981 open() "/usr/share/nginx/damine.tn/manual/es/mod/mod_access_compat.html" failed (2: No such file or directory), client: 173.245.54.75, server: damine.tn, request: "GET /manual/es/mod/mod_access_compat.html HTTP/1.1", host: "damine.tn"
2020/09/06 20:20:11 [error] 694#694: *1988 open() "/usr/share/nginx/damine.tn/manual/ja/mod/mod_authz_default.html" failed (2: No such file or directory), client: 173.245.54.81, server: damine.tn, request: "GET /manual/ja/mod/mod_authz_default.html HTTP/1.1", host: "damine.tn"
2020/09/06 20:46:17 [error] 694#694: *1990 open() "/usr/share/nginx/damine.tn/robots.txt" failed (2: No such file or directory), client: 172.68.65.62, server: damine.tn, request: "GET /robots.txt HTTP/1.1", host: "www.damine.tn"
2020/09/06 20:46:18 [error] 694#694: *1992 open() "/usr/share/nginx/damine.tn/index.php" failed (2: No such file or directory), client: 173.245.54.203, server: damine.tn, request: "GET /index.php HTTP/1.1", host: "www.damine.tn"
2020/09/06 21:29:40 [error] 694#694: *1995 open() "/usr/share/nginx/damine.tn/manual/en/mod/mod_access_compat.html" failed (2: No such file or directory), client: 162.158.79.93, server: damine.tn, request: "GET /manual/en/mod/mod_access_compat.html HTTP/1.1", host: "damine.tn"
2020/09/06 22:03:36 [error] 694#694: *1999 open() "/usr/share/nginx/damine.tn/wp-login.php" failed (2: No such file or directory), client: 172.69.34.60, server: damine.tn, request: "GET /wp-login.php HTTP/1.1", host: "damine.tn", referrer: "http://damine.tn/wp-login.php"
2020/09/06 22:49:15 [error] 695#695: *2008 open() "/usr/share/nginx/damine.tn/manual/ko/mod/mod_access_compat.html" failed (2: No such file or directory), client: 162.158.79.7, server: damine.tn, request: "GET /manual/ko/mod/mod_access_compat.html HTTP/1.1", host: "damine.tn"
2020/09/06 23:48:17 [error] 695#695: *2011 open() "/usr/share/nginx/damine.tn/favicon.ico" failed (2: No such file or directory), client: 173.245.54.121, server: damine.tn, request: "GET /favicon.ico HTTP/1.1", host: "www.damine.tn"
2020/09/07 00:00:54 [error] 695#695: *2016 open() "/usr/share/nginx/damine.tn/manual/es/platform/win_compiling.html" failed (2: No such file or directory), client: 172.69.62.94, server: damine.tn, request: "GET /manual/es/platform/win_compiling.html HTTP/1.1", host: "damine.tn"
2020/09/07 01:20:17 [error] 694#694: *2021 open() "/usr/share/nginx/damine.tn/manual/es/mod/mod_proxy_wstunnel.html" failed (2: No such file or directory), client: 173.245.54.219, server: damine.tn, request: "GET /manual/es/mod/mod_proxy_wstunnel.html HTTP/1.1", host: "damine.tn"
2020/09/07 01:55:46 [error] 694#694: *2022 open() "/usr/share/nginx/damine.tn/favicon.ico" failed (2: No such file or directory), client: 173.245.54.121, server: damine.tn, request: "GET /favicon.ico HTTP/1.1", host: "www.damine.tn"
2020/09/07 02:32:28 [error] 694#694: *2026 open() "/usr/share/nginx/damine.tn/manual/zh-cn/mod/mod_negotiation.html" failed (2: No such file or directory), client: 173.245.54.85, server: damine.tn, request: "GET /manual/zh-cn/mod/mod_negotiation.html HTTP/1.1", host: "damine.tn"
2020/09/07 03:49:08 [error] 694#694: *2034 open() "/usr/share/nginx/damine.tn/manual/es/mod/mod_proxy_balancer.html" failed (2: No such file or directory), client: 162.158.78.212, server: damine.tn, request: "GET /manual/es/mod/mod_proxy_balancer.html HTTP/1.1", host: "damine.tn"
2020/09/07 05:09:10 [error] 695#695: *2038 open() "/usr/share/nginx/damine.tn/manual/ko/faq/index.html" failed (2: No such file or directory), client: 172.69.62.28, server: damine.tn, request: "GET /manual/ko/faq/index.html HTTP/1.1", host: "damine.tn"
2020/09/07 06:19:49 [error] 695#695: *2050 open() "/usr/share/nginx/damine.tn/robots.txt" failed (2: No such file or directory), client: 162.158.79.229, server: damine.tn, request: "GET /robots.txt HTTP/1.1", host: "damine.tn"
2020/09/07 06:19:49 [error] 695#695: *2051 open() "/usr/share/nginx/damine.tn/manual/zh-cn/howto/auth.html" failed (2: No such file or directory), client: 172.69.63.71, server: damine.tn, request: "GET /manual/zh-cn/howto/auth.html HTTP/1.1", host: "damine.tn"
2020/09/07 07:39:57 [error] 695#695: *2060 open() "/usr/share/nginx/damine.tn/robots.txt" failed (2: No such file or directory), client: 162.158.79.229, server: damine.tn, request: "GET /robots.txt HTTP/1.1", host: "damine.tn"
2020/09/07 07:39:58 [error] 695#695: *2062 open() "/usr/share/nginx/damine.tn/manual/ko/mod/mod_http2.html" failed (2: No such file or directory), client: 172.68.65.62, server: damine.tn, request: "GET /manual/ko/mod/mod_http2.html HTTP/1.1", host: "damine.tn"
2020/09/07 08:51:24 [error] 695#695: *2069 open() "/usr/share/nginx/damine.tn/manual/ko/mod/mod_unixd.html" failed (2: No such file or directory), client: 172.69.63.15, server: damine.tn, request: "GET /manual/ko/mod/mod_unixd.html HTTP/1.1", host: "damine.tn"
2020/09/07 10:10:20 [error] 694#694: *2077 open() "/usr/share/nginx/damine.tn/manual/ko/mod/mod_ident.html" failed (2: No such file or directory), client: 172.69.63.171, server: damine.tn, request: "GET /manual/ko/mod/mod_ident.html HTTP/1.1", host: "damine.tn"
2020/09/07 11:22:58 [error] 694#694: *2082 open() "/usr/share/nginx/damine.tn/manual/ko/mod/mod_logio.html" failed (2: No such file or directory), client: 162.158.78.50, server: damine.tn, request: "GET /manual/ko/mod/mod_logio.html HTTP/1.1", host: "damine.tn"
2020/09/07 12:41:58 [error] 695#695: *2092 open() "/usr/share/nginx/damine.tn/manual/ko/mod/mod_macro.html" failed (2: No such file or directory), client: 162.158.78.92, server: damine.tn, request: "GET /manual/ko/mod/mod_macro.html HTTP/1.1", host: "damine.tn"
2020/09/07 12:50:24 [error] 695#695: *2095 open() "/usr/share/nginx/damine.tn/robots.txt" failed (2: No such file or directory), client: 172.68.65.62, server: damine.tn, request: "GET /robots.txt HTTP/1.1", host: "www.damine.tn"
2020/09/07 12:50:25 [error] 695#695: *2097 open() "/usr/share/nginx/damine.tn/index.php" failed (2: No such file or directory), client: 173.245.54.203, server: damine.tn, request: "GET /index.php HTTP/1.1", host: "www.damine.tn"
2020/09/07 12:55:52 [error] 695#695: *2098 open() "/usr/share/nginx/damine.tn/robots.txt" failed (2: No such file or directory), client: 162.158.159.96, server: damine.tn, request: "GET /robots.txt HTTP/1.1", host: "www.damine.tn"
2020/09/07 13:30:15 [error] 695#695: *2100 open() "/usr/share/nginx/damine.tn/robots.txt" failed (2: No such file or directory), client: 108.162.245.24, server: damine.tn, request: "GET /robots.txt HTTP/1.1", host: "www.damine.tn"
2020/09/07 13:54:32 [error] 694#694: *2108 open() "/usr/share/nginx/damine.tn/manual/en/mod/event.html" failed (2: No such file or directory), client: 162.158.78.230, server: damine.tn, request: "GET /manual/en/mod/event.html HTTP/1.1", host: "damine.tn"
2020/09/07 14:31:33 [error] 694#694: *2112 open() "/usr/share/nginx/damine.tn/font/roboto/Roboto-Regular.woff2" failed (2: No such file or directory), client: 162.158.75.196, server: damine.tn, request: "GET /font/roboto/Roboto-Regular.woff2 HTTP/1.1", host: "www.damine.tn"
2020/09/07 14:31:34 [error] 695#695: *2113 open() "/usr/share/nginx/damine.tn/font/roboto/Roboto-Regular.woff" failed (2: No such file or directory), client: 108.162.216.134, server: damine.tn, request: "GET /font/roboto/Roboto-Regular.woff HTTP/1.1", host: "www.damine.tn"
2020/09/07 14:31:34 [error] 695#695: *2114 open() "/usr/share/nginx/damine.tn/font/roboto/Roboto-Regular.ttf" failed (2: No such file or directory), client: 162.158.75.60, server: damine.tn, request: "GET /font/roboto/Roboto-Regular.ttf HTTP/1.1", host: "www.damine.tn"
2020/09/07 14:31:35 [error] 695#695: *2115 open() "/usr/share/nginx/damine.tn/font/roboto/Roboto-Bold.woff2" failed (2: No such file or directory), client: 108.162.216.242, server: damine.tn, request: "GET /font/roboto/Roboto-Bold.woff2 HTTP/1.1", host: "www.damine.tn"
2020/09/07 14:31:35 [error] 695#695: *2117 open() "/usr/share/nginx/damine.tn/font/roboto/Roboto-Bold.woff" failed (2: No such file or directory), client: 162.158.75.18, server: damine.tn, request: "GET /font/roboto/Roboto-Bold.woff HTTP/1.1", host: "www.damine.tn"
2020/09/07 14:31:36 [error] 695#695: *2118 open() "/usr/share/nginx/damine.tn/font/roboto/Roboto-Bold.ttf" failed (2: No such file or directory), client: 108.162.216.206, server: damine.tn, request: "GET /font/roboto/Roboto-Bold.ttf HTTP/1.1", host: "www.damine.tn"
2020/09/07 15:10:33 [error] 695#695: *2122 open() "/usr/share/nginx/damine.tn/manual/ko/mod/event.html" failed (2: No such file or directory), client: 162.158.78.12, server: damine.tn, request: "GET /manual/ko/mod/event.html HTTP/1.1", host: "damine.tn"
2020/09/07 16:31:03 [error] 694#694: *2128 open() "/usr/share/nginx/damine.tn/manual/es/mod/mod_so.html" failed (2: No such file or directory), client: 172.69.63.107, server: damine.tn, request: "GET /manual/es/mod/mod_so.html HTTP/1.1", host: "damine.tn"
2020/09/07 17:48:20 [error] 694#694: *2133 open() "/usr/share/nginx/damine.tn/manual/ko/mod/mod_sed.html" failed (2: No such file or directory), client: 172.69.62.130, server: damine.tn, request: "GET /manual/ko/mod/mod_sed.html HTTP/1.1", host: "damine.tn"
2020/09/07 18:51:26 [error] 695#695: *2139 open() "/usr/share/nginx/damine.tn/wp-login.php" failed (2: No such file or directory), client: 162.158.158.253, server: damine.tn, request: "GET /wp-login.php HTTP/1.1", host: "www.damine.tn"
2020/09/07 18:51:27 [error] 695#695: *2139 open() "/usr/share/nginx/damine.tn/blog/wp-login.php" failed (2: No such file or directory), client: 162.158.158.253, server: damine.tn, request: "GET /blog/wp-login.php HTTP/1.1", host: "www.damine.tn"
2020/09/07 18:51:27 [error] 695#695: *2140 open() "/usr/share/nginx/damine.tn/blogs/wp-login.php" failed (2: No such file or directory), client: 162.158.158.253, server: damine.tn, request: "GET /blogs/wp-login.php HTTP/1.1", host: "www.damine.tn"
2020/09/07 18:51:30 [error] 695#695: *2141 open() "/usr/share/nginx/damine.tn/home/wp-login.php" failed (2: No such file or directory), client: 162.158.158.253, server: damine.tn, request: "GET /home/wp-login.php HTTP/1.1", host: "www.damine.tn"
2020/09/07 18:51:31 [error] 695#695: *2142 open() "/usr/share/nginx/damine.tn/wordpress/wp-login.php" failed (2: No such file or directory), client: 162.158.158.253, server: damine.tn, request: "GET /wordpress/wp-login.php HTTP/1.1", host: "www.damine.tn"
2020/09/07 18:51:59 [error] 695#695: *2139 open() "/usr/share/nginx/damine.tn/press/wp-login.php" failed (2: No such file or directory), client: 162.158.158.253, server: damine.tn, request: "GET /press/wp-login.php HTTP/1.1", host: "www.damine.tn"
2020/09/07 18:52:14 [error] 695#695: *2143 open() "/usr/share/nginx/damine.tn/wp/wp-login.php" failed (2: No such file or directory), client: 162.158.158.253, server: damine.tn, request: "GET /wp/wp-login.php HTTP/1.1", host: "www.damine.tn"
2020/09/07 18:52:34 [error] 695#695: *2141 open() "/usr/share/nginx/damine.tn/wpmu/wp-login.php" failed (2: No such file or directory), client: 162.158.158.253, server: damine.tn, request: "GET /wpmu/wp-login.php HTTP/1.1", host: "www.damine.tn"
2020/09/07 18:52:37 [error] 695#695: *2143 open() "/usr/share/nginx/damine.tn/web/wp-login.php" failed (2: No such file or directory), client: 162.158.158.253, server: damine.tn, request: "GET /web/wp-login.php HTTP/1.1", host: "www.damine.tn"
2020/09/07 18:52:42 [error] 695#695: *2139 open() "/usr/share/nginx/damine.tn/new/wp-login.php" failed (2: No such file or directory), client: 162.158.158.253, server: damine.tn, request: "GET /new/wp-login.php HTTP/1.1", host: "www.damine.tn"
2020/09/07 18:52:43 [error] 695#695: *2144 open() "/usr/share/nginx/damine.tn/news/wp-login.php" failed (2: No such file or directory), client: 162.158.158.253, server: damine.tn, request: "GET /news/wp-login.php HTTP/1.1", host: "www.damine.tn"
2020/09/07 18:52:46 [error] 695#695: *2145 open() "/usr/share/nginx/damine.tn/site/wp-login.php" failed (2: No such file or directory), client: 162.158.158.253, server: damine.tn, request: "GET /site/wp-login.php HTTP/1.1", host: "www.damine.tn"
2020/09/07 18:52:48 [error] 695#695: *2145 open() "/usr/share/nginx/damine.tn/sites/wp-login.php" failed (2: No such file or directory), client: 162.158.158.253, server: damine.tn, request: "GET /sites/wp-login.php HTTP/1.1", host: "www.damine.tn"
2020/09/07 18:52:52 [error] 695#695: *2144 open() "/usr/share/nginx/damine.tn/sitio/wp-login.php" failed (2: No such file or directory), client: 162.158.158.253, server: damine.tn, request: "GET /sitio/wp-login.php HTTP/1.1", host: "www.damine.tn"
2020/09/07 18:54:17 [error] 695#695: *2146 open() "/usr/share/nginx/damine.tn/en/wp-login.php" failed (2: No such file or directory), client: 162.158.158.253, server: damine.tn, request: "GET /en/wp-login.php HTTP/1.1", host: "www.damine.tn"
2020/09/07 18:54:18 [error] 695#695: *2147 open() "/usr/share/nginx/damine.tn/old/wp-login.php" failed (2: No such file or directory), client: 162.158.158.253, server: damine.tn, request: "GET /old/wp-login.php HTTP/1.1", host: "www.damine.tn"
2020/09/07 18:54:22 [error] 695#695: *2146 open() "/usr/share/nginx/damine.tn/info/wp-login.php" failed (2: No such file or directory), client: 162.158.158.253, server: damine.tn, request: "GET /info/wp-login.php HTTP/1.1", host: "www.damine.tn"
2020/09/07 18:54:22 [error] 695#695: *2148 open() "/usr/share/nginx/damine.tn/demo/wp-login.php" failed (2: No such file or directory), client: 162.158.158.253, server: damine.tn, request: "GET /demo/wp-login.php HTTP/1.1", host: "www.damine.tn"
2020/09/07 18:54:23 [error] 695#695: *2149 open() "/usr/share/nginx/damine.tn/portal/wp-login.php" failed (2: No such file or directory), client: 162.158.158.253, server: damine.tn, request: "GET /portal/wp-login.php HTTP/1.1", host: "www.damine.tn"
2020/09/07 18:54:26 [error] 695#695: *2150 open() "/usr/share/nginx/damine.tn/english/wp-login.php" failed (2: No such file or directory), client: 162.158.158.253, server: damine.tn, request: "GET /english/wp-login.php HTTP/1.1", host: "www.damine.tn"
2020/09/07 18:54:29 [error] 695#695: *2151 open() "/usr/share/nginx/damine.tn/wp-login.php" failed (2: No such file or directory), client: 162.158.158.253, server: damine.tn, request: "GET //wp-login.php HTTP/1.1", host: "www.damine.tn"
2020/09/07 19:01:39 [error] 695#695: *2153 open() "/usr/share/nginx/damine.tn/robots.txt" failed (2: No such file or directory), client: 162.158.79.229, server: damine.tn, request: "GET /robots.txt HTTP/1.1", host: "damine.tn"
2020/09/07 19:01:39 [error] 695#695: *2154 open() "/usr/share/nginx/damine.tn/manual/ko/mod/mod_lua.html" failed (2: No such file or directory), client: 173.245.54.123, server: damine.tn, request: "GET /manual/ko/mod/mod_lua.html HTTP/1.1", host: "damine.tn"
2020/09/07 19:51:01 [error] 695#695: *2161 open() "/usr/share/nginx/damine.tn/favicon.ico" failed (2: No such file or directory), client: 173.245.54.121, server: damine.tn, request: "GET /favicon.ico HTTP/1.1", host: "www.damine.tn"
2020/09/07 20:20:11 [error] 695#695: *2165 open() "/usr/share/nginx/damine.tn/robots.txt" failed (2: No such file or directory), client: 162.158.79.229, server: damine.tn, request: "GET /robots.txt HTTP/1.1", host: "damine.tn"
2020/09/07 20:20:13 [error] 695#695: *2167 open() "/usr/share/nginx/damine.tn/manual/ko/mod/mod_dbd.html" failed (2: No such file or directory), client: 162.158.78.254, server: damine.tn, request: "GET /manual/ko/mod/mod_dbd.html HTTP/1.1", host: "damine.tn"
2020/09/07 21:30:49 [error] 695#695: *2180 open() "/usr/share/nginx/damine.tn/manual/ko/mod/mod_dav.html" failed (2: No such file or directory), client: 172.69.63.127, server: damine.tn, request: "GET /manual/ko/mod/mod_dav.html HTTP/1.1", host: "damine.tn"
2020/09/07 22:50:58 [error] 695#695: *2196 open() "/usr/share/nginx/damine.tn/manual/ja/mod/mod_cgid.html" failed (2: No such file or directory), client: 172.69.62.254, server: damine.tn, request: "GET /manual/ja/mod/mod_cgid.html HTTP/1.1", host: "damine.tn"
2020/09/08 00:01:09 [error] 695#695: *2203 open() "/usr/share/nginx/damine.tn/manual/zh-cn/howto/ssi.html" failed (2: No such file or directory), client: 162.158.79.125, server: damine.tn, request: "GET /manual/zh-cn/howto/ssi.html HTTP/1.1", host: "damine.tn"
2020/09/08 00:01:32 [error] 695#695: *2210 open() "/usr/share/nginx/damine.tn/font/roboto/Roboto-Regular.woff2" failed (2: No such file or directory), client: 172.68.25.185, server: damine.tn, request: "GET /font/roboto/Roboto-Regular.woff2 HTTP/1.1", host: "www.damine.tn", referrer: "https://www.damine.tn/css/mdb.min.css"
2020/09/08 00:01:33 [error] 695#695: *2211 open() "/usr/share/nginx/damine.tn/font/roboto/Roboto-Regular.woff" failed (2: No such file or directory), client: 172.68.24.132, server: damine.tn, request: "GET /font/roboto/Roboto-Regular.woff HTTP/1.1", host: "www.damine.tn", referrer: "https://www.damine.tn/css/mdb.min.css"
2020/09/08 00:01:35 [error] 695#695: *2212 open() "/usr/share/nginx/damine.tn/font/roboto/Roboto-Regular.ttf" failed (2: No such file or directory), client: 172.68.25.195, server: damine.tn, request: "GET /font/roboto/Roboto-Regular.ttf HTTP/1.1", host: "www.damine.tn", referrer: "https://www.damine.tn/css/mdb.min.css"
2020/09/08 00:01:36 [error] 695#695: *2215 open() "/usr/share/nginx/damine.tn/font/roboto/Roboto-Bold.woff2" failed (2: No such file or directory), client: 172.68.24.200, server: damine.tn, request: "GET /font/roboto/Roboto-Bold.woff2 HTTP/1.1", host: "www.damine.tn", referrer: "https://www.damine.tn/css/mdb.min.css"
2020/09/08 00:01:36 [error] 695#695: *2216 open() "/usr/share/nginx/damine.tn/font/roboto/Roboto-Bold.woff" failed (2: No such file or directory), client: 172.68.24.148, server: damine.tn, request: "GET /font/roboto/Roboto-Bold.woff HTTP/1.1", host: "www.damine.tn", referrer: "https://www.damine.tn/css/mdb.min.css"
2020/09/08 00:01:37 [error] 695#695: *2217 open() "/usr/share/nginx/damine.tn/font/roboto/Roboto-Bold.ttf" failed (2: No such file or directory), client: 172.68.24.114, server: damine.tn, request: "GET /font/roboto/Roboto-Bold.ttf HTTP/1.1", host: "www.damine.tn", referrer: "https://www.damine.tn/css/mdb.min.css"
2020/09/08 00:27:45 [error] 695#695: *2219 open() "/usr/share/nginx/damine.tn/favicon.ico" failed (2: No such file or directory), client: 108.162.229.142, server: damine.tn, request: "GET /favicon.ico HTTP/1.1", host: "damine.tn"
2020/09/08 01:06:45 [error] 695#695: *2221 open() "/usr/share/nginx/damine.tn/hmkerfagfdgakf.html" failed (2: No such file or directory), client: 173.245.54.197, server: damine.tn, request: "GET /hmkerfagfdgakf.html HTTP/1.1", host: "damine.tn"
2020/09/08 01:18:10 [error] 695#695: *2223 open() "/usr/share/nginx/damine.tn/manual/ko/mod/mod_echo.html" failed (2: No such file or directory), client: 162.158.79.69, server: damine.tn, request: "GET /manual/ko/mod/mod_echo.html HTTP/1.1", host: "damine.tn"
2020/09/08 02:32:25 [error] 695#695: *2229 open() "/usr/share/nginx/damine.tn/manual/zh-cn/ssl/index.html" failed (2: No such file or directory), client: 172.68.65.62, server: damine.tn, request: "GET /manual/zh-cn/ssl/index.html HTTP/1.1", host: "damine.tn"
2020/09/08 03:50:29 [error] 694#694: *2235 open() "/usr/share/nginx/damine.tn/manual/zh-cn/howto/cgi.html" failed (2: No such file or directory), client: 172.68.65.50, server: damine.tn, request: "GET /manual/zh-cn/howto/cgi.html HTTP/1.1", host: "damine.tn"
2020/09/08 04:49:41 [error] 695#695: *2249 open() "/usr/share/nginx/damine.tn/robots.txt" failed (2: No such file or directory), client: 108.162.219.182, server: damine.tn, request: "GET /robots.txt HTTP/1.1", host: "damine.tn"
2020/09/08 05:10:31 [error] 695#695: *2251 open() "/usr/share/nginx/damine.tn/manual/ja/mod/mod_logio.html" failed (2: No such file or directory), client: 172.69.62.130, server: damine.tn, request: "GET /manual/ja/mod/mod_logio.html HTTP/1.1", host: "damine.tn"
2020/09/08 06:22:44 [error] 694#694: *2258 open() "/usr/share/nginx/damine.tn/manual/ko/mod/mod_cache.html" failed (2: No such file or directory), client: 173.245.54.97, server: damine.tn, request: "GET /manual/ko/mod/mod_cache.html HTTP/1.1", host: "damine.tn"
2020/09/08 07:23:56 [error] 694#694: *2263 open() "/usr/share/nginx/damine.tn/robots.txt" failed (2: No such file or directory), client: 162.158.79.229, server: damine.tn, request: "GET /robots.txt HTTP/1.1", host: "damine.tn"
2020/09/08 07:23:57 [error] 694#694: *2264 open() "/usr/share/nginx/damine.tn/manual/ja/mod/mod_ident.html" failed (2: No such file or directory), client: 172.69.63.87, server: damine.tn, request: "GET /manual/ja/mod/mod_ident.html HTTP/1.1", host: "damine.tn"
2020/09/08 07:30:43 [error] 694#694: *2266 open() "/usr/share/nginx/damine.tn/manual/es/mod/mod_ident.html" failed (2: No such file or directory), client: 162.158.79.221, server: damine.tn, request: "GET /manual/es/mod/mod_ident.html HTTP/1.1", host: "damine.tn"
2020/09/08 07:35:27 [error] 694#694: *2268 open() "/usr/share/nginx/damine.tn/manual/en/mod/mod_unixd.html" failed (2: No such file or directory), client: 162.158.79.229, server: damine.tn, request: "GET /manual/en/mod/mod_unixd.html HTTP/1.1", host: "damine.tn"
2020/09/08 07:39:29 [error] 694#694: *2270 open() "/usr/share/nginx/damine.tn/manual/en/mod/mod_dav_fs.html" failed (2: No such file or directory), client: 173.245.54.85, server: damine.tn, request: "GET /manual/en/mod/mod_dav_fs.html HTTP/1.1", host: "damine.tn"
2020/09/08 07:48:33 [error] 694#694: *2272 open() "/usr/share/nginx/damine.tn/manual/ko/vhosts/details.html" failed (2: No such file or directory), client: 172.69.62.160, server: damine.tn, request: "GET /manual/ko/vhosts/details.html HTTP/1.1", host: "damine.tn"
2020/09/08 07:59:50 [error] 694#694: *2274 open() "/usr/share/nginx/damine.tn/manual/ja/vhosts/details.html" failed (2: No such file or directory), client: 172.69.63.63, server: damine.tn, request: "GET /manual/ja/vhosts/details.html HTTP/1.1", host: "damine.tn"
2020/09/08 09:03:58 [error] 695#695: *2280 open() "/usr/share/nginx/damine.tn/robots.txt" failed (2: No such file or directory), client: 162.158.79.229, server: damine.tn, request: "GET /robots.txt HTTP/1.1", host: "damine.tn"
2020/09/08 09:03:59 [error] 694#694: *2282 open() "/usr/share/nginx/damine.tn/manual/es/vhosts/details.html" failed (2: No such file or directory), client: 162.158.79.5, server: damine.tn, request: "GET /manual/es/vhosts/details.html HTTP/1.1", host: "damine.tn"
2020/09/08 10:22:27 [error] 694#694: *2290 open() "/usr/share/nginx/damine.tn/manual/ja/programs/index.html" failed (2: No such file or directory), client: 172.69.63.19, server: damine.tn, request: "GET /manual/ja/programs/index.html HTTP/1.1", host: "damine.tn"
2020/09/08 10:44:38 [error] 694#694: *2292 "/usr/share/nginx/damine.tn/admin/index.php" is not found (2: No such file or directory), client: 108.162.229.148, server: damine.tn, request: "GET /admin/ HTTP/1.1", host: "damine.tn", referrer: "http://damine.tn/admin/"
2020/09/08 11:43:45 [error] 694#694: *2309 open() "/usr/share/nginx/damine.tn/manual/ko/mod/mod_suexec.html" failed (2: No such file or directory), client: 162.158.78.176, server: damine.tn, request: "GET /manual/ko/mod/mod_suexec.html HTTP/1.1", host: "damine.tn"
2020/09/08 12:52:34 [error] 694#694: *2316 open() "/usr/share/nginx/damine.tn/manual/ko/mod/mod_brotli.html" failed (2: No such file or directory), client: 162.158.79.117, server: damine.tn, request: "GET /manual/ko/mod/mod_brotli.html HTTP/1.1", host: "damine.tn"
2020/09/08 14:11:13 [error] 694#694: *2336 open() "/usr/share/nginx/damine.tn/manual/es/programs/httpd.html" failed (2: No such file or directory), client: 172.69.63.111, server: damine.tn, request: "GET /manual/es/programs/httpd.html HTTP/1.1", host: "damine.tn"
2020/09/08 15:27:23 [error] 694#694: *2344 open() "/usr/share/nginx/damine.tn/manual/zh-cn/ssl/ssl_faq.html" failed (2: No such file or directory), client: 162.158.79.163, server: damine.tn, request: "GET /manual/zh-cn/ssl/ssl_faq.html HTTP/1.1", host: "damine.tn"
2020/09/08 16:43:42 [error] 695#695: *2354 open() "/usr/share/nginx/damine.tn/manual/en/mod/mod_suexec.html" failed (2: No such file or directory), client: 162.158.78.190, server: damine.tn, request: "GET /manual/en/mod/mod_suexec.html HTTP/1.1", host: "damine.tn"
2020/09/08 17:26:31 [error] 694#694: *2371 open() "/usr/share/nginx/damine.tn/robots.txt" failed (2: No such file or directory), client: 162.158.183.153, server: damine.tn, request: "GET /robots.txt HTTP/1.1", host: "www.damine.tn"
2020/09/08 18:00:57 [error] 694#694: *2376 open() "/usr/share/nginx/damine.tn/manual/ja/mod/mod_suexec.html" failed (2: No such file or directory), client: 173.245.54.99, server: damine.tn, request: "GET /manual/ja/mod/mod_suexec.html HTTP/1.1", host: "damine.tn"
2020/09/08 19:13:15 [error] 695#695: *2384 open() "/usr/share/nginx/damine.tn/manual/ko/mod/mod_dialup.html" failed (2: No such file or directory), client: 173.245.54.145, server: damine.tn, request: "GET /manual/ko/mod/mod_dialup.html HTTP/1.1", host: "damine.tn"
2020/09/08 20:29:31 [error] 694#694: *2394 open() "/usr/share/nginx/damine.tn/robots.txt" failed (2: No such file or directory), client: 162.158.79.229, server: damine.tn, request: "GET /robots.txt HTTP/1.1", host: "damine.tn"
2020/09/08 20:29:32 [error] 694#694: *2395 open() "/usr/share/nginx/damine.tn/manual/ja/mod/mod_filter.html" failed (2: No such file or directory), client: 172.69.63.253, server: damine.tn, request: "GET /manual/ja/mod/mod_filter.html HTTP/1.1", host: "damine.tn"
2020/09/08 21:16:48 [error] 695#695: *2401 open() "/usr/share/nginx/damine.tn/robots.txt" failed (2: No such file or directory), client: 162.158.159.96, server: damine.tn, request: "GET /robots.txt HTTP/1.1", host: "www.damine.tn"
2020/09/08 21:44:46 [error] 695#695: *2406 open() "/usr/share/nginx/damine.tn/robots.txt" failed (2: No such file or directory), client: 162.158.79.229, server: damine.tn, request: "GET /robots.txt HTTP/1.1", host: "damine.tn"
2020/09/08 21:44:48 [error] 695#695: *2408 open() "/usr/share/nginx/damine.tn/manual/ja/programs/other.html" failed (2: No such file or directory), client: 172.69.63.43, server: damine.tn, request: "GET /manual/ja/programs/other.html HTTP/1.1", host: "damine.tn"
2020/09/08 23:05:37 [error] 694#694: *2413 open() "/usr/share/nginx/damine.tn/manual/zh-cn/mod/mod_dir.html" failed (2: No such file or directory), client: 162.158.78.30, server: damine.tn, request: "GET /manual/zh-cn/mod/mod_dir.html HTTP/1.1", host: "damine.tn"
2020/09/09 00:13:33 [error] 695#695: *2419 open() "/usr/share/nginx/damine.tn/manual/en/mod/mod_dumpio.html" failed (2: No such file or directory), client: 162.158.78.248, server: damine.tn, request: "GET /manual/en/mod/mod_dumpio.html HTTP/1.1", host: "damine.tn"
2020/09/09 01:29:04 [error] 694#694: *2424 open() "/usr/share/nginx/damine.tn/manual/ko/mod/mod_filter.html" failed (2: No such file or directory), client: 173.245.54.231, server: damine.tn, request: "GET /manual/ko/mod/mod_filter.html HTTP/1.1", host: "damine.tn"
2020/09/09 02:44:46 [error] 695#695: *2433 open() "/usr/share/nginx/damine.tn/manual/ko/programs/other.html" failed (2: No such file or directory), client: 162.158.78.174, server: damine.tn, request: "GET /manual/ko/programs/other.html HTTP/1.1", host: "damine.tn"
2020/09/09 04:01:49 [error] 695#695: *2454 open() "/usr/share/nginx/damine.tn/manual/ko/mod/mod_nw_ssl.html" failed (2: No such file or directory), client: 172.69.63.55, server: damine.tn, request: "GET /manual/ko/mod/mod_nw_ssl.html HTTP/1.1", host: "damine.tn"
2020/09/09 05:19:57 [error] 694#694: *2458 open() "/usr/share/nginx/damine.tn/manual/ko/mod/mod_buffer.html" failed (2: No such file or directory), client: 162.158.106.118, server: damine.tn, request: "GET /manual/ko/mod/mod_buffer.html HTTP/1.1", host: "damine.tn"
2020/09/09 06:35:00 [error] 694#694: *2462 open() "/usr/share/nginx/damine.tn/manual/ko/mod/mpm_netware.html" failed (2: No such file or directory), client: 108.162.245.14, server: damine.tn, request: "GET /manual/ko/mod/mpm_netware.html HTTP/1.1", host: "damine.tn"
2020/09/09 07:51:54 [error] 694#694: *2469 open() "/usr/share/nginx/damine.tn/manual/ko/mod/mod_xml2enc.html" failed (2: No such file or directory), client: 162.158.107.5, server: damine.tn, request: "GET /manual/ko/mod/mod_xml2enc.html HTTP/1.1", host: "damine.tn"
2020/09/09 09:02:57 [error] 695#695: *2480 open() "/usr/share/nginx/damine.tn/robots.txt" failed (2: No such file or directory), client: 108.162.246.161, server: damine.tn, request: "GET /robots.txt HTTP/1.1", host: "damine.tn"
2020/09/09 09:02:58 [error] 695#695: *2481 open() "/usr/share/nginx/damine.tn/manual/ja/mod/mod_userdir.html" failed (2: No such file or directory), client: 162.158.106.10, server: damine.tn, request: "GET /manual/ja/mod/mod_userdir.html HTTP/1.1", host: "damine.tn"
2020/09/09 10:24:10 [error] 694#694: *2498 open() "/usr/share/nginx/damine.tn/robots.txt" failed (2: No such file or directory), client: 108.162.246.165, server: damine.tn, request: "GET /robots.txt HTTP/1.1", host: "damine.tn"
2020/09/09 10:24:11 [error] 694#694: *2500 open() "/usr/share/nginx/damine.tn/manual/ko/mod/mod_expires.html" failed (2: No such file or directory), client: 108.162.245.6, server: damine.tn, request: "GET /manual/ko/mod/mod_expires.html HTTP/1.1", host: "damine.tn"
2020/09/09 10:43:26 [error] 694#694: *2504 open() "/usr/share/nginx/damine.tn/manual/fr/programs/htdbm.html" failed (2: No such file or directory), client: 162.158.106.124, server: damine.tn, request: "GET /manual/fr/programs/htdbm.html HTTP/1.1", host: "damine.tn"
2020/09/09 11:37:32 [error] 694#694: *2512 open() "/usr/share/nginx/damine.tn/manual/ko/mod/mod_version.html" failed (2: No such file or directory), client: 162.158.107.203, server: damine.tn, request: "GET /manual/ko/mod/mod_version.html HTTP/1.1", host: "damine.tn"
2020/09/09 12:54:38 [error] 694#694: *2530 open() "/usr/share/nginx/damine.tn/manual/tr/vhosts/fd-limits.html" failed (2: No such file or directory), client: 108.162.245.180, server: damine.tn, request: "GET /manual/tr/vhosts/fd-limits.html HTTP/1.1", host: "damine.tn"
2020/09/09 13:44:27 [error] 695#695: *2534 open() "/usr/share/nginx/damine.tn/robots.txt" failed (2: No such file or directory), client: 108.162.245.24, server: damine.tn, request: "GET /robots.txt HTTP/1.1", host: "www.damine.tn"
2020/09/09 14:14:19 [error] 695#695: *2538 open() "/usr/share/nginx/damine.tn/manual/ko/vhosts/fd-limits.html" failed (2: No such file or directory), client: 162.158.107.217, server: damine.tn, request: "GET /manual/ko/vhosts/fd-limits.html HTTP/1.1", host: "damine.tn"
2020/09/09 15:23:40 [error] 694#694: *2548 open() "/usr/share/nginx/damine.tn/manual/ja/vhost/name-based.html" failed (2: No such file or directory), client: 108.162.245.86, server: damine.tn, request: "GET /manual/ja/vhost/name-based.html HTTP/1.1", host: "damine.tn"
2020/09/09 16:38:25 [error] 695#695: *2553 open() "/usr/share/nginx/damine.tn/manual/zh-cn/programs/apxs.html" failed (2: No such file or directory), client: 162.158.106.160, server: damine.tn, request: "GET /manual/zh-cn/programs/apxs.html HTTP/1.1", host: "damine.tn"
2020/09/09 17:17:02 [error] 695#695: *2562 open() "/usr/share/nginx/damine.tn/font/roboto/Roboto-Regular.woff2" failed (2: No such file or directory), client: 172.68.25.185, server: damine.tn, request: "GET /font/roboto/Roboto-Regular.woff2 HTTP/1.1", host: "www.damine.tn", referrer: "https://www.damine.tn/css/mdb.min.css"
2020/09/09 17:17:03 [error] 694#694: *2563 open() "/usr/share/nginx/damine.tn/font/roboto/Roboto-Regular.woff" failed (2: No such file or directory), client: 172.68.24.132, server: damine.tn, request: "GET /font/roboto/Roboto-Regular.woff HTTP/1.1", host: "www.damine.tn", referrer: "https://www.damine.tn/css/mdb.min.css"
2020/09/09 17:17:04 [error] 694#694: *2564 open() "/usr/share/nginx/damine.tn/font/roboto/Roboto-Regular.ttf" failed (2: No such file or directory), client: 172.68.25.195, server: damine.tn, request: "GET /font/roboto/Roboto-Regular.ttf HTTP/1.1", host: "www.damine.tn", referrer: "https://www.damine.tn/css/mdb.min.css"
2020/09/09 17:17:05 [error] 694#694: *2567 open() "/usr/share/nginx/damine.tn/font/roboto/Roboto-Bold.woff2" failed (2: No such file or directory), client: 172.68.24.200, server: damine.tn, request: "GET /font/roboto/Roboto-Bold.woff2 HTTP/1.1", host: "www.damine.tn", referrer: "https://www.damine.tn/css/mdb.min.css"
2020/09/09 17:17:06 [error] 694#694: *2568 open() "/usr/share/nginx/damine.tn/font/roboto/Roboto-Bold.woff" failed (2: No such file or directory), client: 172.68.24.148, server: damine.tn, request: "GET /font/roboto/Roboto-Bold.woff HTTP/1.1", host: "www.damine.tn", referrer: "https://www.damine.tn/css/mdb.min.css"
2020/09/09 17:17:07 [error] 694#694: *2569 open() "/usr/share/nginx/damine.tn/font/roboto/Roboto-Bold.ttf" failed (2: No such file or directory), client: 172.68.24.114, server: damine.tn, request: "GET /font/roboto/Roboto-Bold.ttf HTTP/1.1", host: "www.damine.tn", referrer: "https://www.damine.tn/css/mdb.min.css"
2020/09/09 17:22:20 [error] 694#694: *2577 open() "/usr/share/nginx/damine.tn/robots.txt" failed (2: No such file or directory), client: 108.162.245.24, server: damine.tn, request: "GET /robots.txt HTTP/1.1", host: "www.damine.tn"
2020/09/09 17:37:00 [error] 694#694: *2581 open() "/usr/share/nginx/damine.tn/.well-known/assetlinks.json" failed (2: No such file or directory), client: 162.158.107.89, server: damine.tn, request: "GET /.well-known/assetlinks.json HTTP/1.1", host: "damine.tn"
2020/09/09 17:59:15 [error] 694#694: *2583 open() "/usr/share/nginx/damine.tn/manual/ko/mod/mod_userdir.html" failed (2: No such file or directory), client: 108.162.245.100, server: damine.tn, request: "GET /manual/ko/mod/mod_userdir.html HTTP/1.1", host: "damine.tn"
2020/09/09 18:23:24 [error] 695#695: *2588 open() "/usr/share/nginx/damine.tn/manual/ja/programs/suexec.html" failed (2: No such file or directory), client: 108.162.245.70, server: damine.tn, request: "GET /manual/ja/programs/suexec.html HTTP/1.1", host: "damine.tn"
2020/09/09 18:30:55 [error] 695#695: *2590 open() "/usr/share/nginx/damine.tn/manual/ja/mod/mod_version.html" failed (2: No such file or directory), client: 162.158.106.100, server: damine.tn, request: "GET /manual/ja/mod/mod_version.html HTTP/1.1", host: "damine.tn"
2020/09/09 18:51:20 [error] 695#695: *2594 open() "/usr/share/nginx/damine.tn/manual/ko/mod/mod_session.html" failed (2: No such file or directory), client: 108.162.245.124, server: damine.tn, request: "GET /manual/ko/mod/mod_session.html HTTP/1.1", host: "damine.tn"
2020/09/09 18:51:35 [error] 694#694: *2596 open() "/usr/share/nginx/damine.tn/robots.txt" failed (2: No such file or directory), client: 172.68.214.13, server: damine.tn, request: "GET /robots.txt HTTP/1.1", host: "damine.tn"
2020/09/09 18:54:19 [error] 694#694: *2599 open() "/usr/share/nginx/damine.tn/manual/ko/mod/mod_request.html" failed (2: No such file or directory), client: 108.162.245.62, server: damine.tn, request: "GET /manual/ko/mod/mod_request.html HTTP/1.1", host: "damine.tn"
2020/09/09 19:18:58 [error] 694#694: *2601 open() "/usr/share/nginx/damine.tn/manual/ja/mod/mod_speling.html" failed (2: No such file or directory), client: 162.158.106.82, server: damine.tn, request: "GET /manual/ja/mod/mod_speling.html HTTP/1.1", host: "damine.tn"
2020/09/09 20:41:06 [error] 694#694: *2610 open() "/usr/share/nginx/damine.tn/manual/ja/vhosts/fd-limits.html" failed (2: No such file or directory), client: 162.158.106.130, server: damine.tn, request: "GET /manual/ja/vhosts/fd-limits.html HTTP/1.1", host: "damine.tn"
2020/09/09 21:50:42 [error] 694#694: *2614 open() "/usr/share/nginx/damine.tn/robots.txt" failed (2: No such file or directory), client: 108.162.246.165, server: damine.tn, request: "GET /robots.txt HTTP/1.1", host: "damine.tn"
2020/09/09 21:50:43 [error] 694#694: *2615 open() "/usr/share/nginx/damine.tn/manual/es/mod/mod_remoteip.html" failed (2: No such file or directory), client: 162.158.106.142, server: damine.tn, request: "GET /manual/es/mod/mod_remoteip.html HTTP/1.1", host: "damine.tn"
2020/09/09 22:21:06 [error] 694#694: *2619 open() "/usr/share/nginx/damine.tn/robots.txt" failed (2: No such file or directory), client: 162.158.159.96, server: damine.tn, request: "GET /robots.txt HTTP/1.1", host: "www.damine.tn"
2020/09/09 23:13:05 [error] 694#694: *2623 open() "/usr/share/nginx/damine.tn/robots.txt" failed (2: No such file or directory), client: 108.162.246.165, server: damine.tn, request: "GET /robots.txt HTTP/1.1", host: "damine.tn"
2020/09/09 23:13:07 [error] 694#694: *2625 open() "/usr/share/nginx/damine.tn/manual/ko/mod/mod_authn_dbd.html" failed (2: No such file or directory), client: 162.158.106.100, server: damine.tn, request: "GET /manual/ko/mod/mod_authn_dbd.html HTTP/1.1", host: "damine.tn"
2020/09/09 23:25:36 [error] 694#694: *2633 open() "/usr/share/nginx/damine.tn/font/roboto/Roboto-Regular.woff2" failed (2: No such file or directory), client: 162.158.79.133, server: damine.tn, request: "GET /font/roboto/Roboto-Regular.woff2 HTTP/1.1", host: "www.damine.tn", referrer: "https://www.damine.tn/css/mdb.min.css"
2020/09/09 23:25:37 [error] 694#694: *2634 open() "/usr/share/nginx/damine.tn/font/roboto/Roboto-Regular.woff" failed (2: No such file or directory), client: 162.158.79.103, server: damine.tn, request: "GET /font/roboto/Roboto-Regular.woff HTTP/1.1", host: "www.damine.tn", referrer: "https://www.damine.tn/css/mdb.min.css"
2020/09/09 23:25:37 [error] 694#694: *2635 open() "/usr/share/nginx/damine.tn/font/roboto/Roboto-Regular.ttf" failed (2: No such file or directory), client: 162.158.78.78, server: damine.tn, request: "GET /font/roboto/Roboto-Regular.ttf HTTP/1.1", host: "www.damine.tn", referrer: "https://www.damine.tn/css/mdb.min.css"
2020/09/09 23:25:38 [error] 694#694: *2638 open() "/usr/share/nginx/damine.tn/font/roboto/Roboto-Bold.woff2" failed (2: No such file or directory), client: 172.69.63.181, server: damine.tn, request: "GET /font/roboto/Roboto-Bold.woff2 HTTP/1.1", host: "www.damine.tn", referrer: "https://www.damine.tn/css/mdb.min.css"
2020/09/09 23:25:38 [error] 695#695: *2639 open() "/usr/share/nginx/damine.tn/font/roboto/Roboto-Bold.woff" failed (2: No such file or directory), client: 172.68.65.150, server: damine.tn, request: "GET /font/roboto/Roboto-Bold.woff HTTP/1.1", host: "www.damine.tn", referrer: "https://www.damine.tn/css/mdb.min.css"
2020/09/09 23:25:39 [error] 695#695: *2640 open() "/usr/share/nginx/damine.tn/font/roboto/Roboto-Bold.ttf" failed (2: No such file or directory), client: 162.158.79.159, server: damine.tn, request: "GET /font/roboto/Roboto-Bold.ttf HTTP/1.1", host: "www.damine.tn", referrer: "https://www.damine.tn/css/mdb.min.css"
2020/09/09 23:59:45 [error] 694#694: *2645 open() "/usr/share/nginx/damine.tn/favicon.ico" failed (2: No such file or directory), client: 108.162.245.90, server: damine.tn, request: "GET /favicon.ico HTTP/1.1", host: "damine.tn"
2020/09/10 00:22:07 [error] 694#694: *2649 open() "/usr/share/nginx/damine.tn/manual/ko/mod/mod_cern_meta.html" failed (2: No such file or directory), client: 162.158.107.85, server: damine.tn, request: "GET /manual/ko/mod/mod_cern_meta.html HTTP/1.1", host: "damine.tn"
2020/09/10 01:39:48 [error] 695#695: *2655 open() "/usr/share/nginx/damine.tn/manual/ko/misc/rewriteguide.html" failed (2: No such file or directory), client: 108.162.245.132, server: damine.tn, request: "GET /manual/ko/misc/rewriteguide.html HTTP/1.1", host: "damine.tn"
2020/09/10 02:23:01 [error] 694#694: *2667 open() "/usr/share/nginx/damine.tn/favicon.ico" failed (2: No such file or directory), client: 108.162.245.90, server: damine.tn, request: "GET /favicon.ico HTTP/1.1", host: "damine.tn"
2020/09/10 02:53:41 [error] 694#694: *2669 open() "/usr/share/nginx/damine.tn/manual/ja/mod/mod_auth_form.html" failed (2: No such file or directory), client: 108.162.245.100, server: damine.tn, request: "GET /manual/ja/mod/mod_auth_form.html HTTP/1.1", host: "damine.tn"
2020/09/10 04:09:34 [error] 694#694: *2678 open() "/usr/share/nginx/damine.tn/manual/ko/mod/mod_authz_dbd.html" failed (2: No such file or directory), client: 108.162.245.164, server: damine.tn, request: "GET /manual/ko/mod/mod_authz_dbd.html HTTP/1.1", host: "damine.tn"
2020/09/10 05:28:33 [error] 694#694: *2686 open() "/usr/share/nginx/damine.tn/manual/ko/mod/mod_privileges.html" failed (2: No such file or directory), client: 162.158.107.163, server: damine.tn, request: "GET /manual/ko/mod/mod_privileges.html HTTP/1.1", host: "damine.tn"
2020/09/10 06:41:02 [error] 694#694: *2692 open() "/usr/share/nginx/damine.tn/manual/ko/mod/mod_reqtimeout.html" failed (2: No such file or directory), client: 162.158.106.58, server: damine.tn, request: "GET /manual/ko/mod/mod_reqtimeout.html HTTP/1.1", host: "damine.tn"
2020/09/10 07:57:20 [error] 694#694: *2697 open() "/usr/share/nginx/damine.tn/manual/ko/mod/mod_substitute.html" failed (2: No such file or directory), client: 162.158.107.83, server: damine.tn, request: "GET /manual/ko/mod/mod_substitute.html HTTP/1.1", host: "damine.tn"
2020/09/10 09:12:37 [error] 694#694: *2716 open() "/usr/share/nginx/damine.tn/manual/es/mod/mod_authn_core.html" failed (2: No such file or directory), client: 162.158.107.229, server: damine.tn, request: "GET /manual/es/mod/mod_authn_core.html HTTP/1.1", host: "damine.tn"
2020/09/10 10:28:23 [error] 695#695: *2728 open() "/usr/share/nginx/damine.tn/robots.txt" failed (2: No such file or directory), client: 108.162.246.165, server: damine.tn, request: "GET /robots.txt HTTP/1.1", host: "damine.tn"
2020/09/10 10:28:24 [error] 694#694: *2729 open() "/usr/share/nginx/damine.tn/manual/ko/mod/mod_proxy_html.html" failed (2: No such file or directory), client: 162.158.106.178, server: damine.tn, request: "GET /manual/ko/mod/mod_proxy_html.html HTTP/1.1", host: "damine.tn"
2020/09/10 11:46:28 [error] 694#694: *2742 open() "/usr/share/nginx/damine.tn/robots.txt" failed (2: No such file or directory), client: 108.162.246.165, server: damine.tn, request: "GET /robots.txt HTTP/1.1", host: "damine.tn"
2020/09/10 11:46:30 [error] 694#694: *2744 open() "/usr/share/nginx/damine.tn/manual/ja/mod/mod_mime_magic.html" failed (2: No such file or directory), client: 162.158.107.131, server: damine.tn, request: "GET /manual/ja/mod/mod_mime_magic.html HTTP/1.1", host: "damine.tn"
2020/09/10 12:59:58 [error] 694#694: *2751 open() "/usr/share/nginx/damine.tn/manual/ko/mod/mod_mime_magic.html" failed (2: No such file or directory), client: 108.162.245.18, server: damine.tn, request: "GET /manual/ko/mod/mod_mime_magic.html HTTP/1.1", host: "damine.tn"
2020/09/10 14:16:19 [error] 694#694: *3313 open() "/usr/share/nginx/damine.tn/manual/ko/mod/mod_proxy_express.html" failed (2: No such file or directory), client: 162.158.106.88, server: damine.tn, request: "GET /manual/ko/mod/mod_proxy_express.html HTTP/1.1", host: "damine.tn"
2020/09/10 15:31:32 [error] 695#695: *3319 open() "/usr/share/nginx/damine.tn/manual/tr/programs/split-logfile.html" failed (2: No such file or directory), client: 162.158.107.95, server: damine.tn, request: "GET /manual/tr/programs/split-logfile.html HTTP/1.1", host: "damine.tn"
2020/09/10 16:56:34 [error] 695#695: *3333 open() "/usr/share/nginx/damine.tn/manual/ko/mod/mod_lbmethod_heartbeat.html" failed (2: No such file or directory), client: 108.162.246.239, server: damine.tn, request: "GET /manual/ko/mod/mod_lbmethod_heartbeat.html HTTP/1.1", host: "damine.tn"
2020/09/10 18:03:06 [error] 694#694: *3344 open() "/usr/share/nginx/damine.tn/manual/ja/mod/mod_env.html" failed (2: No such file or directory), client: 162.158.106.52, server: damine.tn, request: "GET /manual/ja/mod/mod_env.html HTTP/1.1", host: "damine.tn"
2020/09/10 18:39:30 [error] 695#695: *3347 open() "/usr/share/nginx/damine.tn/manual/en/mod/mod_env.html" failed (2: No such file or directory), client: 162.158.106.238, server: damine.tn, request: "GET /manual/en/mod/mod_env.html HTTP/1.1", host: "damine.tn"
2020/09/10 18:44:57 [error] 695#695: *3349 open() "/usr/share/nginx/damine.tn/manual/en/developer/index.html" failed (2: No such file or directory), client: 108.162.245.18, server: damine.tn, request: "GET /manual/en/developer/index.html HTTP/1.1", host: "damine.tn"
2020/09/10 18:47:30 [error] 695#695: *3351 open() "/usr/share/nginx/damine.tn/manual/ko/developer/hooks.html" failed (2: No such file or directory), client: 108.162.246.105, server: damine.tn, request: "GET /manual/ko/developer/hooks.html HTTP/1.1", host: "damine.tn"
2020/09/10 18:49:56 [error] 695#695: *3353 open() "/usr/share/nginx/damine.tn/manual/ko/developer/filters.html" failed (2: No such file or directory), client: 162.158.107.11, server: damine.tn, request: "GET /manual/ko/developer/filters.html HTTP/1.1", host: "damine.tn"
2020/09/10 18:56:19 [error] 695#695: *3356 open() "/usr/share/nginx/damine.tn/manual/ko/developer/request.html" failed (2: No such file or directory), client: 108.162.246.183, server: damine.tn, request: "GET /manual/ko/developer/request.html HTTP/1.1", host: "damine.tn"
2020/09/10 19:18:49 [error] 695#695: *3362 open() "/usr/share/nginx/damine.tn/manual/ko/developer/modules.html" failed (2: No such file or directory), client: 108.162.245.4, server: damine.tn, request: "GET /manual/ko/developer/modules.html HTTP/1.1", host: "damine.tn"
2020/09/10 20:34:37 [error] 694#694: *3369 open() "/usr/share/nginx/damine.tn/manual/ko/developer/modguide.html" failed (2: No such file or directory), client: 108.162.246.147, server: damine.tn, request: "GET /manual/ko/developer/modguide.html HTTP/1.1", host: "damine.tn"
2020/09/10 23:27:56 [error] 695#695: *3388 open() "/usr/share/nginx/damine.tn/font/roboto/Roboto-Regular.woff2" failed (2: No such file or directory), client: 108.162.245.100, server: damine.tn, request: "GET /font/roboto/Roboto-Regular.woff2 HTTP/1.1", host: "damine.tn", referrer: "https://damine.tn/css/mdb.min.css"
2020/09/10 23:27:57 [error] 695#695: *3389 open() "/usr/share/nginx/damine.tn/font/roboto/Roboto-Regular.woff" failed (2: No such file or directory), client: 162.158.107.187, server: damine.tn, request: "GET /font/roboto/Roboto-Regular.woff HTTP/1.1", host: "damine.tn", referrer: "https://damine.tn/css/mdb.min.css"
2020/09/10 23:27:58 [error] 695#695: *3390 open() "/usr/share/nginx/damine.tn/font/roboto/Roboto-Regular.ttf" failed (2: No such file or directory), client: 162.158.106.70, server: damine.tn, request: "GET /font/roboto/Roboto-Regular.ttf HTTP/1.1", host: "damine.tn", referrer: "https://damine.tn/css/mdb.min.css"
2020/09/10 23:27:58 [error] 695#695: *3391 open() "/usr/share/nginx/damine.tn/font/roboto/Roboto-Bold.woff2" failed (2: No such file or directory), client: 162.158.107.175, server: damine.tn, request: "GET /font/roboto/Roboto-Bold.woff2 HTTP/1.1", host: "damine.tn", referrer: "https://damine.tn/css/mdb.min.css"
2020/09/10 23:27:59 [error] 695#695: *3394 open() "/usr/share/nginx/damine.tn/font/roboto/Roboto-Bold.woff" failed (2: No such file or directory), client: 162.158.106.154, server: damine.tn, request: "GET /font/roboto/Roboto-Bold.woff HTTP/1.1", host: "damine.tn", referrer: "https://damine.tn/css/mdb.min.css"
2020/09/10 23:27:59 [error] 695#695: *3395 open() "/usr/share/nginx/damine.tn/font/roboto/Roboto-Bold.ttf" failed (2: No such file or directory), client: 108.162.246.129, server: damine.tn, request: "GET /font/roboto/Roboto-Bold.ttf HTTP/1.1", host: "damine.tn", referrer: "https://damine.tn/css/mdb.min.css"
2020/09/11 06:03:25 [error] 695#695: *3556 open() "/usr/share/nginx/damine.tn/robots.txt" failed (2: No such file or directory), client: 162.158.159.96, server: damine.tn, request: "GET /robots.txt HTTP/1.1", host: "www.damine.tn"
2020/09/11 10:21:36 [error] 694#694: *3574 open() "/usr/share/nginx/damine.tn/robots.txt" failed (2: No such file or directory), client: 108.162.246.165, server: damine.tn, request: "GET /robots.txt HTTP/1.1", host: "damine.tn"
2020/09/11 10:21:55 [error] 694#694: *3577 open() "/usr/share/nginx/damine.tn/favicon.ico" failed (2: No such file or directory), client: 108.162.245.90, server: damine.tn, request: "GET /favicon.ico HTTP/1.1", host: "damine.tn"
2020/09/11 12:23:04 [error] 694#694: *3599 open() "/usr/share/nginx/damine.tn/favicon.ico" failed (2: No such file or directory), client: 108.162.245.90, server: damine.tn, request: "GET /favicon.ico HTTP/1.1", host: "damine.tn"
2020/09/12 09:23:43 [error] 694#694: *3958 open() "/usr/share/nginx/damine.tn/robots.txt" failed (2: No such file or directory), client: 141.101.69.175, server: damine.tn, request: "GET /robots.txt HTTP/1.1", host: "www.damine.tn"
2020/09/12 12:46:24 [error] 695#695: *4887 open() "/usr/share/nginx/damine.tn/robots.txt" failed (2: No such file or directory), client: 108.162.246.165, server: damine.tn, request: "GET /robots.txt HTTP/1.1", host: "damine.tn"
2020/09/12 12:46:30 [error] 694#694: *4889 open() "/usr/share/nginx/damine.tn/manual/ko/mod/mod_dav_lock.html" failed (2: No such file or directory), client: 108.162.245.24, server: damine.tn, request: "GET /manual/ko/mod/mod_dav_lock.html HTTP/1.1", host: "damine.tn"
2020/09/12 12:54:29 [error] 694#694: *4891 open() "/usr/share/nginx/damine.tn/manual/ja/mod/mod_remoteip.html" failed (2: No such file or directory), client: 108.162.245.172, server: damine.tn, request: "GET /manual/ja/mod/mod_remoteip.html HTTP/1.1", host: "damine.tn"
2020/09/12 13:00:52 [error] 694#694: *4894 open() "/usr/share/nginx/damine.tn/manual/zh-cn/mod/mod_proxy.html" failed (2: No such file or directory), client: 108.162.245.154, server: damine.tn, request: "GET /manual/zh-cn/mod/mod_proxy.html HTTP/1.1", host: "damine.tn"
2020/09/12 13:06:33 [error] 694#694: *4896 open() "/usr/share/nginx/damine.tn/manual/ko/mod/mod_reflector.html" failed (2: No such file or directory), client: 108.162.245.14, server: damine.tn, request: "GET /manual/ko/mod/mod_reflector.html HTTP/1.1", host: "damine.tn"
2020/09/12 13:11:52 [error] 694#694: *4898 open() "/usr/share/nginx/damine.tn/manual/ja/misc/rewriteguide.html" failed (2: No such file or directory), client: 108.162.246.153, server: damine.tn, request: "GET /manual/ja/misc/rewriteguide.html HTTP/1.1", host: "damine.tn"
2020/09/12 13:18:57 [error] 694#694: *4901 open() "/usr/share/nginx/damine.tn/manual/zh-cn/programs/httpd.html" failed (2: No such file or directory), client: 108.162.245.162, server: damine.tn, request: "GET /manual/zh-cn/programs/httpd.html HTTP/1.1", host: "damine.tn"
2020/09/12 13:23:55 [error] 694#694: *4903 open() "/usr/share/nginx/damine.tn/manual/ko/mod/mod_auth_form.html" failed (2: No such file or directory), client: 162.158.106.142, server: damine.tn, request: "GET /manual/ko/mod/mod_auth_form.html HTTP/1.1", host: "damine.tn"
2020/09/12 13:54:39 [error] 694#694: *4908 open() "/usr/share/nginx/damine.tn/manual/es/mod/mod_auth_form.html" failed (2: No such file or directory), client: 108.162.245.50, server: damine.tn, request: "GET /manual/es/mod/mod_auth_form.html HTTP/1.1", host: "damine.tn"
2020/09/12 13:59:13 [error] 694#694: *4910 open() "/usr/share/nginx/damine.tn/manual/es/vhosts/name-based.html" failed (2: No such file or directory), client: 108.162.245.132, server: damine.tn, request: "GET /manual/es/vhosts/name-based.html HTTP/1.1", host: "damine.tn"
2020/09/12 14:03:43 [error] 694#694: *4913 open() "/usr/share/nginx/damine.tn/manual/ko/mod/mod_proxy_ftp.html" failed (2: No such file or directory), client: 108.162.245.142, server: damine.tn, request: "GET /manual/ko/mod/mod_proxy_ftp.html HTTP/1.1", host: "damine.tn"
2020/09/12 14:08:27 [error] 694#694: *4916 open() "/usr/share/nginx/damine.tn/manual/es/mod/mod_log_debug.html" failed (2: No such file or directory), client: 108.162.245.58, server: damine.tn, request: "GET /manual/es/mod/mod_log_debug.html HTTP/1.1", host: "damine.tn"
2020/09/12 14:14:21 [error] 694#694: *4919 open() "/usr/share/nginx/damine.tn/manual/ja/mod/mod_log_debug.html" failed (2: No such file or directory), client: 162.158.106.46, server: damine.tn, request: "GET /manual/ja/mod/mod_log_debug.html HTTP/1.1", host: "damine.tn"
2020/09/12 14:17:26 [error] 694#694: *4921 open() "/usr/share/nginx/damine.tn/manual/ko/mod/mod_log_debug.html" failed (2: No such file or directory), client: 162.158.107.161, server: damine.tn, request: "GET /manual/ko/mod/mod_log_debug.html HTTP/1.1", host: "damine.tn"
2020/09/12 14:19:59 [error] 694#694: *4923 open() "/usr/share/nginx/damine.tn/manual/es/mod/mod_authz_dbd.html" failed (2: No such file or directory), client: 162.158.106.208, server: damine.tn, request: "GET /manual/es/mod/mod_authz_dbd.html HTTP/1.1", host: "damine.tn"
2020/09/12 14:23:13 [error] 694#694: *4925 open() "/usr/share/nginx/damine.tn/manual/es/mod/mod_authz_dbm.html" failed (2: No such file or directory), client: 162.158.107.167, server: damine.tn, request: "GET /manual/es/mod/mod_authz_dbm.html HTTP/1.1", host: "damine.tn"
2020/09/12 14:24:21 [error] 694#694: *4927 open() "/usr/share/nginx/damine.tn/manual/ja/programs/rotatelogs.html" failed (2: No such file or directory), client: 162.158.106.76, server: damine.tn, request: "GET /manual/ja/programs/rotatelogs.html HTTP/1.1", host: "damine.tn"
2020/09/12 14:25:09 [error] 694#694: *4929 open() "/usr/share/nginx/damine.tn/manual/ko/mod/mod_heartbeat.html" failed (2: No such file or directory), client: 108.162.245.4, server: damine.tn, request: "GET /manual/ko/mod/mod_heartbeat.html HTTP/1.1", host: "damine.tn"
2020/09/12 14:25:35 [error] 694#694: *4931 open() "/usr/share/nginx/damine.tn/manual/ko/mod/mod_vhost_alias.html" failed (2: No such file or directory), client: 108.162.246.111, server: damine.tn, request: "GET /manual/ko/mod/mod_vhost_alias.html HTTP/1.1", host: "damine.tn"
2020/09/12 14:47:08 [error] 694#694: *4933 open() "/usr/share/nginx/damine.tn/manual/ko/mod/mod_authnz_fcgi.html" failed (2: No such file or directory), client: 162.158.107.195, server: damine.tn, request: "GET /manual/ko/mod/mod_authnz_fcgi.html HTTP/1.1", host: "damine.tn"
2020/09/12 15:02:19 [error] 694#694: *4938 open() "/usr/share/nginx/damine.tn/manual/ko/mod/mod_authnz_ldap.html" failed (2: No such file or directory), client: 108.162.245.180, server: damine.tn, request: "GET /manual/ko/mod/mod_authnz_ldap.html HTTP/1.1", host: "damine.tn"
2020/09/12 15:19:31 [error] 694#694: *4941 open() "/usr/share/nginx/damine.tn/manual/ja/mod/mod_vhost_alias.html" failed (2: No such file or directory), client: 162.158.107.207, server: damine.tn, request: "GET /manual/ja/mod/mod_vhost_alias.html HTTP/1.1", host: "damine.tn"
2020/09/12 16:42:46 [error] 695#695: *6099 open() "/usr/share/nginx/damine.tn/manual/es/mod/mod_authnz_ldap.html" failed (2: No such file or directory), client: 108.162.245.112, server: damine.tn, request: "GET /manual/es/mod/mod_authnz_ldap.html HTTP/1.1", host: "damine.tn"
2020/09/12 18:00:05 [error] 694#694: *6227 open() "/usr/share/nginx/damine.tn/manual/ko/mod/mod_session_dbd.html" failed (2: No such file or directory), client: 108.162.245.44, server: damine.tn, request: "GET /manual/ko/mod/mod_session_dbd.html HTTP/1.1", host: "damine.tn"
2020/09/12 19:03:05 [error] 695#695: *6236 open() "/usr/share/nginx/damine.tn/manual/ko/mod/mod_heartmonitor.html" failed (2: No such file or directory), client: 108.162.245.68, server: damine.tn, request: "GET /manual/ko/mod/mod_heartmonitor.html HTTP/1.1", host: "damine.tn"
2020/09/12 19:09:23 [error] 694#694: *6238 open() "/usr/share/nginx/damine.tn/manual/ko/mod/mod_log_forensic.html" failed (2: No such file or directory), client: 162.158.107.41, server: damine.tn, request: "GET /manual/ko/mod/mod_log_forensic.html HTTP/1.1", host: "damine.tn"
2020/09/12 19:14:50 [error] 694#694: *6241 open() "/usr/share/nginx/damine.tn/manual/ko/mod/mod_proxy_hcheck.html" failed (2: No such file or directory), client: 162.158.107.221, server: damine.tn, request: "GET /manual/ko/mod/mod_proxy_hcheck.html HTTP/1.1", host: "damine.tn"
2020/09/12 19:19:45 [error] 694#694: *6244 open() "/usr/share/nginx/damine.tn/manual/zh-cn/mod/mod_autoindex.html" failed (2: No such file or directory), client: 108.162.246.195, server: damine.tn, request: "GET /manual/zh-cn/mod/mod_autoindex.html HTTP/1.1", host: "damine.tn"
2020/09/12 19:24:55 [error] 694#694: *6266 open() "/usr/share/nginx/damine.tn/manual/ko/mod/mod_allowmethods.html" failed (2: No such file or directory), client: 162.158.107.95, server: damine.tn, request: "GET /manual/ko/mod/mod_allowmethods.html HTTP/1.1", host: "damine.tn"
2020/09/12 20:29:19 [error] 694#694: *6273 open() "/usr/share/nginx/damine.tn/manual/ko/mod/mod_authn_socache.html" failed (2: No such file or directory), client: 108.162.246.123, server: damine.tn, request: "GET /manual/ko/mod/mod_authn_socache.html HTTP/1.1", host: "damine.tn"
2020/09/12 21:37:40 [error] 694#694: *6275 open() "/usr/share/nginx/damine.tn/manual/ko/mod/mod_cache_socache.html" failed (2: No such file or directory), client: 108.162.246.243, server: damine.tn, request: "GET /manual/ko/mod/mod_cache_socache.html HTTP/1.1", host: "damine.tn"
2020/09/12 22:47:04 [error] 695#695: *6286 open() "/usr/share/nginx/damine.tn/manual/ko/mod/mod_proxy_connect.html" failed (2: No such file or directory), client: 108.162.246.117, server: damine.tn, request: "GET /manual/ko/mod/mod_proxy_connect.html HTTP/1.1", host: "damine.tn"
2020/09/13 00:09:08 [error] 695#695: *6296 open() "/usr/share/nginx/damine.tn/manual/zh-cn/mod/directive-dict.html" failed (2: No such file or directory), client: 108.162.246.243, server: damine.tn, request: "GET /manual/zh-cn/mod/directive-dict.html HTTP/1.1", host: "damine.tn"
2020/09/13 01:15:39 [error] 694#694: *6300 open() "/usr/share/nginx/damine.tn/robots.txt" failed (2: No such file or directory), client: 108.162.246.165, server: damine.tn, request: "GET /robots.txt HTTP/1.1", host: "damine.tn"
2020/09/13 01:15:50 [error] 694#694: *6302 open() "/usr/share/nginx/damine.tn/manual/ko/mod/mod_session_cookie.html" failed (2: No such file or directory), client: 108.162.245.62, server: damine.tn, request: "GET /manual/ko/mod/mod_session_cookie.html HTTP/1.1", host: "damine.tn"
2020/09/13 02:33:42 [error] 694#694: *6313 open() "/usr/share/nginx/damine.tn/robots.txt" failed (2: No such file or directory), client: 162.158.183.135, server: damine.tn, request: "GET /robots.txt HTTP/1.1", host: "damine.tn", referrer: "http://damine.tn/robots.txt"
2020/09/13 02:33:43 [error] 694#694: *6315 open() "/usr/share/nginx/damine.tn/humans.txt" failed (2: No such file or directory), client: 162.158.183.235, server: damine.tn, request: "GET /humans.txt HTTP/1.1", host: "damine.tn", referrer: "http://damine.tn/humans.txt"
2020/09/13 02:33:43 [error] 694#694: *6317 open() "/usr/share/nginx/damine.tn/ads.txt" failed (2: No such file or directory), client: 162.158.183.217, server: damine.tn, request: "GET /ads.txt HTTP/1.1", host: "damine.tn", referrer: "http://damine.tn/ads.txt"
2020/09/13 02:43:13 [error] 694#694: *6321 open() "/usr/share/nginx/damine.tn/manual/ko/mod/mod_session_crypto.html" failed (2: No such file or directory), client: 108.162.245.106, server: damine.tn, request: "GET /manual/ko/mod/mod_session_crypto.html HTTP/1.1", host: "damine.tn"
2020/09/13 04:55:26 [error] 694#694: *6329 open() "/usr/share/nginx/damine.tn/manual/es/mod/mod_authz_groupfile.html" failed (2: No such file or directory), client: 162.158.107.195, server: damine.tn, request: "GET /manual/es/mod/mod_authz_groupfile.html HTTP/1.1", host: "damine.tn"
2020/09/13 05:40:50 [error] 694#694: *6343 open() "/usr/share/nginx/damine.tn/manual/ko/mod/mod_socache_memcache.html" failed (2: No such file or directory), client: 162.158.107.101, server: damine.tn, request: "GET /manual/ko/mod/mod_socache_memcache.html HTTP/1.1", host: "damine.tn"
2020/09/13 07:11:24 [error] 694#694: *6356 open() "/usr/share/nginx/damine.tn/manual/zh-cn/developer/index.html" failed (2: No such file or directory), client: 162.158.106.142, server: damine.tn, request: "GET /manual/zh-cn/developer/index.html HTTP/1.1", host: "damine.tn"
2020/09/13 07:55:07 [error] 695#695: *6363 open() "/usr/share/nginx/damine.tn/manual/ko/developer/new_api_2_4.html" failed (2: No such file or directory), client: 162.158.106.28, server: damine.tn, request: "GET /manual/ko/developer/new_api_2_4.html HTTP/1.1", host: "damine.tn"
2020/09/13 08:43:09 [error] 695#695: *6365 open() "/usr/share/nginx/damine.tn/robots.txt" failed (2: No such file or directory), client: 108.162.245.24, server: damine.tn, request: "GET /robots.txt HTTP/1.1", host: "www.damine.tn"
2020/09/13 09:26:59 [error] 695#695: *6370 open() "/usr/share/nginx/damine.tn/manual/ko/developer/documenting.html" failed (2: No such file or directory), client: 162.158.106.220, server: damine.tn, request: "GET /manual/ko/developer/documenting.html HTTP/1.1", host: "damine.tn"
2020/09/13 12:28:27 [error] 695#695: *6388 open() "/usr/share/nginx/damine.tn/robots.txt" failed (2: No such file or directory), client: 108.162.219.182, server: damine.tn, request: "GET /robots.txt HTTP/1.1", host: "damine.tn"
2020/09/13 14:10:01 [error] 695#695: *6393 open() "/usr/share/nginx/damine.tn/robots.txt" failed (2: No such file or directory), client: 108.162.245.24, server: damine.tn, request: "GET /robots.txt HTTP/1.1", host: "www.damine.tn"
2020/09/13 14:10:27 [error] 695#695: *6396 open() "/usr/share/nginx/damine.tn/favicon.ico" failed (2: No such file or directory), client: 162.158.107.17, server: damine.tn, request: "GET /favicon.ico HTTP/1.1", host: "www.damine.tn"
2020/09/13 16:18:36 [error] 695#695: *6399 open() "/usr/share/nginx/damine.tn/robots.txt" failed (2: No such file or directory), client: 162.158.159.96, server: damine.tn, request: "GET /robots.txt HTTP/1.1", host: "www.damine.tn"
2020/09/13 16:28:23 [error] 694#694: *6401 open() "/usr/share/nginx/damine.tn/favicon.ico" failed (2: No such file or directory), client: 162.158.107.17, server: damine.tn, request: "GET /favicon.ico HTTP/1.1", host: "www.damine.tn"
2020/09/13 22:50:49 [error] 695#695: *6421 open() "/usr/share/nginx/damine.tn/favicon.ico" failed (2: No such file or directory), client: 162.158.107.17, server: damine.tn, request: "GET /favicon.ico HTTP/1.1", host: "www.damine.tn"
2020/09/13 23:36:35 [error] 695#695: *6427 open() "/usr/share/nginx/damine.tn/wp-login.php" failed (2: No such file or directory), client: 162.158.165.170, server: damine.tn, request: "GET /wp-login.php HTTP/1.1", host: "damine.tn", referrer: "http://damine.tn/wp-login.php"
2020/09/14 09:01:17 [error] 694#694: *6634 open() "/usr/share/nginx/damine.tn/wp-includes/js/jquery/jquery.js" failed (2: No such file or directory), client: 141.101.69.141, server: damine.tn, request: "GET /wp-includes/js/jquery/jquery.js HTTP/1.1", host: "damine.tn"
2020/09/14 09:01:18 [error] 694#694: *6636 open() "/usr/share/nginx/damine.tn/administrator/help/en-GB/toc.json" failed (2: No such file or directory), client: 141.101.69.119, server: damine.tn, request: "GET /administrator/help/en-GB/toc.json HTTP/1.1", host: "damine.tn"
2020/09/14 09:01:18 [error] 695#695: *6638 open() "/usr/share/nginx/damine.tn/administrator/language/en-GB/install.xml" failed (2: No such file or directory), client: 108.162.229.50, server: damine.tn, request: "GET /administrator/language/en-GB/install.xml HTTP/1.1", host: "damine.tn"
2020/09/14 09:01:18 [error] 695#695: *6640 open() "/usr/share/nginx/damine.tn/plugins/system/debug/debug.xml" failed (2: No such file or directory), client: 141.101.69.99, server: damine.tn, request: "GET /plugins/system/debug/debug.xml HTTP/1.1", host: "damine.tn"
2020/09/14 09:01:18 [error] 695#695: *6642 "/usr/share/nginx/damine.tn/administrator/index.php" is not found (2: No such file or directory), client: 141.101.69.99, server: damine.tn, request: "GET /administrator/ HTTP/1.1", host: "damine.tn"
2020/09/14 09:01:19 [error] 695#695: *6644 open() "/usr/share/nginx/damine.tn/misc/ajax.js" failed (2: No such file or directory), client: 108.162.229.200, server: damine.tn, request: "GET /misc/ajax.js HTTP/1.1", host: "damine.tn"
2020/09/14 09:01:20 [error] 695#695: *6651 open() "/usr/share/nginx/damine.tn/admin/view/javascript/common.js" failed (2: No such file or directory), client: 141.101.69.209, server: damine.tn, request: "GET /admin/view/javascript/common.js HTTP/1.1", host: "damine.tn"
2020/09/14 09:01:20 [error] 695#695: *6653 open() "/usr/share/nginx/damine.tn/images/editor/separator.gif" failed (2: No such file or directory), client: 141.101.69.63, server: damine.tn, request: "GET /images/editor/separator.gif HTTP/1.1", host: "damine.tn"
2020/09/14 09:01:21 [error] 695#695: *6655 open() "/usr/share/nginx/damine.tn/js/header-rollup-554.js" failed (2: No such file or directory), client: 108.162.229.220, server: damine.tn, request: "GET /js/header-rollup-554.js HTTP/1.1", host: "damine.tn"
2020/09/14 09:01:21 [error] 695#695: *6657 open() "/usr/share/nginx/damine.tn/vendor/phpunit/phpunit/LICENSE" failed (2: No such file or directory), client: 108.162.229.18, server: damine.tn, request: "GET /vendor/phpunit/phpunit/LICENSE HTTP/1.1", host: "damine.tn"
2020/09/14 09:01:21 [error] 695#695: *6659 open() "/usr/share/nginx/damine.tn/.env" failed (2: No such file or directory), client: 108.162.229.18, server: damine.tn, request: "GET /.env HTTP/1.1", host: "damine.tn"
2020/09/14 15:15:48 [error] 695#695: *6809 open() "/usr/share/nginx/damine.tn/font/roboto/Roboto-Regular.woff2" failed (2: No such file or directory), client: 172.68.25.185, server: damine.tn, request: "GET /font/roboto/Roboto-Regular.woff2 HTTP/1.1", host: "www.damine.tn", referrer: "https://www.damine.tn/css/mdb.min.css"
2020/09/14 15:15:49 [error] 695#695: *6810 open() "/usr/share/nginx/damine.tn/font/roboto/Roboto-Regular.woff" failed (2: No such file or directory), client: 172.68.24.132, server: damine.tn, request: "GET /font/roboto/Roboto-Regular.woff HTTP/1.1", host: "www.damine.tn", referrer: "https://www.damine.tn/css/mdb.min.css"
2020/09/14 15:15:52 [error] 695#695: *6811 open() "/usr/share/nginx/damine.tn/font/roboto/Roboto-Regular.ttf" failed (2: No such file or directory), client: 172.68.25.195, server: damine.tn, request: "GET /font/roboto/Roboto-Regular.ttf HTTP/1.1", host: "www.damine.tn", referrer: "https://www.damine.tn/css/mdb.min.css"
2020/09/14 15:15:53 [error] 695#695: *6813 open() "/usr/share/nginx/damine.tn/font/roboto/Roboto-Bold.woff2" failed (2: No such file or directory), client: 172.68.24.200, server: damine.tn, request: "GET /font/roboto/Roboto-Bold.woff2 HTTP/1.1", host: "www.damine.tn", referrer: "https://www.damine.tn/css/mdb.min.css"
2020/09/14 15:15:54 [error] 695#695: *6816 open() "/usr/share/nginx/damine.tn/font/roboto/Roboto-Bold.woff" failed (2: No such file or directory), client: 172.68.24.148, server: damine.tn, request: "GET /font/roboto/Roboto-Bold.woff HTTP/1.1", host: "www.damine.tn", referrer: "https://www.damine.tn/css/mdb.min.css"
2020/09/14 15:15:54 [error] 695#695: *6817 open() "/usr/share/nginx/damine.tn/font/roboto/Roboto-Bold.ttf" failed (2: No such file or directory), client: 172.68.24.114, server: damine.tn, request: "GET /font/roboto/Roboto-Bold.ttf HTTP/1.1", host: "www.damine.tn", referrer: "https://www.damine.tn/css/mdb.min.css"
2020/09/14 17:18:17 [error] 695#695: *6830 open() "/usr/share/nginx/damine.tn/wp-login.php" failed (2: No such file or directory), client: 188.114.102.22, server: damine.tn, request: "GET /wp-login.php HTTP/1.1", host: "www.damine.tn"
2020/09/14 17:18:17 [error] 695#695: *6831 open() "/usr/share/nginx/damine.tn/blog/wp-login.php" failed (2: No such file or directory), client: 188.114.102.22, server: damine.tn, request: "GET /blog/wp-login.php HTTP/1.1", host: "www.damine.tn"
2020/09/14 17:18:17 [error] 695#695: *6832 open() "/usr/share/nginx/damine.tn/blogs/wp-login.php" failed (2: No such file or directory), client: 188.114.102.22, server: damine.tn, request: "GET /blogs/wp-login.php HTTP/1.1", host: "www.damine.tn"
2020/09/14 17:18:17 [error] 695#695: *6833 open() "/usr/share/nginx/damine.tn/home/wp-login.php" failed (2: No such file or directory), client: 188.114.102.22, server: damine.tn, request: "GET /home/wp-login.php HTTP/1.1", host: "www.damine.tn"
2020/09/14 17:18:17 [error] 695#695: *6834 open() "/usr/share/nginx/damine.tn/wordpress/wp-login.php" failed (2: No such file or directory), client: 188.114.102.22, server: damine.tn, request: "GET /wordpress/wp-login.php HTTP/1.1", host: "www.damine.tn"
2020/09/14 17:18:17 [error] 695#695: *6833 open() "/usr/share/nginx/damine.tn/press/wp-login.php" failed (2: No such file or directory), client: 188.114.102.22, server: damine.tn, request: "GET /press/wp-login.php HTTP/1.1", host: "www.damine.tn"
2020/09/14 17:18:17 [error] 695#695: *6834 open() "/usr/share/nginx/damine.tn/wp/wp-login.php" failed (2: No such file or directory), client: 188.114.102.22, server: damine.tn, request: "GET /wp/wp-login.php HTTP/1.1", host: "www.damine.tn"
2020/09/14 17:18:17 [error] 695#695: *6830 open() "/usr/share/nginx/damine.tn/wpmu/wp-login.php" failed (2: No such file or directory), client: 188.114.102.22, server: damine.tn, request: "GET /wpmu/wp-login.php HTTP/1.1", host: "www.damine.tn"
2020/09/14 17:18:17 [error] 695#695: *6834 open() "/usr/share/nginx/damine.tn/web/wp-login.php" failed (2: No such file or directory), client: 188.114.102.22, server: damine.tn, request: "GET /web/wp-login.php HTTP/1.1", host: "www.damine.tn"
2020/09/14 17:18:17 [error] 695#695: *6835 open() "/usr/share/nginx/damine.tn/new/wp-login.php" failed (2: No such file or directory), client: 188.114.102.22, server: damine.tn, request: "GET /new/wp-login.php HTTP/1.1", host: "www.damine.tn"
2020/09/14 17:18:18 [error] 695#695: *6831 open() "/usr/share/nginx/damine.tn/news/wp-login.php" failed (2: No such file or directory), client: 188.114.102.22, server: damine.tn, request: "GET /news/wp-login.php HTTP/1.1", host: "www.damine.tn"
2020/09/14 17:18:18 [error] 695#695: *6835 open() "/usr/share/nginx/damine.tn/site/wp-login.php" failed (2: No such file or directory), client: 188.114.102.22, server: damine.tn, request: "GET /site/wp-login.php HTTP/1.1", host: "www.damine.tn"
2020/09/14 17:18:18 [error] 695#695: *6830 open() "/usr/share/nginx/damine.tn/sites/wp-login.php" failed (2: No such file or directory), client: 188.114.102.22, server: damine.tn, request: "GET /sites/wp-login.php HTTP/1.1", host: "www.damine.tn"
2020/09/14 17:18:18 [error] 695#695: *6836 open() "/usr/share/nginx/damine.tn/sitio/wp-login.php" failed (2: No such file or directory), client: 188.114.102.22, server: damine.tn, request: "GET /sitio/wp-login.php HTTP/1.1", host: "www.damine.tn"
2020/09/14 17:18:18 [error] 695#695: *6832 open() "/usr/share/nginx/damine.tn/en/wp-login.php" failed (2: No such file or directory), client: 188.114.102.22, server: damine.tn, request: "GET /en/wp-login.php HTTP/1.1", host: "www.damine.tn"
2020/09/14 17:18:18 [error] 695#695: *6834 open() "/usr/share/nginx/damine.tn/old/wp-login.php" failed (2: No such file or directory), client: 188.114.102.22, server: damine.tn, request: "GET /old/wp-login.php HTTP/1.1", host: "www.damine.tn"
2020/09/14 17:18:18 [error] 695#695: *6831 open() "/usr/share/nginx/damine.tn/info/wp-login.php" failed (2: No such file or directory), client: 188.114.102.22, server: damine.tn, request: "GET /info/wp-login.php HTTP/1.1", host: "www.damine.tn"
2020/09/14 17:18:18 [error] 695#695: *6831 open() "/usr/share/nginx/damine.tn/demo/wp-login.php" failed (2: No such file or directory), client: 188.114.102.22, server: damine.tn, request: "GET /demo/wp-login.php HTTP/1.1", host: "www.damine.tn"
2020/09/14 17:18:18 [error] 695#695: *6831 open() "/usr/share/nginx/damine.tn/portal/wp-login.php" failed (2: No such file or directory), client: 188.114.102.22, server: damine.tn, request: "GET /portal/wp-login.php HTTP/1.1", host: "www.damine.tn"
2020/09/14 17:18:18 [error] 695#695: *6835 open() "/usr/share/nginx/damine.tn/english/wp-login.php" failed (2: No such file or directory), client: 188.114.102.22, server: damine.tn, request: "GET /english/wp-login.php HTTP/1.1", host: "www.damine.tn"
2020/09/14 17:18:18 [error] 695#695: *6833 open() "/usr/share/nginx/damine.tn/wp-login.php" failed (2: No such file or directory), client: 188.114.102.22, server: damine.tn, request: "GET //wp-login.php HTTP/1.1", host: "www.damine.tn"
2020/09/15 07:02:52 [error] 695#695: *6903 open() "/usr/share/nginx/damine.tn/robots.txt" failed (2: No such file or directory), client: 141.101.69.175, server: damine.tn, request: "GET /robots.txt HTTP/1.1", host: "www.damine.tn"
2020/09/15 21:03:40 [error] 695#695: *6997 open() "/usr/share/nginx/damine.tn/font/roboto/Roboto-Regular.woff2" failed (2: No such file or directory), client: 172.68.29.132, server: damine.tn, request: "GET /font/roboto/Roboto-Regular.woff2 HTTP/1.1", host: "www.damine.tn", referrer: "https://www.damine.tn/css/mdb.min.css"
2020/09/15 21:03:41 [error] 695#695: *6998 open() "/usr/share/nginx/damine.tn/font/roboto/Roboto-Regular.woff" failed (2: No such file or directory), client: 172.68.29.136, server: damine.tn, request: "GET /font/roboto/Roboto-Regular.woff HTTP/1.1", host: "www.damine.tn", referrer: "https://www.damine.tn/css/mdb.min.css"
2020/09/15 21:03:42 [error] 695#695: *6999 open() "/usr/share/nginx/damine.tn/font/roboto/Roboto-Regular.ttf" failed (2: No such file or directory), client: 172.68.29.144, server: damine.tn, request: "GET /font/roboto/Roboto-Regular.ttf HTTP/1.1", host: "www.damine.tn", referrer: "https://www.damine.tn/css/mdb.min.css"
2020/09/15 21:03:44 [error] 695#695: *7001 open() "/usr/share/nginx/damine.tn/font/roboto/Roboto-Bold.woff2" failed (2: No such file or directory), client: 172.68.29.138, server: damine.tn, request: "GET /font/roboto/Roboto-Bold.woff2 HTTP/1.1", host: "www.damine.tn", referrer: "https://www.damine.tn/css/mdb.min.css"
2020/09/15 21:03:45 [error] 695#695: *7003 open() "/usr/share/nginx/damine.tn/font/roboto/Roboto-Bold.woff" failed (2: No such file or directory), client: 172.68.29.132, server: damine.tn, request: "GET /font/roboto/Roboto-Bold.woff HTTP/1.1", host: "www.damine.tn", referrer: "https://www.damine.tn/css/mdb.min.css"
2020/09/15 21:03:46 [error] 695#695: *7004 open() "/usr/share/nginx/damine.tn/font/roboto/Roboto-Bold.ttf" failed (2: No such file or directory), client: 172.68.29.132, server: damine.tn, request: "GET /font/roboto/Roboto-Bold.ttf HTTP/1.1", host: "www.damine.tn", referrer: "https://www.damine.tn/css/mdb.min.css"
2020/09/15 21:03:58 [error] 695#695: *7013 open() "/usr/share/nginx/damine.tn/font/roboto/Roboto-Regular.woff2" failed (2: No such file or directory), client: 172.68.25.185, server: damine.tn, request: "GET /font/roboto/Roboto-Regular.woff2 HTTP/1.1", host: "www.damine.tn", referrer: "https://www.damine.tn/css/mdb.min.css"
2020/09/15 21:03:59 [error] 695#695: *7014 open() "/usr/share/nginx/damine.tn/font/roboto/Roboto-Regular.woff" failed (2: No such file or directory), client: 172.68.24.132, server: damine.tn, request: "GET /font/roboto/Roboto-Regular.woff HTTP/1.1", host: "www.damine.tn", referrer: "https://www.damine.tn/css/mdb.min.css"
2020/09/15 21:04:00 [error] 695#695: *7015 open() "/usr/share/nginx/damine.tn/font/roboto/Roboto-Regular.ttf" failed (2: No such file or directory), client: 172.68.25.195, server: damine.tn, request: "GET /font/roboto/Roboto-Regular.ttf HTTP/1.1", host: "www.damine.tn", referrer: "https://www.damine.tn/css/mdb.min.css"
2020/09/15 21:04:01 [error] 695#695: *7018 open() "/usr/share/nginx/damine.tn/font/roboto/Roboto-Bold.woff2" failed (2: No such file or directory), client: 172.68.24.200, server: damine.tn, request: "GET /font/roboto/Roboto-Bold.woff2 HTTP/1.1", host: "www.damine.tn", referrer: "https://www.damine.tn/css/mdb.min.css"
2020/09/15 21:04:03 [error] 695#695: *7019 open() "/usr/share/nginx/damine.tn/font/roboto/Roboto-Bold.woff" failed (2: No such file or directory), client: 172.68.24.148, server: damine.tn, request: "GET /font/roboto/Roboto-Bold.woff HTTP/1.1", host: "www.damine.tn", referrer: "https://www.damine.tn/css/mdb.min.css"
2020/09/15 21:04:03 [error] 695#695: *7010 open() "/usr/share/nginx/damine.tn/font/roboto/Roboto-Bold.ttf" failed (2: No such file or directory), client: 172.68.24.114, server: damine.tn, request: "GET /font/roboto/Roboto-Bold.ttf HTTP/1.1", host: "www.damine.tn", referrer: "https://www.damine.tn/css/mdb.min.css"
2020/09/16 01:21:36 [error] 695#695: *7048 open() "/usr/share/nginx/damine.tn/robots.txt" failed (2: No such file or directory), client: 162.158.183.135, server: damine.tn, request: "GET /robots.txt HTTP/1.1", host: "damine.tn", referrer: "http://damine.tn/robots.txt"
2020/09/16 01:21:37 [error] 694#694: *7050 open() "/usr/share/nginx/damine.tn/humans.txt" failed (2: No such file or directory), client: 162.158.183.137, server: damine.tn, request: "GET /humans.txt HTTP/1.1", host: "damine.tn", referrer: "http://damine.tn/humans.txt"
2020/09/16 01:21:37 [error] 694#694: *7052 open() "/usr/share/nginx/damine.tn/ads.txt" failed (2: No such file or directory), client: 162.158.183.111, server: damine.tn, request: "GET /ads.txt HTTP/1.1", host: "damine.tn", referrer: "http://damine.tn/ads.txt"
2020/09/16 10:29:50 [error] 695#695: *7120 open() "/usr/share/nginx/damine.tn/wp-login.php" failed (2: No such file or directory), client: 162.158.126.68, server: damine.tn, request: "GET //wp-login.php HTTP/1.1", host: "damine.tn", referrer: "http://www.google.com.hk"
2020/09/16 14:55:58 [error] 694#694: *7154 open() "/usr/share/nginx/damine.tn/robots.txt" failed (2: No such file or directory), client: 141.101.69.175, server: damine.tn, request: "GET /robots.txt HTTP/1.1", host: "www.damine.tn"
2020/09/16 16:38:49 [error] 695#695: *7165 open() "/usr/share/nginx/damine.tn/font/roboto/Roboto-Regular.woff2" failed (2: No such file or directory), client: 172.68.25.185, server: damine.tn, request: "GET /font/roboto/Roboto-Regular.woff2 HTTP/1.1", host: "www.damine.tn", referrer: "https://www.damine.tn/css/mdb.min.css"
2020/09/16 16:38:51 [error] 695#695: *7166 open() "/usr/share/nginx/damine.tn/font/roboto/Roboto-Regular.woff" failed (2: No such file or directory), client: 172.68.24.132, server: damine.tn, request: "GET /font/roboto/Roboto-Regular.woff HTTP/1.1", host: "www.damine.tn", referrer: "https://www.damine.tn/css/mdb.min.css"
2020/09/16 16:38:51 [error] 695#695: *7167 open() "/usr/share/nginx/damine.tn/font/roboto/Roboto-Regular.ttf" failed (2: No such file or directory), client: 172.68.25.195, server: damine.tn, request: "GET /font/roboto/Roboto-Regular.ttf HTTP/1.1", host: "www.damine.tn", referrer: "https://www.damine.tn/css/mdb.min.css"
2020/09/16 16:38:53 [error] 695#695: *7170 open() "/usr/share/nginx/damine.tn/font/roboto/Roboto-Bold.woff2" failed (2: No such file or directory), client: 172.68.24.200, server: damine.tn, request: "GET /font/roboto/Roboto-Bold.woff2 HTTP/1.1", host: "www.damine.tn", referrer: "https://www.damine.tn/css/mdb.min.css"
2020/09/16 16:38:54 [error] 695#695: *7171 open() "/usr/share/nginx/damine.tn/font/roboto/Roboto-Bold.woff" failed (2: No such file or directory), client: 172.68.24.148, server: damine.tn, request: "GET /font/roboto/Roboto-Bold.woff HTTP/1.1", host: "www.damine.tn", referrer: "https://www.damine.tn/css/mdb.min.css"
2020/09/16 16:38:55 [error] 695#695: *7172 open() "/usr/share/nginx/damine.tn/font/roboto/Roboto-Bold.ttf" failed (2: No such file or directory), client: 172.68.24.114, server: damine.tn, request: "GET /font/roboto/Roboto-Bold.ttf HTTP/1.1", host: "www.damine.tn", referrer: "https://www.damine.tn/css/mdb.min.css"
2020/09/16 20:29:34 [error] 694#694: *7202 open() "/usr/share/nginx/damine.tn/font/roboto/Roboto-Regular.woff2" failed (2: No such file or directory), client: 172.68.24.80, server: damine.tn, request: "GET /font/roboto/Roboto-Regular.woff2 HTTP/1.1", host: "damine.tn", referrer: "https://damine.tn/css/mdb.min.css"
2020/09/16 20:29:35 [error] 694#694: *7203 open() "/usr/share/nginx/damine.tn/font/roboto/Roboto-Regular.woff" failed (2: No such file or directory), client: 172.68.24.102, server: damine.tn, request: "GET /font/roboto/Roboto-Regular.woff HTTP/1.1", host: "damine.tn", referrer: "https://damine.tn/css/mdb.min.css"
2020/09/16 20:29:36 [error] 694#694: *7204 open() "/usr/share/nginx/damine.tn/font/roboto/Roboto-Regular.ttf" failed (2: No such file or directory), client: 172.68.25.137, server: damine.tn, request: "GET /font/roboto/Roboto-Regular.ttf HTTP/1.1", host: "damine.tn", referrer: "https://damine.tn/css/mdb.min.css"
2020/09/16 20:29:37 [error] 694#694: *7207 open() "/usr/share/nginx/damine.tn/font/roboto/Roboto-Bold.woff2" failed (2: No such file or directory), client: 172.68.24.56, server: damine.tn, request: "GET /font/roboto/Roboto-Bold.woff2 HTTP/1.1", host: "damine.tn", referrer: "https://damine.tn/css/mdb.min.css"
2020/09/16 20:29:38 [error] 694#694: *7208 open() "/usr/share/nginx/damine.tn/font/roboto/Roboto-Bold.woff" failed (2: No such file or directory), client: 172.68.24.114, server: damine.tn, request: "GET /font/roboto/Roboto-Bold.woff HTTP/1.1", host: "damine.tn", referrer: "https://damine.tn/css/mdb.min.css"
2020/09/16 20:29:39 [error] 694#694: *7209 open() "/usr/share/nginx/damine.tn/font/roboto/Roboto-Bold.ttf" failed (2: No such file or directory), client: 172.68.24.58, server: damine.tn, request: "GET /font/roboto/Roboto-Bold.ttf HTTP/1.1", host: "damine.tn", referrer: "https://damine.tn/css/mdb.min.css"
2020/09/16 20:56:02 [error] 695#695: *7212 open() "/usr/share/nginx/damine.tn/robots.txt" failed (2: No such file or directory), client: 108.162.246.165, server: damine.tn, request: "GET /robots.txt HTTP/1.1", host: "damine.tn"
2020/09/16 20:56:03 [error] 695#695: *7213 open() "/usr/share/nginx/damine.tn/.well-known/assetlinks.json" failed (2: No such file or directory), client: 162.158.107.89, server: damine.tn, request: "GET /.well-known/assetlinks.json HTTP/1.1", host: "damine.tn"
2020/09/16 23:52:18 [error] 694#694: *7233 open() "/usr/share/nginx/damine.tn/font/roboto/Roboto-Regular.woff2" failed (2: No such file or directory), client: 172.68.24.80, server: damine.tn, request: "GET /font/roboto/Roboto-Regular.woff2 HTTP/1.1", host: "damine.tn", referrer: "https://damine.tn/css/mdb.min.css"
2020/09/16 23:52:19 [error] 694#694: *7234 open() "/usr/share/nginx/damine.tn/font/roboto/Roboto-Regular.woff" failed (2: No such file or directory), client: 172.68.24.102, server: damine.tn, request: "GET /font/roboto/Roboto-Regular.woff HTTP/1.1", host: "damine.tn", referrer: "https://damine.tn/css/mdb.min.css"
2020/09/16 23:52:19 [error] 694#694: *7235 open() "/usr/share/nginx/damine.tn/font/roboto/Roboto-Regular.ttf" failed (2: No such file or directory), client: 172.68.25.137, server: damine.tn, request: "GET /font/roboto/Roboto-Regular.ttf HTTP/1.1", host: "damine.tn", referrer: "https://damine.tn/css/mdb.min.css"
2020/09/16 23:52:20 [error] 694#694: *7237 open() "/usr/share/nginx/damine.tn/font/roboto/Roboto-Bold.woff2" failed (2: No such file or directory), client: 172.68.24.56, server: damine.tn, request: "GET /font/roboto/Roboto-Bold.woff2 HTTP/1.1", host: "damine.tn", referrer: "https://damine.tn/css/mdb.min.css"
2020/09/16 23:52:21 [error] 694#694: *7239 open() "/usr/share/nginx/damine.tn/font/roboto/Roboto-Bold.woff" failed (2: No such file or directory), client: 172.68.24.114, server: damine.tn, request: "GET /font/roboto/Roboto-Bold.woff HTTP/1.1", host: "damine.tn", referrer: "https://damine.tn/css/mdb.min.css"
2020/09/16 23:52:22 [error] 694#694: *7240 open() "/usr/share/nginx/damine.tn/font/roboto/Roboto-Bold.ttf" failed (2: No such file or directory), client: 172.68.24.58, server: damine.tn, request: "GET /font/roboto/Roboto-Bold.ttf HTTP/1.1", host: "damine.tn", referrer: "https://damine.tn/css/mdb.min.css"
2020/09/17 02:37:34 [error] 695#695: *7251 open() "/usr/share/nginx/damine.tn/robots.txt" failed (2: No such file or directory), client: 162.158.126.110, server: damine.tn, request: "GET /robots.txt HTTP/1.1", host: "www.damine.tn"
2020/09/17 07:01:02 [error] 694#694: *7282 open() "/usr/share/nginx/damine.tn/.well-known/assetlinks.json" failed (2: No such file or directory), client: 162.158.107.89, server: damine.tn, request: "GET /.well-known/assetlinks.json HTTP/1.1", host: "damine.tn"
2020/09/17 08:19:54 [error] 694#694: *7289 open() "/usr/share/nginx/damine.tn/wp-login.php" failed (2: No such file or directory), client: 141.101.96.180, server: damine.tn, request: "GET /wp-login.php HTTP/1.1", host: "damine.tn", referrer: "http://damine.tn/wp-login.php"
2020/09/17 08:20:32 [error] 694#694: *7291 open() "/usr/share/nginx/damine.tn/wp-login.php" failed (2: No such file or directory), client: 108.162.245.118, server: damine.tn, request: "GET /wp-login.php HTTP/1.1", host: "damine.tn", referrer: "http://damine.tn/wp-login.php"
2020/09/17 08:21:01 [error] 694#694: *7293 open() "/usr/share/nginx/damine.tn/wp-login.php" failed (2: No such file or directory), client: 162.158.103.127, server: damine.tn, request: "GET /wp-login.php HTTP/1.1", host: "damine.tn", referrer: "http://damine.tn/wp-login.php"
2020/09/17 12:27:34 [error] 695#695: *7867 open() "/usr/share/nginx/damine.tn/robots.txt" failed (2: No such file or directory), client: 108.162.246.165, server: damine.tn, request: "GET /robots.txt HTTP/1.1", host: "damine.tn"
2020/09/17 12:47:09 [error] 695#695: *7881 open() "/usr/share/nginx/damine.tn/robots.txt" failed (2: No such file or directory), client: 108.162.245.24, server: damine.tn, request: "GET /robots.txt HTTP/1.1", host: "www.damine.tn"
2020/09/17 13:31:51 [error] 694#694: *7896 open() "/usr/share/nginx/damine.tn/font/roboto/Roboto-Regular.woff2" failed (2: No such file or directory), client: 172.68.25.185, server: damine.tn, request: "GET /font/roboto/Roboto-Regular.woff2 HTTP/1.1", host: "www.damine.tn", referrer: "https://www.damine.tn/css/mdb.min.css"
2020/09/17 13:31:52 [error] 694#694: *7897 open() "/usr/share/nginx/damine.tn/font/roboto/Roboto-Regular.woff" failed (2: No such file or directory), client: 172.68.24.132, server: damine.tn, request: "GET /font/roboto/Roboto-Regular.woff HTTP/1.1", host: "www.damine.tn", referrer: "https://www.damine.tn/css/mdb.min.css"
2020/09/17 13:31:53 [error] 694#694: *7898 open() "/usr/share/nginx/damine.tn/font/roboto/Roboto-Regular.ttf" failed (2: No such file or directory), client: 172.68.25.195, server: damine.tn, request: "GET /font/roboto/Roboto-Regular.ttf HTTP/1.1", host: "www.damine.tn", referrer: "https://www.damine.tn/css/mdb.min.css"
2020/09/17 13:31:55 [error] 694#694: *7901 open() "/usr/share/nginx/damine.tn/font/roboto/Roboto-Bold.woff2" failed (2: No such file or directory), client: 172.68.24.200, server: damine.tn, request: "GET /font/roboto/Roboto-Bold.woff2 HTTP/1.1", host: "www.damine.tn", referrer: "https://www.damine.tn/css/mdb.min.css"
2020/09/17 13:31:56 [error] 694#694: *7902 open() "/usr/share/nginx/damine.tn/font/roboto/Roboto-Bold.woff" failed (2: No such file or directory), client: 172.68.24.148, server: damine.tn, request: "GET /font/roboto/Roboto-Bold.woff HTTP/1.1", host: "www.damine.tn", referrer: "https://www.damine.tn/css/mdb.min.css"
2020/09/17 13:31:57 [error] 694#694: *7903 open() "/usr/share/nginx/damine.tn/font/roboto/Roboto-Bold.ttf" failed (2: No such file or directory), client: 172.68.24.114, server: damine.tn, request: "GET /font/roboto/Roboto-Bold.ttf HTTP/1.1", host: "www.damine.tn", referrer: "https://www.damine.tn/css/mdb.min.css"
2020/09/17 14:40:30 [error] 694#694: *7917 open() "/usr/share/nginx/damine.tn/favicon.ico" failed (2: No such file or directory), client: 162.158.107.17, server: damine.tn, request: "GET /favicon.ico HTTP/1.1", host: "www.damine.tn"
2020/09/17 14:46:39 [error] 695#695: *7925 open() "/usr/share/nginx/damine.tn/font/roboto/Roboto-Regular.woff2" failed (2: No such file or directory), client: 172.68.24.80, server: damine.tn, request: "GET /font/roboto/Roboto-Regular.woff2 HTTP/1.1", host: "damine.tn", referrer: "https://damine.tn/css/mdb.min.css"
2020/09/17 14:46:40 [error] 695#695: *7926 open() "/usr/share/nginx/damine.tn/font/roboto/Roboto-Regular.woff" failed (2: No such file or directory), client: 172.68.24.102, server: damine.tn, request: "GET /font/roboto/Roboto-Regular.woff HTTP/1.1", host: "damine.tn", referrer: "https://damine.tn/css/mdb.min.css"
2020/09/17 14:46:41 [error] 695#695: *7927 open() "/usr/share/nginx/damine.tn/font/roboto/Roboto-Regular.ttf" failed (2: No such file or directory), client: 172.68.25.137, server: damine.tn, request: "GET /font/roboto/Roboto-Regular.ttf HTTP/1.1", host: "damine.tn", referrer: "https://damine.tn/css/mdb.min.css"
2020/09/17 14:46:42 [error] 695#695: *7930 open() "/usr/share/nginx/damine.tn/font/roboto/Roboto-Bold.woff2" failed (2: No such file or directory), client: 172.68.24.56, server: damine.tn, request: "GET /font/roboto/Roboto-Bold.woff2 HTTP/1.1", host: "damine.tn", referrer: "https://damine.tn/css/mdb.min.css"
2020/09/17 14:46:43 [error] 695#695: *7931 open() "/usr/share/nginx/damine.tn/font/roboto/Roboto-Bold.woff" failed (2: No such file or directory), client: 172.68.24.114, server: damine.tn, request: "GET /font/roboto/Roboto-Bold.woff HTTP/1.1", host: "damine.tn", referrer: "https://damine.tn/css/mdb.min.css"
2020/09/17 14:46:44 [error] 695#695: *7932 open() "/usr/share/nginx/damine.tn/font/roboto/Roboto-Bold.ttf" failed (2: No such file or directory), client: 172.68.24.58, server: damine.tn, request: "GET /font/roboto/Roboto-Bold.ttf HTTP/1.1", host: "damine.tn", referrer: "https://damine.tn/css/mdb.min.css"
2020/09/17 14:59:59 [error] 695#695: *7934 open() "/usr/share/nginx/damine.tn/robots.txt" failed (2: No such file or directory), client: 162.158.183.153, server: damine.tn, request: "GET /robots.txt HTTP/1.1", host: "www.damine.tn"
2020/09/17 15:50:29 [error] 694#694: *7944 open() "/usr/share/nginx/damine.tn/font/roboto/Roboto-Regular.woff2" failed (2: No such file or directory), client: 162.158.74.155, server: damine.tn, request: "GET /font/roboto/Roboto-Regular.woff2 HTTP/1.1", host: "damine.tn", referrer: "https://damine.tn/css/mdb.min.css"
2020/09/17 15:50:31 [error] 694#694: *7945 open() "/usr/share/nginx/damine.tn/font/roboto/Roboto-Regular.woff" failed (2: No such file or directory), client: 162.158.74.67, server: damine.tn, request: "GET /font/roboto/Roboto-Regular.woff HTTP/1.1", host: "damine.tn", referrer: "https://damine.tn/css/mdb.min.css"
2020/09/17 15:50:31 [error] 694#694: *7946 open() "/usr/share/nginx/damine.tn/font/roboto/Roboto-Regular.ttf" failed (2: No such file or directory), client: 162.158.74.165, server: damine.tn, request: "GET /font/roboto/Roboto-Regular.ttf HTTP/1.1", host: "damine.tn", referrer: "https://damine.tn/css/mdb.min.css"
2020/09/17 15:50:32 [error] 694#694: *7949 open() "/usr/share/nginx/damine.tn/font/roboto/Roboto-Bold.woff2" failed (2: No such file or directory), client: 162.158.75.174, server: damine.tn, request: "GET /font/roboto/Roboto-Bold.woff2 HTTP/1.1", host: "damine.tn", referrer: "https://damine.tn/css/mdb.min.css"
2020/09/17 15:50:32 [error] 694#694: *7950 open() "/usr/share/nginx/damine.tn/font/roboto/Roboto-Bold.woff" failed (2: No such file or directory), client: 162.158.74.139, server: damine.tn, request: "GET /font/roboto/Roboto-Bold.woff HTTP/1.1", host: "damine.tn", referrer: "https://damine.tn/css/mdb.min.css"
2020/09/17 15:50:33 [error] 694#694: *7951 open() "/usr/share/nginx/damine.tn/font/roboto/Roboto-Bold.ttf" failed (2: No such file or directory), client: 108.162.216.34, server: damine.tn, request: "GET /font/roboto/Roboto-Bold.ttf HTTP/1.1", host: "damine.tn", referrer: "https://damine.tn/css/mdb.min.css"
2020/09/17 17:06:10 [error] 694#694: *7957 open() "/usr/share/nginx/damine.tn/.well-known/assetlinks.json" failed (2: No such file or directory), client: 162.158.107.89, server: damine.tn, request: "GET /.well-known/assetlinks.json HTTP/1.1", host: "damine.tn"
2020/09/17 18:08:12 [error] 694#694: *7966 open() "/usr/share/nginx/damine.tn/robots.txt" failed (2: No such file or directory), client: 141.101.69.175, server: damine.tn, request: "GET /robots.txt HTTP/1.1", host: "www.damine.tn"
2020/09/17 18:50:11 [error] 694#694: *7974 open() "/usr/share/nginx/damine.tn/robots.txt" failed (2: No such file or directory), client: 108.162.245.24, server: damine.tn, request: "GET /robots.txt HTTP/1.1", host: "www.damine.tn"
2020/09/17 18:50:35 [error] 694#694: *7978 open() "/usr/share/nginx/damine.tn/favicon.ico" failed (2: No such file or directory), client: 162.158.107.17, server: damine.tn, request: "GET /favicon.ico HTTP/1.1", host: "www.damine.tn"
2020/09/17 19:20:30 [error] 694#694: *7981 open() "/usr/share/nginx/damine.tn/wp-login.php" failed (2: No such file or directory), client: 108.162.229.122, server: damine.tn, request: "GET /wp-login.php HTTP/1.1", host: "www.damine.tn", referrer: "http://www.damine.tn/wp-login.php"
2020/09/17 19:22:09 [error] 694#694: *7983 open() "/usr/share/nginx/damine.tn/wp-login.php" failed (2: No such file or directory), client: 162.158.183.167, server: damine.tn, request: "GET /wp-login.php HTTP/1.1", host: "www.damine.tn", referrer: "http://www.damine.tn/wp-login.php"
2020/09/17 19:22:18 [error] 694#694: *7985 open() "/usr/share/nginx/damine.tn/wp-login.php" failed (2: No such file or directory), client: 162.158.126.32, server: damine.tn, request: "GET /wp-login.php HTTP/1.1", host: "www.damine.tn", referrer: "http://www.damine.tn/wp-login.php"
2020/09/18 19:29:37 [error] 694#694: *8111 open() "/usr/share/nginx/damine.tn/robots.txt" failed (2: No such file or directory), client: 108.162.246.165, server: damine.tn, request: "GET /robots.txt HTTP/1.1", host: "damine.tn"
2020/09/18 19:29:38 [error] 694#694: *8113 open() "/usr/share/nginx/damine.tn/fagvzpfanihuo.html" failed (2: No such file or directory), client: 108.162.246.153, server: damine.tn, request: "GET /fagvzpfanihuo.html HTTP/1.1", host: "damine.tn"
2020/09/18 21:49:22 [error] 695#695: *8135 open() "/usr/share/nginx/damine.tn/.well-known/assetlinks.json" failed (2: No such file or directory), client: 162.158.107.89, server: damine.tn, request: "GET /.well-known/assetlinks.json HTTP/1.1", host: "damine.tn"
2020/09/19 01:40:10 [error] 695#695: *8155 open() "/usr/share/nginx/damine.tn/robots.txt" failed (2: No such file or directory), client: 141.101.69.175, server: damine.tn, request: "GET /robots.txt HTTP/1.1", host: "www.damine.tn"
2020/09/19 02:46:06 [error] 694#694: *8165 open() "/usr/share/nginx/damine.tn/favicon.ico" failed (2: No such file or directory), client: 108.162.245.90, server: damine.tn, request: "GET /favicon.ico HTTP/1.1", host: "damine.tn"
2020/09/19 05:37:30 [error] 695#695: *8174 open() "/usr/share/nginx/damine.tn/favicon.ico" failed (2: No such file or directory), client: 108.162.245.90, server: damine.tn, request: "GET /favicon.ico HTTP/1.1", host: "damine.tn"
2020/09/19 15:22:30 [error] 695#695: *8201 open() "/usr/share/nginx/damine.tn/robots.txt" failed (2: No such file or directory), client: 108.162.246.165, server: damine.tn, request: "GET /robots.txt HTTP/1.1", host: "damine.tn"
2020/09/19 15:23:27 [error] 695#695: *8207 open() "/usr/share/nginx/damine.tn/favicon.ico" failed (2: No such file or directory), client: 108.162.245.90, server: damine.tn, request: "GET /favicon.ico HTTP/1.1", host: "damine.tn"
2020/09/19 17:05:55 [error] 695#695: *8215 open() "/usr/share/nginx/damine.tn/favicon.ico" failed (2: No such file or directory), client: 172.69.54.199, server: damine.tn, request: "GET /favicon.ico HTTP/1.1", host: "damine.tn"
2020/09/19 23:32:05 [error] 695#695: *8238 open() "/usr/share/nginx/damine.tn/favicon.ico" failed (2: No such file or directory), client: 108.162.245.90, server: damine.tn, request: "GET /favicon.ico HTTP/1.1", host: "damine.tn"
2020/09/20 05:05:54 [error] 695#695: *8276 open() "/usr/share/nginx/damine.tn/robots.txt" failed (2: No such file or directory), client: 162.158.183.135, server: damine.tn, request: "GET /robots.txt HTTP/1.1", host: "damine.tn"
2020/09/20 06:05:28 [error] 694#694: *8291 open() "/usr/share/nginx/damine.tn/robots.txt" failed (2: No such file or directory), client: 108.162.219.182, server: damine.tn, request: "GET /robots.txt HTTP/1.1", host: "damine.tn"
2020/09/20 06:35:48 [error] 694#694: *8292 open() "/usr/share/nginx/damine.tn/robots.txt" failed (2: No such file or directory), client: 108.162.246.165, server: damine.tn, request: "GET /robots.txt HTTP/1.1", host: "damine.tn"
2020/09/20 06:36:02 [error] 695#695: *8299 open() "/usr/share/nginx/damine.tn/favicon.ico" failed (2: No such file or directory), client: 108.162.245.90, server: damine.tn, request: "GET /favicon.ico HTTP/1.1", host: "damine.tn"
2020/09/20 08:11:47 [error] 695#695: *8304 open() "/usr/share/nginx/damine.tn/favicon.ico" failed (2: No such file or directory), client: 108.162.245.90, server: damine.tn, request: "GET /favicon.ico HTTP/1.1", host: "damine.tn"
2020/09/20 14:22:47 [error] 695#695: *8328 open() "/usr/share/nginx/damine.tn/robots.txt" failed (2: No such file or directory), client: 141.101.69.175, server: damine.tn, request: "GET /robots.txt HTTP/1.1", host: "www.damine.tn"
2020/09/20 14:52:26 [error] 695#695: *8337 open() "/usr/share/nginx/damine.tn/robots.txt" failed (2: No such file or directory), client: 108.162.245.24, server: damine.tn, request: "GET /robots.txt HTTP/1.1", host: "www.damine.tn"
2020/09/20 14:52:38 [error] 694#694: *8340 open() "/usr/share/nginx/damine.tn/favicon.ico" failed (2: No such file or directory), client: 162.158.107.17, server: damine.tn, request: "GET /favicon.ico HTTP/1.1", host: "www.damine.tn"
2020/09/20 15:45:45 [error] 694#694: *8346 open() "/usr/share/nginx/damine.tn/robots.txt" failed (2: No such file or directory), client: 108.162.246.165, server: damine.tn, request: "GET /robots.txt HTTP/1.1", host: "damine.tn"
2020/09/20 15:55:49 [error] 694#694: *8347 open() "/usr/share/nginx/damine.tn/favicon.ico" failed (2: No such file or directory), client: 162.158.107.17, server: damine.tn, request: "GET /favicon.ico HTTP/1.1", host: "www.damine.tn"
2020/09/21 14:34:30 [error] 694#694: *8453 open() "/usr/share/nginx/damine.tn/robots.txt" failed (2: No such file or directory), client: 141.101.69.175, server: damine.tn, request: "GET /robots.txt HTTP/1.1", host: "www.damine.tn"
2020/09/21 21:35:39 [error] 694#694: *8501 open() "/usr/share/nginx/damine.tn/font/roboto/Roboto-Regular.woff2" failed (2: No such file or directory), client: 108.162.245.100, server: damine.tn, request: "GET /font/roboto/Roboto-Regular.woff2 HTTP/1.1", host: "damine.tn", referrer: "https://damine.tn/css/mdb.min.css"
2020/09/21 21:35:40 [error] 694#694: *8502 open() "/usr/share/nginx/damine.tn/font/roboto/Roboto-Regular.woff" failed (2: No such file or directory), client: 162.158.107.187, server: damine.tn, request: "GET /font/roboto/Roboto-Regular.woff HTTP/1.1", host: "damine.tn", referrer: "https://damine.tn/css/mdb.min.css"
2020/09/21 21:35:42 [error] 694#694: *8503 open() "/usr/share/nginx/damine.tn/font/roboto/Roboto-Regular.ttf" failed (2: No such file or directory), client: 162.158.106.70, server: damine.tn, request: "GET /font/roboto/Roboto-Regular.ttf HTTP/1.1", host: "damine.tn", referrer: "https://damine.tn/css/mdb.min.css"
2020/09/21 21:35:43 [error] 694#694: *8506 open() "/usr/share/nginx/damine.tn/font/roboto/Roboto-Bold.woff2" failed (2: No such file or directory), client: 162.158.107.175, server: damine.tn, request: "GET /font/roboto/Roboto-Bold.woff2 HTTP/1.1", host: "damine.tn", referrer: "https://damine.tn/css/mdb.min.css"
2020/09/21 21:35:44 [error] 694#694: *8507 open() "/usr/share/nginx/damine.tn/font/roboto/Roboto-Bold.woff" failed (2: No such file or directory), client: 162.158.106.154, server: damine.tn, request: "GET /font/roboto/Roboto-Bold.woff HTTP/1.1", host: "damine.tn", referrer: "https://damine.tn/css/mdb.min.css"
2020/09/21 21:35:46 [error] 694#694: *8508 open() "/usr/share/nginx/damine.tn/font/roboto/Roboto-Bold.ttf" failed (2: No such file or directory), client: 108.162.246.129, server: damine.tn, request: "GET /font/roboto/Roboto-Bold.ttf HTTP/1.1", host: "damine.tn", referrer: "https://damine.tn/css/mdb.min.css"
2020/09/22 03:33:26 [error] 694#694: *8781 open() "/usr/share/nginx/damine.tn/wp-login.php" failed (2: No such file or directory), client: 162.158.126.144, server: damine.tn, request: "GET ///wp-login.php HTTP/1.1", host: "www.damine.tn"
2020/09/22 03:34:09 [error] 694#694: *8782 "/usr/share/nginx/damine.tn/wp/index.php" is not found (2: No such file or directory), client: 162.158.126.56, server: damine.tn, request: "GET //wp/ HTTP/1.1", host: "www.damine.tn"
2020/09/22 03:35:48 [error] 694#694: *8783 open() "/usr/share/nginx/damine.tn/wp/wp-login.php" failed (2: No such file or directory), client: 162.158.126.14, server: damine.tn, request: "GET //wp//wp-login.php HTTP/1.1", host: "www.damine.tn"
2020/09/22 03:37:16 [error] 694#694: *8784 "/usr/share/nginx/damine.tn/wordpress/index.php" is not found (2: No such file or directory), client: 162.158.126.14, server: damine.tn, request: "GET //wordpress/ HTTP/1.1", host: "www.damine.tn"
2020/09/22 03:37:52 [error] 694#694: *8785 open() "/usr/share/nginx/damine.tn/wordpress/wp-login.php" failed (2: No such file or directory), client: 162.158.126.56, server: damine.tn, request: "GET //wordpress//wp-login.php HTTP/1.1", host: "www.damine.tn"
2020/09/22 03:39:20 [error] 694#694: *8787 open() "/usr/share/nginx/damine.tn/wp-login.php" failed (2: No such file or directory), client: 162.158.126.56, server: damine.tn, request: "GET ///wp-login.php HTTP/1.1", host: "www.damine.tn"
2020/09/22 03:40:45 [error] 694#694: *8789 "/usr/share/nginx/damine.tn/wp/index.php" is not found (2: No such file or directory), client: 162.158.126.56, server: damine.tn, request: "GET ///wp/ HTTP/1.1", host: "www.damine.tn"
2020/09/22 03:42:09 [error] 694#694: *8791 open() "/usr/share/nginx/damine.tn/wp/wp-login.php" failed (2: No such file or directory), client: 162.158.126.32, server: damine.tn, request: "GET ///wp//wp-login.php HTTP/1.1", host: "www.damine.tn"
2020/09/22 03:43:27 [error] 694#694: *8793 "/usr/share/nginx/damine.tn/wordpress/index.php" is not found (2: No such file or directory), client: 162.158.126.144, server: damine.tn, request: "GET ///wordpress/ HTTP/1.1", host: "www.damine.tn"
2020/09/22 03:45:25 [error] 694#694: *8796 open() "/usr/share/nginx/damine.tn/wordpress/wp-login.php" failed (2: No such file or directory), client: 162.158.126.144, server: damine.tn, request: "GET ///wordpress//wp-login.php HTTP/1.1", host: "www.damine.tn"
2020/09/22 15:26:44 [error] 694#694: *8880 open() "/usr/share/nginx/damine.tn/robots.txt" failed (2: No such file or directory), client: 162.158.74.127, server: damine.tn, request: "GET /robots.txt HTTP/1.1", host: "www.damine.tn"
2020/09/22 15:26:58 [error] 694#694: *8882 open() "/usr/share/nginx/damine.tn/favicon.ico" failed (2: No such file or directory), client: 162.158.74.247, server: damine.tn, request: "GET /favicon.ico HTTP/1.1", host: "www.damine.tn"
2020/09/22 16:56:06 [error] 694#694: *8896 open() "/usr/share/nginx/damine.tn/favicon.ico" failed (2: No such file or directory), client: 162.158.74.247, server: damine.tn, request: "GET /favicon.ico HTTP/1.1", host: "www.damine.tn"
2020/09/22 22:40:34 [error] 695#695: *8947 open() "/usr/share/nginx/damine.tn/font/roboto/Roboto-Regular.woff2" failed (2: No such file or directory), client: 108.162.229.8, server: damine.tn, request: "GET /font/roboto/Roboto-Regular.woff2 HTTP/1.1", host: "www.damine.tn", referrer: "https://www.damine.tn/css/mdb.min.css"
2020/09/22 22:40:34 [error] 695#695: *8948 open() "/usr/share/nginx/damine.tn/font/roboto/Roboto-Regular.woff" failed (2: No such file or directory), client: 108.162.229.118, server: damine.tn, request: "GET /font/roboto/Roboto-Regular.woff HTTP/1.1", host: "www.damine.tn", referrer: "https://www.damine.tn/css/mdb.min.css"
2020/09/22 22:40:34 [error] 695#695: *8949 open() "/usr/share/nginx/damine.tn/font/roboto/Roboto-Regular.ttf" failed (2: No such file or directory), client: 108.162.229.162, server: damine.tn, request: "GET /font/roboto/Roboto-Regular.ttf HTTP/1.1", host: "www.damine.tn", referrer: "https://www.damine.tn/css/mdb.min.css"
2020/09/22 22:40:36 [error] 695#695: *8951 open() "/usr/share/nginx/damine.tn/font/roboto/Roboto-Bold.woff2" failed (2: No such file or directory), client: 108.162.229.190, server: damine.tn, request: "GET /font/roboto/Roboto-Bold.woff2 HTTP/1.1", host: "www.damine.tn", referrer: "https://www.damine.tn/css/mdb.min.css"
2020/09/22 22:40:36 [error] 695#695: *8953 open() "/usr/share/nginx/damine.tn/font/roboto/Roboto-Bold.woff" failed (2: No such file or directory), client: 108.162.229.110, server: damine.tn, request: "GET /font/roboto/Roboto-Bold.woff HTTP/1.1", host: "www.damine.tn", referrer: "https://www.damine.tn/css/mdb.min.css"
2020/09/22 22:40:36 [error] 695#695: *8954 open() "/usr/share/nginx/damine.tn/font/roboto/Roboto-Bold.ttf" failed (2: No such file or directory), client: 108.162.229.42, server: damine.tn, request: "GET /font/roboto/Roboto-Bold.ttf HTTP/1.1", host: "www.damine.tn", referrer: "https://www.damine.tn/css/mdb.min.css"
2020/09/22 23:16:38 [error] 695#695: *8976 open() "/usr/share/nginx/damine.tn/font/roboto/Roboto-Regular.woff2" failed (2: No such file or directory), client: 172.68.63.107, server: damine.tn, request: "GET /font/roboto/Roboto-Regular.woff2 HTTP/1.1", host: "www.damine.tn", referrer: "https://www.damine.tn/css/mdb.min.css"
2020/09/22 23:16:39 [error] 695#695: *8977 open() "/usr/share/nginx/damine.tn/font/roboto/Roboto-Regular.woff" failed (2: No such file or directory), client: 172.68.63.69, server: damine.tn, request: "GET /font/roboto/Roboto-Regular.woff HTTP/1.1", host: "www.damine.tn", referrer: "https://www.damine.tn/css/mdb.min.css"
2020/09/22 23:16:39 [error] 695#695: *8978 open() "/usr/share/nginx/damine.tn/font/roboto/Roboto-Regular.ttf" failed (2: No such file or directory), client: 172.68.63.81, server: damine.tn, request: "GET /font/roboto/Roboto-Regular.ttf HTTP/1.1", host: "www.damine.tn", referrer: "https://www.damine.tn/css/mdb.min.css"
2020/09/22 23:16:41 [error] 695#695: *8981 open() "/usr/share/nginx/damine.tn/font/roboto/Roboto-Bold.woff2" failed (2: No such file or directory), client: 172.68.63.9, server: damine.tn, request: "GET /font/roboto/Roboto-Bold.woff2 HTTP/1.1", host: "www.damine.tn", referrer: "https://www.damine.tn/css/mdb.min.css"
2020/09/22 23:16:42 [error] 695#695: *8982 open() "/usr/share/nginx/damine.tn/font/roboto/Roboto-Bold.woff" failed (2: No such file or directory), client: 172.68.62.224, server: damine.tn, request: "GET /font/roboto/Roboto-Bold.woff HTTP/1.1", host: "www.damine.tn", referrer: "https://www.damine.tn/css/mdb.min.css"
2020/09/22 23:16:42 [error] 695#695: *8983 open() "/usr/share/nginx/damine.tn/font/roboto/Roboto-Bold.ttf" failed (2: No such file or directory), client: 172.68.62.182, server: damine.tn, request: "GET /font/roboto/Roboto-Bold.ttf HTTP/1.1", host: "www.damine.tn", referrer: "https://www.damine.tn/css/mdb.min.css"
2020/09/23 01:18:03 [error] 695#695: *9000 open() "/usr/share/nginx/damine.tn/robots.txt" failed (2: No such file or directory), client: 162.158.187.223, server: damine.tn, request: "GET /robots.txt HTTP/1.1", host: "www.damine.tn"
2020/09/23 02:39:46 [error] 694#694: *9016 open() "/usr/share/nginx/damine.tn/font/roboto/Roboto-Regular.woff2" failed (2: No such file or directory), client: 108.162.229.182, server: damine.tn, request: "GET /font/roboto/Roboto-Regular.woff2 HTTP/1.1", host: "damine.tn", referrer: "https://damine.tn/css/mdb.min.css"
2020/09/23 02:39:46 [error] 694#694: *9017 open() "/usr/share/nginx/damine.tn/font/roboto/Roboto-Regular.woff" failed (2: No such file or directory), client: 108.162.229.142, server: damine.tn, request: "GET /font/roboto/Roboto-Regular.woff HTTP/1.1", host: "damine.tn", referrer: "https://damine.tn/css/mdb.min.css"
2020/09/23 02:39:46 [error] 694#694: *9018 open() "/usr/share/nginx/damine.tn/font/roboto/Roboto-Regular.ttf" failed (2: No such file or directory), client: 141.101.69.91, server: damine.tn, request: "GET /font/roboto/Roboto-Regular.ttf HTTP/1.1", host: "damine.tn", referrer: "https://damine.tn/css/mdb.min.css"
2020/09/23 02:39:48 [error] 694#694: *9021 open() "/usr/share/nginx/damine.tn/font/roboto/Roboto-Bold.woff2" failed (2: No such file or directory), client: 108.162.229.6, server: damine.tn, request: "GET /font/roboto/Roboto-Bold.woff2 HTTP/1.1", host: "damine.tn", referrer: "https://damine.tn/css/mdb.min.css"
2020/09/23 02:39:48 [error] 694#694: *9022 open() "/usr/share/nginx/damine.tn/font/roboto/Roboto-Bold.woff" failed (2: No such file or directory), client: 141.101.69.161, server: damine.tn, request: "GET /font/roboto/Roboto-Bold.woff HTTP/1.1", host: "damine.tn", referrer: "https://damine.tn/css/mdb.min.css"
2020/09/23 02:39:48 [error] 694#694: *9023 open() "/usr/share/nginx/damine.tn/font/roboto/Roboto-Bold.ttf" failed (2: No such file or directory), client: 141.101.69.121, server: damine.tn, request: "GET /font/roboto/Roboto-Bold.ttf HTTP/1.1", host: "damine.tn", referrer: "https://damine.tn/css/mdb.min.css"
2020/09/23 03:06:42 [error] 694#694: *9031 open() "/usr/share/nginx/damine.tn/robots.txt" failed (2: No such file or directory), client: 141.101.69.175, server: damine.tn, request: "GET /robots.txt HTTP/1.1", host: "www.damine.tn"
2020/09/23 13:41:33 [error] 695#695: *9092 open() "/usr/share/nginx/damine.tn/wp-includes/wlwmanifest.xml" failed (2: No such file or directory), client: 172.69.63.219, server: damine.tn, request: "GET /wp-includes/wlwmanifest.xml HTTP/1.1", host: "damine.tn"
2020/09/23 13:42:11 [error] 695#695: *9094 open() "/usr/share/nginx/damine.tn/wordpress/wp-includes/wlwmanifest.xml" failed (2: No such file or directory), client: 173.245.54.217, server: damine.tn, request: "GET /wordpress/wp-includes/wlwmanifest.xml HTTP/1.1", host: "damine.tn"
2020/09/23 13:42:27 [error] 695#695: *9096 open() "/usr/share/nginx/damine.tn/blog/wp-includes/wlwmanifest.xml" failed (2: No such file or directory), client: 172.69.63.107, server: damine.tn, request: "GET /blog/wp-includes/wlwmanifest.xml HTTP/1.1", host: "damine.tn"
2020/09/23 13:43:07 [error] 695#695: *9098 open() "/usr/share/nginx/damine.tn/site/wp-includes/wlwmanifest.xml" failed (2: No such file or directory), client: 162.158.159.58, server: damine.tn, request: "GET /site/wp-includes/wlwmanifest.xml HTTP/1.1", host: "damine.tn"
2020/09/23 13:44:40 [error] 695#695: *9100 open() "/usr/share/nginx/damine.tn/test/wp-includes/wlwmanifest.xml" failed (2: No such file or directory), client: 162.158.155.66, server: damine.tn, request: "GET /test/wp-includes/wlwmanifest.xml HTTP/1.1", host: "damine.tn"
2020/09/23 13:46:58 [error] 695#695: *9103 open() "/usr/share/nginx/damine.tn/dev/wp-includes/wlwmanifest.xml" failed (2: No such file or directory), client: 172.69.63.219, server: damine.tn, request: "GET /dev/wp-includes/wlwmanifest.xml HTTP/1.1", host: "damine.tn"
2020/09/23 13:47:24 [error] 695#695: *9103 open() "/usr/share/nginx/damine.tn/home/wp-includes/wlwmanifest.xml" failed (2: No such file or directory), client: 172.69.63.219, server: damine.tn, request: "GET /home/wp-includes/wlwmanifest.xml HTTP/1.1", host: "damine.tn"
2020/09/23 13:47:42 [error] 695#695: *9106 open() "/usr/share/nginx/damine.tn/cms/wp-includes/wlwmanifest.xml" failed (2: No such file or directory), client: 108.162.245.156, server: damine.tn, request: "GET /cms/wp-includes/wlwmanifest.xml HTTP/1.1", host: "damine.tn"
2020/09/23 13:48:50 [error] 695#695: *9108 open() "/usr/share/nginx/damine.tn/staging/wp-includes/wlwmanifest.xml" failed (2: No such file or directory), client: 172.69.63.249, server: damine.tn, request: "GET /staging/wp-includes/wlwmanifest.xml HTTP/1.1", host: "damine.tn"
2020/09/23 13:49:34 [error] 695#695: *9111 open() "/usr/share/nginx/damine.tn/beta/wp-includes/wlwmanifest.xml" failed (2: No such file or directory), client: 172.69.63.77, server: damine.tn, request: "GET /beta/wp-includes/wlwmanifest.xml HTTP/1.1", host: "damine.tn"
2020/09/23 13:49:59 [error] 695#695: *9113 open() "/usr/share/nginx/damine.tn/news/wp-includes/wlwmanifest.xml" failed (2: No such file or directory), client: 141.101.76.240, server: damine.tn, request: "GET /news/wp-includes/wlwmanifest.xml HTTP/1.1", host: "damine.tn"
2020/09/23 13:50:40 [error] 695#695: *9115 open() "/usr/share/nginx/damine.tn/shop/wp-includes/wlwmanifest.xml" failed (2: No such file or directory), client: 172.69.33.17, server: damine.tn, request: "GET /shop/wp-includes/wlwmanifest.xml HTTP/1.1", host: "damine.tn"
2020/09/23 13:52:30 [error] 695#695: *9120 open() "/usr/share/nginx/damine.tn/oldsite/wp-includes/wlwmanifest.xml" failed (2: No such file or directory), client: 108.162.229.18, server: damine.tn, request: "GET /oldsite/wp-includes/wlwmanifest.xml HTTP/1.1", host: "damine.tn"
2020/09/23 13:52:45 [error] 695#695: *9122 open() "/usr/share/nginx/damine.tn/website/wp-includes/wlwmanifest.xml" failed (2: No such file or directory), client: 172.69.63.215, server: damine.tn, request: "GET /website/wp-includes/wlwmanifest.xml HTTP/1.1", host: "damine.tn"
2020/09/23 13:53:06 [error] 695#695: *9124 open() "/usr/share/nginx/damine.tn/portal/wp-includes/wlwmanifest.xml" failed (2: No such file or directory), client: 141.101.99.243, server: damine.tn, request: "GET /portal/wp-includes/wlwmanifest.xml HTTP/1.1", host: "damine.tn"
2020/09/23 13:53:40 [error] 695#695: *9127 open() "/usr/share/nginx/damine.tn/2019/wp-includes/wlwmanifest.xml" failed (2: No such file or directory), client: 141.101.77.168, server: damine.tn, request: "GET /2019/wp-includes/wlwmanifest.xml HTTP/1.1", host: "damine.tn"
2020/09/23 13:55:22 [error] 695#695: *9129 open() "/usr/share/nginx/damine.tn/1/wp-includes/wlwmanifest.xml" failed (2: No such file or directory), client: 173.245.54.155, server: damine.tn, request: "GET /1/wp-includes/wlwmanifest.xml HTTP/1.1", host: "damine.tn"
2020/09/23 13:56:04 [error] 695#695: *9131 open() "/usr/share/nginx/damine.tn/store/wp-includes/wlwmanifest.xml" failed (2: No such file or directory), client: 141.101.99.243, server: damine.tn, request: "GET /store/wp-includes/wlwmanifest.xml HTTP/1.1", host: "damine.tn"
2020/09/23 13:56:46 [error] 695#695: *9133 open() "/usr/share/nginx/damine.tn/blogs/wp-includes/wlwmanifest.xml" failed (2: No such file or directory), client: 162.158.78.210, server: damine.tn, request: "GET /blogs/wp-includes/wlwmanifest.xml HTTP/1.1", host: "damine.tn"
2020/09/24 02:17:37 [error] 694#694: *9181 open() "/usr/share/nginx/damine.tn/font/roboto/Roboto-Regular.woff2" failed (2: No such file or directory), client: 172.69.63.71, server: damine.tn, request: "GET /font/roboto/Roboto-Regular.woff2 HTTP/1.1", host: "damine.tn", referrer: "https://damine.tn/css/mdb.min.css"
2020/09/24 02:17:38 [error] 694#694: *9182 open() "/usr/share/nginx/damine.tn/font/roboto/Roboto-Regular.woff" failed (2: No such file or directory), client: 172.69.63.241, server: damine.tn, request: "GET /font/roboto/Roboto-Regular.woff HTTP/1.1", host: "damine.tn", referrer: "https://damine.tn/css/mdb.min.css"
2020/09/24 02:17:38 [error] 694#694: *9183 open() "/usr/share/nginx/damine.tn/font/roboto/Roboto-Regular.ttf" failed (2: No such file or directory), client: 172.69.63.67, server: damine.tn, request: "GET /font/roboto/Roboto-Regular.ttf HTTP/1.1", host: "damine.tn", referrer: "https://damine.tn/css/mdb.min.css"
2020/09/24 02:17:39 [error] 694#694: *9186 open() "/usr/share/nginx/damine.tn/font/roboto/Roboto-Bold.woff2" failed (2: No such file or directory), client: 172.68.65.234, server: damine.tn, request: "GET /font/roboto/Roboto-Bold.woff2 HTTP/1.1", host: "damine.tn", referrer: "https://damine.tn/css/mdb.min.css"
2020/09/24 02:17:39 [error] 694#694: *9187 open() "/usr/share/nginx/damine.tn/font/roboto/Roboto-Bold.woff" failed (2: No such file or directory), client: 173.245.54.191, server: damine.tn, request: "GET /font/roboto/Roboto-Bold.woff HTTP/1.1", host: "damine.tn", referrer: "https://damine.tn/css/mdb.min.css"
2020/09/24 02:17:40 [error] 694#694: *9188 open() "/usr/share/nginx/damine.tn/font/roboto/Roboto-Bold.ttf" failed (2: No such file or directory), client: 162.158.79.7, server: damine.tn, request: "GET /font/roboto/Roboto-Bold.ttf HTTP/1.1", host: "damine.tn", referrer: "https://damine.tn/css/mdb.min.css"
2020/09/24 09:57:58 [error] 694#694: *9227 open() "/usr/share/nginx/damine.tn/robots.txt" failed (2: No such file or directory), client: 141.101.69.175, server: damine.tn, request: "GET /robots.txt HTTP/1.1", host: "www.damine.tn"
2020/09/24 14:53:03 [error] 694#694: *9251 open() "/usr/share/nginx/damine.tn/robots.txt" failed (2: No such file or directory), client: 172.68.65.62, server: damine.tn, request: "GET /robots.txt HTTP/1.1", host: "www.damine.tn"
2020/09/24 14:53:14 [error] 694#694: *9255 open() "/usr/share/nginx/damine.tn/favicon.ico" failed (2: No such file or directory), client: 173.245.54.121, server: damine.tn, request: "GET /favicon.ico HTTP/1.1", host: "www.damine.tn"
2020/09/24 16:12:30 [error] 694#694: *9263 open() "/usr/share/nginx/damine.tn/favicon.ico" failed (2: No such file or directory), client: 173.245.54.121, server: damine.tn, request: "GET /favicon.ico HTTP/1.1", host: "www.damine.tn"
2020/09/25 01:13:27 [error] 694#694: *9304 open() "/usr/share/nginx/damine.tn/robots.txt" failed (2: No such file or directory), client: 162.158.79.229, server: damine.tn, request: "GET /robots.txt HTTP/1.1", host: "damine.tn"
2020/09/25 01:13:28 [error] 694#694: *9306 open() "/usr/share/nginx/damine.tn/jlfbjydetu.html" failed (2: No such file or directory), client: 173.245.54.103, server: damine.tn, request: "GET /jlfbjydetu.html HTTP/1.1", host: "damine.tn"
2020/09/25 10:44:04 [error] 965#965: *40 open() "/usr/share/nginx/damine.tn/robots.txt" failed (2: No such file or directory), client: 141.101.69.175, server: damine.tn, request: "GET /robots.txt HTTP/1.1", host: "www.damine.tn"
2020/09/25 13:30:51 [error] 965#965: *52 open() "/usr/share/nginx/damine.tn/robots.txt" failed (2: No such file or directory), client: 162.158.183.135, server: damine.tn, request: "GET /robots.txt HTTP/1.1", host: "damine.tn", referrer: "http://damine.tn/robots.txt"
2020/09/25 13:30:52 [error] 966#966: *54 open() "/usr/share/nginx/damine.tn/humans.txt" failed (2: No such file or directory), client: 162.158.183.111, server: damine.tn, request: "GET /humans.txt HTTP/1.1", host: "damine.tn", referrer: "http://damine.tn/humans.txt"
2020/09/25 13:30:52 [error] 966#966: *56 open() "/usr/share/nginx/damine.tn/ads.txt" failed (2: No such file or directory), client: 162.158.183.189, server: damine.tn, request: "GET /ads.txt HTTP/1.1", host: "damine.tn", referrer: "http://damine.tn/ads.txt"
2020/09/25 21:35:37 [error] 965#965: *100 open() "/usr/share/nginx/damine.tn/font/roboto/Roboto-Regular.woff2" failed (2: No such file or directory), client: 172.68.62.224, server: damine.tn, request: "GET /font/roboto/Roboto-Regular.woff2 HTTP/1.1", host: "damine.tn", referrer: "https://damine.tn/css/mdb.min.css"
2020/09/25 21:35:38 [error] 965#965: *101 open() "/usr/share/nginx/damine.tn/font/roboto/Roboto-Regular.woff" failed (2: No such file or directory), client: 172.68.62.134, server: damine.tn, request: "GET /font/roboto/Roboto-Regular.woff HTTP/1.1", host: "damine.tn", referrer: "https://damine.tn/css/mdb.min.css"
2020/09/25 21:35:38 [error] 965#965: *102 open() "/usr/share/nginx/damine.tn/font/roboto/Roboto-Regular.ttf" failed (2: No such file or directory), client: 172.68.63.39, server: damine.tn, request: "GET /font/roboto/Roboto-Regular.ttf HTTP/1.1", host: "damine.tn", referrer: "https://damine.tn/css/mdb.min.css"
2020/09/25 21:35:40 [error] 965#965: *105 open() "/usr/share/nginx/damine.tn/font/roboto/Roboto-Bold.woff2" failed (2: No such file or directory), client: 172.68.62.140, server: damine.tn, request: "GET /font/roboto/Roboto-Bold.woff2 HTTP/1.1", host: "damine.tn", referrer: "https://damine.tn/css/mdb.min.css"
2020/09/25 21:35:40 [error] 965#965: *106 open() "/usr/share/nginx/damine.tn/font/roboto/Roboto-Bold.woff" failed (2: No such file or directory), client: 172.68.62.8, server: damine.tn, request: "GET /font/roboto/Roboto-Bold.woff HTTP/1.1", host: "damine.tn", referrer: "https://damine.tn/css/mdb.min.css"
2020/09/25 21:35:40 [error] 965#965: *107 open() "/usr/share/nginx/damine.tn/font/roboto/Roboto-Bold.ttf" failed (2: No such file or directory), client: 172.68.62.248, server: damine.tn, request: "GET /font/roboto/Roboto-Bold.ttf HTTP/1.1", host: "damine.tn", referrer: "https://damine.tn/css/mdb.min.css"
2020/09/26 07:03:13 [error] 966#966: *154 open() "/usr/share/nginx/damine.tn/robots.txt" failed (2: No such file or directory), client: 172.68.65.62, server: damine.tn, request: "GET /robots.txt HTTP/1.1", host: "www.damine.tn"
2020/09/26 07:03:20 [error] 966#966: *156 open() "/usr/share/nginx/damine.tn/sitemap.xml" failed (2: No such file or directory), client: 172.68.65.44, server: damine.tn, request: "GET /sitemap.xml HTTP/1.1", host: "www.damine.tn"
2020/09/26 20:17:24 [error] 965#965: *215 open() "/usr/share/nginx/damine.tn/robots.txt" failed (2: No such file or directory), client: 141.101.69.175, server: damine.tn, request: "GET /robots.txt HTTP/1.1", host: "www.damine.tn"
2020/09/27 02:00:53 [error] 965#965: *258 open() "/usr/share/nginx/damine.tn/robots.txt" failed (2: No such file or directory), client: 108.162.219.182, server: damine.tn, request: "GET /robots.txt HTTP/1.1", host: "damine.tn"
2020/09/27 02:02:01 [error] 965#965: *259 open() "/usr/share/nginx/damine.tn/robots.txt" failed (2: No such file or directory), client: 162.158.183.135, server: damine.tn, request: "GET /robots.txt HTTP/1.1", host: "damine.tn"
2020/09/27 03:52:19 [error] 966#966: *274 open() "/usr/share/nginx/damine.tn/font/roboto/Roboto-Regular.woff2" failed (2: No such file or directory), client: 172.68.25.185, server: damine.tn, request: "GET /font/roboto/Roboto-Regular.woff2 HTTP/1.1", host: "www.damine.tn", referrer: "https://www.damine.tn/css/mdb.min.css"
2020/09/27 03:52:20 [error] 965#965: *275 open() "/usr/share/nginx/damine.tn/font/roboto/Roboto-Regular.woff" failed (2: No such file or directory), client: 172.68.24.132, server: damine.tn, request: "GET /font/roboto/Roboto-Regular.woff HTTP/1.1", host: "www.damine.tn", referrer: "https://www.damine.tn/css/mdb.min.css"
2020/09/27 03:52:21 [error] 965#965: *276 open() "/usr/share/nginx/damine.tn/font/roboto/Roboto-Regular.ttf" failed (2: No such file or directory), client: 172.68.25.195, server: damine.tn, request: "GET /font/roboto/Roboto-Regular.ttf HTTP/1.1", host: "www.damine.tn", referrer: "https://www.damine.tn/css/mdb.min.css"
2020/09/27 03:52:22 [error] 965#965: *279 open() "/usr/share/nginx/damine.tn/font/roboto/Roboto-Bold.woff2" failed (2: No such file or directory), client: 172.68.24.200, server: damine.tn, request: "GET /font/roboto/Roboto-Bold.woff2 HTTP/1.1", host: "www.damine.tn", referrer: "https://www.damine.tn/css/mdb.min.css"
2020/09/27 03:52:23 [error] 965#965: *280 open() "/usr/share/nginx/damine.tn/font/roboto/Roboto-Bold.woff" failed (2: No such file or directory), client: 172.68.24.148, server: damine.tn, request: "GET /font/roboto/Roboto-Bold.woff HTTP/1.1", host: "www.damine.tn", referrer: "https://www.damine.tn/css/mdb.min.css"
2020/09/27 03:52:24 [error] 965#965: *281 open() "/usr/share/nginx/damine.tn/font/roboto/Roboto-Bold.ttf" failed (2: No such file or directory), client: 172.68.24.114, server: damine.tn, request: "GET /font/roboto/Roboto-Bold.ttf HTTP/1.1", host: "www.damine.tn", referrer: "https://www.damine.tn/css/mdb.min.css"
2020/09/27 19:49:32 [error] 965#965: *340 open() "/usr/share/nginx/damine.tn/robots.txt" failed (2: No such file or directory), client: 108.162.245.24, server: damine.tn, request: "GET /robots.txt HTTP/1.1", host: "www.damine.tn"
2020/09/27 19:50:01 [error] 965#965: *346 open() "/usr/share/nginx/damine.tn/favicon.ico" failed (2: No such file or directory), client: 162.158.107.17, server: damine.tn, request: "GET /favicon.ico HTTP/1.1", host: "www.damine.tn"
2020/09/27 22:55:41 [error] 966#966: *368 open() "/usr/share/nginx/damine.tn/favicon.ico" failed (2: No such file or directory), client: 162.158.107.17, server: damine.tn, request: "GET /favicon.ico HTTP/1.1", host: "www.damine.tn"
2020/09/27 23:10:58 [error] 965#965: *369 open() "/usr/share/nginx/damine.tn/robots.txt" failed (2: No such file or directory), client: 141.101.69.175, server: damine.tn, request: "GET /robots.txt HTTP/1.1", host: "www.damine.tn"
2020/09/27 23:32:54 [error] 965#965: *371 open() "/usr/share/nginx/damine.tn/robots.txt" failed (2: No such file or directory), client: 108.162.246.165, server: damine.tn, request: "GET /robots.txt HTTP/1.1", host: "damine.tn"
2020/09/28 00:27:00 [error] 966#966: *377 open() "/usr/share/nginx/damine.tn/robots.txt" failed (2: No such file or directory), client: 162.158.183.135, server: damine.tn, request: "GET /robots.txt HTTP/1.1", host: "damine.tn"
2020/09/28 06:39:06 [error] 965#965: *421 open() "/usr/share/nginx/damine.tn/robots.txt" failed (2: No such file or directory), client: 108.162.246.165, server: damine.tn, request: "GET /robots.txt HTTP/1.1", host: "damine.tn"
2020/09/28 06:39:14 [error] 965#965: *424 open() "/usr/share/nginx/damine.tn/favicon.ico" failed (2: No such file or directory), client: 108.162.245.90, server: damine.tn, request: "GET /favicon.ico HTTP/1.1", host: "damine.tn"
2020/09/28 08:39:57 [error] 966#966: *433 open() "/usr/share/nginx/damine.tn/favicon.ico" failed (2: No such file or directory), client: 108.162.245.90, server: damine.tn, request: "GET /favicon.ico HTTP/1.1", host: "damine.tn"
2020/09/28 10:36:35 [error] 965#965: *443 open() "/usr/share/nginx/damine.tn/wp-login.php" failed (2: No such file or directory), client: 172.69.135.224, server: damine.tn, request: "GET /wp-login.php HTTP/1.1", host: "damine.tn", referrer: "http://damine.tn/wp-login.php"
2020/09/28 15:34:47 [error] 966#966: *463 open() "/usr/share/nginx/damine.tn/robots.txt" failed (2: No such file or directory), client: 108.162.246.165, server: damine.tn, request: "GET /robots.txt HTTP/1.1", host: "damine.tn"
2020/09/28 15:35:04 [error] 966#966: *470 open() "/usr/share/nginx/damine.tn/favicon.ico" failed (2: No such file or directory), client: 108.162.245.90, server: damine.tn, request: "GET /favicon.ico HTTP/1.1", host: "damine.tn"
2020/09/28 17:06:59 [error] 966#966: *488 open() "/usr/share/nginx/damine.tn/font/roboto/Roboto-Regular.woff2" failed (2: No such file or directory), client: 172.68.25.185, server: damine.tn, request: "GET /font/roboto/Roboto-Regular.woff2 HTTP/1.1", host: "www.damine.tn", referrer: "https://www.damine.tn/css/mdb.min.css"
2020/09/28 17:07:00 [error] 966#966: *489 open() "/usr/share/nginx/damine.tn/font/roboto/Roboto-Regular.woff" failed (2: No such file or directory), client: 172.68.24.132, server: damine.tn, request: "GET /font/roboto/Roboto-Regular.woff HTTP/1.1", host: "www.damine.tn", referrer: "https://www.damine.tn/css/mdb.min.css"
2020/09/28 17:07:01 [error] 966#966: *490 open() "/usr/share/nginx/damine.tn/font/roboto/Roboto-Regular.ttf" failed (2: No such file or directory), client: 172.68.25.195, server: damine.tn, request: "GET /font/roboto/Roboto-Regular.ttf HTTP/1.1", host: "www.damine.tn", referrer: "https://www.damine.tn/css/mdb.min.css"
2020/09/28 17:07:02 [error] 966#966: *492 open() "/usr/share/nginx/damine.tn/font/roboto/Roboto-Bold.woff2" failed (2: No such file or directory), client: 172.68.24.200, server: damine.tn, request: "GET /font/roboto/Roboto-Bold.woff2 HTTP/1.1", host: "www.damine.tn", referrer: "https://www.damine.tn/css/mdb.min.css"
2020/09/28 17:07:03 [error] 966#966: *494 open() "/usr/share/nginx/damine.tn/font/roboto/Roboto-Bold.woff" failed (2: No such file or directory), client: 172.68.24.148, server: damine.tn, request: "GET /font/roboto/Roboto-Bold.woff HTTP/1.1", host: "www.damine.tn", referrer: "https://www.damine.tn/css/mdb.min.css"
2020/09/28 17:07:04 [error] 966#966: *495 open() "/usr/share/nginx/damine.tn/font/roboto/Roboto-Bold.ttf" failed (2: No such file or directory), client: 172.68.24.114, server: damine.tn, request: "GET /font/roboto/Roboto-Bold.ttf HTTP/1.1", host: "www.damine.tn", referrer: "https://www.damine.tn/css/mdb.min.css"
2020/09/28 22:05:44 [error] 966#966: *552 open() "/usr/share/nginx/damine.tn/>" failed (2: No such file or directory), client: 141.101.69.31, server: damine.tn, request: "GET /%3E HTTP/1.1", host: "www.damine.tn", referrer: "https://www.localhost.tn/"
2020/09/28 22:05:46 [error] 966#966: *553 open() "/usr/share/nginx/damine.tn/favicon.ico" failed (2: No such file or directory), client: 141.101.69.185, server: damine.tn, request: "GET /favicon.ico HTTP/1.1", host: "www.damine.tn", referrer: "https://www.damine.tn/%3E"
2020/09/29 01:12:18 [error] 966#966: *567 open() "/usr/share/nginx/damine.tn/robots.txt" failed (2: No such file or directory), client: 141.101.69.175, server: damine.tn, request: "GET /robots.txt HTTP/1.1", host: "www.damine.tn"
2020/09/29 05:02:32 [error] 965#965: *596 open() "/usr/share/nginx/damine.tn/robots.txt" failed (2: No such file or directory), client: 172.68.65.62, server: damine.tn, request: "GET /robots.txt HTTP/1.1", host: "www.damine.tn"
2020/09/30 02:08:23 [error] 966#966: *686 open() "/usr/share/nginx/damine.tn/robots.txt" failed (2: No such file or directory), client: 162.158.183.135, server: damine.tn, request: "GET /robots.txt HTTP/1.1", host: "damine.tn", referrer: "http://damine.tn/robots.txt"
2020/09/30 02:08:24 [error] 966#966: *688 open() "/usr/share/nginx/damine.tn/humans.txt" failed (2: No such file or directory), client: 162.158.183.163, server: damine.tn, request: "GET /humans.txt HTTP/1.1", host: "damine.tn", referrer: "http://damine.tn/humans.txt"
2020/09/30 02:08:24 [error] 966#966: *690 open() "/usr/share/nginx/damine.tn/ads.txt" failed (2: No such file or directory), client: 162.158.183.163, server: damine.tn, request: "GET /ads.txt HTTP/1.1", host: "damine.tn", referrer: "http://damine.tn/ads.txt"
2020/09/30 02:38:03 [error] 966#966: *696 open() "/usr/share/nginx/damine.tn/robots.txt" failed (2: No such file or directory), client: 141.101.69.175, server: damine.tn, request: "GET /robots.txt HTTP/1.1", host: "www.damine.tn"
2020/09/30 14:35:49 [error] 966#966: *748 open() "/usr/share/nginx/damine.tn/wp-login.php" failed (2: No such file or directory), client: 172.68.238.122, server: damine.tn, request: "GET /wp-login.php HTTP/1.1", host: "damine.tn", referrer: "http://damine.tn/wp-login.php"
2020/09/30 18:24:51 [error] 965#965: *765 open() "/usr/share/nginx/damine.tn/robots.txt" failed (2: No such file or directory), client: 108.162.245.24, server: damine.tn, request: "GET /robots.txt HTTP/1.1", host: "www.damine.tn"
2020/09/30 18:25:53 [error] 966#966: *768 open() "/usr/share/nginx/damine.tn/favicon.ico" failed (2: No such file or directory), client: 162.158.107.17, server: damine.tn, request: "GET /favicon.ico HTTP/1.1", host: "www.damine.tn"
2020/09/30 19:42:57 [error] 965#965: *773 open() "/usr/share/nginx/damine.tn/robots.txt" failed (2: No such file or directory), client: 108.162.246.165, server: damine.tn, request: "GET /robots.txt HTTP/1.1", host: "damine.tn"
2020/09/30 19:55:41 [error] 965#965: *775 open() "/usr/share/nginx/damine.tn/favicon.ico" failed (2: No such file or directory), client: 162.158.107.17, server: damine.tn, request: "GET /favicon.ico HTTP/1.1", host: "www.damine.tn"
2020/10/01 05:50:32 [error] 965#965: *824 open() "/usr/share/nginx/damine.tn/robots.txt" failed (2: No such file or directory), client: 162.158.79.229, server: damine.tn, request: "GET /robots.txt HTTP/1.1", host: "damine.tn"
2020/10/01 10:31:32 [error] 965#965: *1027 open() "/usr/share/nginx/damine.tn/robots.txt" failed (2: No such file or directory), client: 162.158.79.229, server: damine.tn, request: "GET /robots.txt HTTP/1.1", host: "damine.tn"
2020/10/01 12:28:01 [error] 965#965: *1042 open() "/usr/share/nginx/damine.tn/robots.txt" failed (2: No such file or directory), client: 162.158.183.153, server: damine.tn, request: "GET /robots.txt HTTP/1.1", host: "www.damine.tn"
2020/10/01 12:28:01 [error] 965#965: *1043 open() "/usr/share/nginx/damine.tn/robots.txt" failed (2: No such file or directory), client: 162.158.238.218, server: damine.tn, request: "GET /robots.txt HTTP/1.1", host: "damine.tn"
2020/10/01 16:14:19 [error] 966#966: *1056 open() "/usr/share/nginx/damine.tn/robots.txt" failed (2: No such file or directory), client: 172.68.65.62, server: damine.tn, request: "GET /robots.txt HTTP/1.1", host: "www.damine.tn"
2020/10/01 16:33:07 [error] 965#965: *1063 open() "/usr/share/nginx/damine.tn/robots.txt" failed (2: No such file or directory), client: 141.101.69.175, server: damine.tn, request: "GET /robots.txt HTTP/1.1", host: "www.damine.tn"
2020/10/02 02:52:38 [error] 965#965: *1111 open() "/usr/share/nginx/damine.tn/robots.txt" failed (2: No such file or directory), client: 162.158.74.127, server: damine.tn, request: "GET /robots.txt HTTP/1.1", host: "www.damine.tn"
2020/10/02 05:22:43 [error] 966#966: *1116 open() "/usr/share/nginx/damine.tn/robots.txt" failed (2: No such file or directory), client: 162.158.75.68, server: damine.tn, request: "GET /robots.txt HTTP/1.1", host: "damine.tn"
2020/10/02 05:22:45 [error] 965#965: *1118 open() "/usr/share/nginx/damine.tn/jpssjdwbfiaddf.html" failed (2: No such file or directory), client: 108.162.216.48, server: damine.tn, request: "GET /jpssjdwbfiaddf.html HTTP/1.1", host: "damine.tn"
2020/10/02 07:53:51 [error] 966#966: *1123 open() "/usr/share/nginx/damine.tn/.well-known/assetlinks.json" failed (2: No such file or directory), client: 162.158.75.26, server: damine.tn, request: "GET /.well-known/assetlinks.json HTTP/1.1", host: "damine.tn"
2020/10/02 09:39:24 [error] 966#966: *1137 open() "/usr/share/nginx/damine.tn/robots.txt" failed (2: No such file or directory), client: 162.158.74.127, server: damine.tn, request: "GET /robots.txt HTTP/1.1", host: "www.damine.tn"
2020/10/02 13:54:06 [error] 965#965: *1165 open() "/usr/share/nginx/damine.tn/wp-login.php" failed (2: No such file or directory), client: 141.101.77.18, server: damine.tn, request: "GET /wp-login.php HTTP/1.1", host: "damine.tn", referrer: "http://damine.tn/wp-login.php"
2020/10/02 17:12:29 [error] 966#966: *1187 open() "/usr/share/nginx/damine.tn/robots.txt" failed (2: No such file or directory), client: 162.158.74.127, server: damine.tn, request: "GET /robots.txt HTTP/1.1", host: "www.damine.tn"
2020/10/02 17:42:42 [error] 965#965: *1194 open() "/usr/share/nginx/damine.tn/robots.txt" failed (2: No such file or directory), client: 162.158.75.68, server: damine.tn, request: "GET /robots.txt HTTP/1.1", host: "damine.tn"
2020/10/02 18:35:36 [error] 966#966: *1204 open() "/usr/share/nginx/damine.tn/wp-login.php" failed (2: No such file or directory), client: 162.158.63.8, server: damine.tn, request: "GET /wp-login.php HTTP/1.1", host: "www.damine.tn", referrer: "http://www.damine.tn/wp-login.php"
2020/10/02 21:12:43 [error] 966#966: *1231 open() "/usr/share/nginx/damine.tn/robots.txt" failed (2: No such file or directory), client: 162.158.75.68, server: damine.tn, request: "GET /robots.txt HTTP/1.1", host: "damine.tn"
2020/10/02 22:08:53 [error] 966#966: *1236 open() "/usr/share/nginx/damine.tn/robots.txt" failed (2: No such file or directory), client: 141.101.69.175, server: damine.tn, request: "GET /robots.txt HTTP/1.1", host: "www.damine.tn"
2020/10/03 00:11:10 [error] 965#965: *1246 open() "/usr/share/nginx/damine.tn/.well-known/assetlinks.json" failed (2: No such file or directory), client: 162.158.75.26, server: damine.tn, request: "GET /.well-known/assetlinks.json HTTP/1.1", host: "damine.tn"
2020/10/03 08:02:13 [error] 966#966: *1301 open() "/usr/share/nginx/damine.tn/robots.txt" failed (2: No such file or directory), client: 108.162.246.165, server: damine.tn, request: "GET /robots.txt HTTP/1.1", host: "damine.tn"
2020/10/03 08:02:14 [error] 966#966: *1302 open() "/usr/share/nginx/damine.tn/.well-known/assetlinks.json" failed (2: No such file or directory), client: 162.158.107.89, server: damine.tn, request: "GET /.well-known/assetlinks.json HTTP/1.1", host: "damine.tn"
2020/10/03 14:00:17 [error] 966#966: *1326 open() "/usr/share/nginx/damine.tn/robots.txt" failed (2: No such file or directory), client: 108.162.245.24, server: damine.tn, request: "GET /robots.txt HTTP/1.1", host: "www.damine.tn"
2020/10/03 14:00:38 [error] 966#966: *1329 open() "/usr/share/nginx/damine.tn/favicon.ico" failed (2: No such file or directory), client: 162.158.107.17, server: damine.tn, request: "GET /favicon.ico HTTP/1.1", host: "www.damine.tn"
2020/10/03 17:53:17 [error] 966#966: *1343 open() "/usr/share/nginx/damine.tn/favicon.ico" failed (2: No such file or directory), client: 162.158.107.17, server: damine.tn, request: "GET /favicon.ico HTTP/1.1", host: "www.damine.tn"
2020/10/03 19:14:32 [error] 966#966: *1381 open() "/usr/share/nginx/damine.tn/font/roboto/Roboto-Regular.woff2" failed (2: No such file or directory), client: 172.69.63.71, server: damine.tn, request: "GET /font/roboto/Roboto-Regular.woff2 HTTP/1.1", host: "damine.tn", referrer: "https://damine.tn/css/mdb.min.css"
2020/10/03 19:14:33 [error] 966#966: *1382 open() "/usr/share/nginx/damine.tn/font/roboto/Roboto-Regular.woff" failed (2: No such file or directory), client: 172.69.63.241, server: damine.tn, request: "GET /font/roboto/Roboto-Regular.woff HTTP/1.1", host: "damine.tn", referrer: "https://damine.tn/css/mdb.min.css"
2020/10/03 19:14:33 [error] 966#966: *1383 open() "/usr/share/nginx/damine.tn/font/roboto/Roboto-Regular.woff2" failed (2: No such file or directory), client: 162.158.79.133, server: damine.tn, request: "GET /font/roboto/Roboto-Regular.woff2 HTTP/1.1", host: "www.damine.tn", referrer: "https://www.damine.tn/css/mdb.min.css"
2020/10/03 19:14:33 [error] 966#966: *1384 open() "/usr/share/nginx/damine.tn/font/roboto/Roboto-Regular.ttf" failed (2: No such file or directory), client: 172.69.63.67, server: damine.tn, request: "GET /font/roboto/Roboto-Regular.ttf HTTP/1.1", host: "damine.tn", referrer: "https://damine.tn/css/mdb.min.css"
2020/10/03 19:14:33 [error] 966#966: *1385 open() "/usr/share/nginx/damine.tn/font/roboto/Roboto-Regular.woff" failed (2: No such file or directory), client: 162.158.79.103, server: damine.tn, request: "GET /font/roboto/Roboto-Regular.woff HTTP/1.1", host: "www.damine.tn", referrer: "https://www.damine.tn/css/mdb.min.css"
2020/10/03 19:14:33 [error] 966#966: *1388 open() "/usr/share/nginx/damine.tn/font/roboto/Roboto-Bold.woff2" failed (2: No such file or directory), client: 172.68.65.234, server: damine.tn, request: "GET /font/roboto/Roboto-Bold.woff2 HTTP/1.1", host: "damine.tn", referrer: "https://damine.tn/css/mdb.min.css"
2020/10/03 19:14:33 [error] 966#966: *1389 open() "/usr/share/nginx/damine.tn/font/roboto/Roboto-Regular.ttf" failed (2: No such file or directory), client: 162.158.78.78, server: damine.tn, request: "GET /font/roboto/Roboto-Regular.ttf HTTP/1.1", host: "www.damine.tn", referrer: "https://www.damine.tn/css/mdb.min.css"
2020/10/03 19:14:34 [error] 966#966: *1390 open() "/usr/share/nginx/damine.tn/font/roboto/Roboto-Bold.woff" failed (2: No such file or directory), client: 173.245.54.191, server: damine.tn, request: "GET /font/roboto/Roboto-Bold.woff HTTP/1.1", host: "damine.tn", referrer: "https://damine.tn/css/mdb.min.css"
2020/10/03 19:14:34 [error] 966#966: *1393 open() "/usr/share/nginx/damine.tn/font/roboto/Roboto-Bold.woff2" failed (2: No such file or directory), client: 172.69.63.181, server: damine.tn, request: "GET /font/roboto/Roboto-Bold.woff2 HTTP/1.1", host: "www.damine.tn", referrer: "https://www.damine.tn/css/mdb.min.css"
2020/10/03 19:14:34 [error] 966#966: *1394 open() "/usr/share/nginx/damine.tn/font/roboto/Roboto-Bold.ttf" failed (2: No such file or directory), client: 162.158.79.7, server: damine.tn, request: "GET /font/roboto/Roboto-Bold.ttf HTTP/1.1", host: "damine.tn", referrer: "https://damine.tn/css/mdb.min.css"
2020/10/03 19:14:34 [error] 966#966: *1395 open() "/usr/share/nginx/damine.tn/font/roboto/Roboto-Bold.woff" failed (2: No such file or directory), client: 172.68.65.150, server: damine.tn, request: "GET /font/roboto/Roboto-Bold.woff HTTP/1.1", host: "www.damine.tn", referrer: "https://www.damine.tn/css/mdb.min.css"
2020/10/03 19:14:35 [error] 966#966: *1396 open() "/usr/share/nginx/damine.tn/font/roboto/Roboto-Bold.ttf" failed (2: No such file or directory), client: 162.158.79.159, server: damine.tn, request: "GET /font/roboto/Roboto-Bold.ttf HTTP/1.1", host: "www.damine.tn", referrer: "https://www.damine.tn/css/mdb.min.css"
2020/10/03 19:15:03 [error] 966#966: *1399 open() "/usr/share/nginx/damine.tn/font/roboto/Roboto-Regular.eot" failed (2: No such file or directory), client: 172.69.63.113, server: damine.tn, request: "GET /font/roboto/Roboto-Regular.eot? HTTP/1.1", host: "www.damine.tn", referrer: "https://www.damine.tn/"
2020/10/03 19:15:03 [error] 966#966: *1400 open() "/usr/share/nginx/damine.tn/font/roboto/Roboto-Medium.eot" failed (2: No such file or directory), client: 173.245.54.117, server: damine.tn, request: "GET /font/roboto/Roboto-Medium.eot? HTTP/1.1", host: "www.damine.tn", referrer: "https://www.damine.tn/"
2020/10/03 19:15:03 [error] 966#966: *1401 open() "/usr/share/nginx/damine.tn/font/roboto/Roboto-Bold.eot" failed (2: No such file or directory), client: 173.245.54.13, server: damine.tn, request: "GET /font/roboto/Roboto-Bold.eot? HTTP/1.1", host: "www.damine.tn", referrer: "https://www.damine.tn/"
2020/10/03 19:15:03 [error] 966#966: *1402 open() "/usr/share/nginx/damine.tn/font/roboto/Roboto-Light.eot" failed (2: No such file or directory), client: 172.69.63.183, server: damine.tn, request: "GET /font/roboto/Roboto-Light.eot? HTTP/1.1", host: "www.damine.tn", referrer: "https://www.damine.tn/"
2020/10/03 19:15:03 [error] 966#966: *1403 open() "/usr/share/nginx/damine.tn/font/roboto/Roboto-Thin.eot" failed (2: No such file or directory), client: 172.69.62.124, server: damine.tn, request: "GET /font/roboto/Roboto-Thin.eot? HTTP/1.1", host: "www.damine.tn", referrer: "https://www.damine.tn/"
2020/10/03 19:15:04 [error] 966#966: *1404 open() "/usr/share/nginx/damine.tn/font/roboto/Roboto-Medium.woff" failed (2: No such file or directory), client: 162.158.79.39, server: damine.tn, request: "GET /font/roboto/Roboto-Medium.woff HTTP/1.1", host: "www.damine.tn", referrer: "https://www.damine.tn/"
2020/10/03 19:15:04 [error] 966#966: *1405 open() "/usr/share/nginx/damine.tn/font/roboto/Roboto-Thin.woff" failed (2: No such file or directory), client: 172.69.62.4, server: damine.tn, request: "GET /font/roboto/Roboto-Thin.woff HTTP/1.1", host: "www.damine.tn", referrer: "https://www.damine.tn/"
2020/10/03 19:15:04 [error] 966#966: *1406 open() "/usr/share/nginx/damine.tn/font/roboto/Roboto-Light.woff" failed (2: No such file or directory), client: 162.158.79.115, server: damine.tn, request: "GET /font/roboto/Roboto-Light.woff HTTP/1.1", host: "www.damine.tn", referrer: "https://www.damine.tn/"
2020/10/03 19:15:05 [error] 966#966: *1407 open() "/usr/share/nginx/damine.tn/font/roboto/Roboto-Light.ttf" failed (2: No such file or directory), client: 172.69.63.179, server: damine.tn, request: "GET /font/roboto/Roboto-Light.ttf HTTP/1.1", host: "www.damine.tn", referrer: "https://www.damine.tn/"
2020/10/03 19:15:05 [error] 966#966: *1408 open() "/usr/share/nginx/damine.tn/font/roboto/Roboto-Thin.ttf" failed (2: No such file or directory), client: 172.69.63.79, server: damine.tn, request: "GET /font/roboto/Roboto-Thin.ttf HTTP/1.1", host: "www.damine.tn", referrer: "https://www.damine.tn/"
2020/10/03 19:15:05 [error] 966#966: *1409 open() "/usr/share/nginx/damine.tn/font/roboto/Roboto-Medium.ttf" failed (2: No such file or directory), client: 172.69.62.250, server: damine.tn, request: "GET /font/roboto/Roboto-Medium.ttf HTTP/1.1", host: "www.damine.tn", referrer: "https://www.damine.tn/"
2020/10/03 19:15:39 [error] 966#966: *1420 open() "/usr/share/nginx/damine.tn/font/roboto/Roboto-Light.eot" failed (2: No such file or directory), client: 108.162.219.188, server: damine.tn, request: "GET /font/roboto/Roboto-Light.eot? HTTP/1.1", host: "damine.tn", referrer: "https://damine.tn/"
2020/10/03 19:15:39 [error] 966#966: *1419 open() "/usr/share/nginx/damine.tn/font/roboto/Roboto-Thin.eot" failed (2: No such file or directory), client: 162.158.63.112, server: damine.tn, request: "GET /font/roboto/Roboto-Thin.eot? HTTP/1.1", host: "damine.tn", referrer: "https://damine.tn/"
2020/10/03 19:15:39 [error] 966#966: *1421 open() "/usr/share/nginx/damine.tn/font/roboto/Roboto-Regular.eot" failed (2: No such file or directory), client: 162.158.63.154, server: damine.tn, request: "GET /font/roboto/Roboto-Regular.eot? HTTP/1.1", host: "damine.tn", referrer: "https://damine.tn/"
2020/10/03 19:15:39 [error] 966#966: *1422 open() "/usr/share/nginx/damine.tn/font/roboto/Roboto-Medium.eot" failed (2: No such file or directory), client: 173.245.52.151, server: damine.tn, request: "GET /font/roboto/Roboto-Medium.eot? HTTP/1.1", host: "damine.tn", referrer: "https://damine.tn/"
2020/10/03 19:15:39 [error] 966#966: *1423 open() "/usr/share/nginx/damine.tn/font/roboto/Roboto-Bold.eot" failed (2: No such file or directory), client: 108.162.219.170, server: damine.tn, request: "GET /font/roboto/Roboto-Bold.eot? HTTP/1.1", host: "damine.tn", referrer: "https://damine.tn/"
2020/10/03 19:15:40 [error] 966#966: *1424 open() "/usr/share/nginx/damine.tn/font/roboto/Roboto-Regular.woff" failed (2: No such file or directory), client: 162.158.62.7, server: damine.tn, request: "GET /font/roboto/Roboto-Regular.woff HTTP/1.1", host: "damine.tn", referrer: "https://damine.tn/"
2020/10/03 19:15:41 [error] 966#966: *1425 open() "/usr/share/nginx/damine.tn/font/roboto/Roboto-Medium.woff" failed (2: No such file or directory), client: 162.158.63.226, server: damine.tn, request: "GET /font/roboto/Roboto-Medium.woff HTTP/1.1", host: "damine.tn", referrer: "https://damine.tn/"
2020/10/03 19:15:41 [error] 966#966: *1426 open() "/usr/share/nginx/damine.tn/font/roboto/Roboto-Thin.woff" failed (2: No such file or directory), client: 108.162.219.104, server: damine.tn, request: "GET /font/roboto/Roboto-Thin.woff HTTP/1.1", host: "damine.tn", referrer: "https://damine.tn/"
2020/10/03 19:15:41 [error] 966#966: *1427 open() "/usr/share/nginx/damine.tn/font/roboto/Roboto-Light.woff" failed (2: No such file or directory), client: 162.158.62.179, server: damine.tn, request: "GET /font/roboto/Roboto-Light.woff HTTP/1.1", host: "damine.tn", referrer: "https://damine.tn/"
2020/10/03 19:15:41 [error] 966#966: *1428 open() "/usr/share/nginx/damine.tn/font/roboto/Roboto-Bold.woff" failed (2: No such file or directory), client: 108.162.219.146, server: damine.tn, request: "GET /font/roboto/Roboto-Bold.woff HTTP/1.1", host: "damine.tn", referrer: "https://damine.tn/"
2020/10/03 19:15:43 [error] 966#966: *1429 open() "/usr/share/nginx/damine.tn/font/roboto/Roboto-Regular.ttf" failed (2: No such file or directory), client: 108.162.219.138, server: damine.tn, request: "GET /font/roboto/Roboto-Regular.ttf HTTP/1.1", host: "damine.tn", referrer: "https://damine.tn/"
2020/10/03 19:15:45 [error] 966#966: *1430 open() "/usr/share/nginx/damine.tn/font/roboto/Roboto-Medium.ttf" failed (2: No such file or directory), client: 162.158.62.87, server: damine.tn, request: "GET /font/roboto/Roboto-Medium.ttf HTTP/1.1", host: "damine.tn", referrer: "https://damine.tn/"
2020/10/03 19:15:45 [error] 966#966: *1431 open() "/usr/share/nginx/damine.tn/font/roboto/Roboto-Bold.ttf" failed (2: No such file or directory), client: 162.158.62.177, server: damine.tn, request: "GET /font/roboto/Roboto-Bold.ttf HTTP/1.1", host: "damine.tn", referrer: "https://damine.tn/"
2020/10/03 19:15:45 [error] 966#966: *1432 open() "/usr/share/nginx/damine.tn/font/roboto/Roboto-Thin.ttf" failed (2: No such file or directory), client: 108.162.219.236, server: damine.tn, request: "GET /font/roboto/Roboto-Thin.ttf HTTP/1.1", host: "damine.tn", referrer: "https://damine.tn/"
2020/10/03 19:15:45 [error] 966#966: *1433 open() "/usr/share/nginx/damine.tn/font/roboto/Roboto-Light.ttf" failed (2: No such file or directory), client: 162.158.63.88, server: damine.tn, request: "GET /font/roboto/Roboto-Light.ttf HTTP/1.1", host: "damine.tn", referrer: "https://damine.tn/"
2020/10/03 19:16:04 [error] 966#966: *1436 open() "/usr/share/nginx/damine.tn/favicon.ico" failed (2: No such file or directory), client: 162.158.63.142, server: damine.tn, request: "GET /favicon.ico HTTP/1.1", host: "damine.tn"
2020/10/03 19:16:56 [error] 966#966: *1445 open() "/usr/share/nginx/damine.tn/font/roboto/Roboto-Thin.eot" failed (2: No such file or directory), client: 108.162.219.238, server: damine.tn, request: "GET /font/roboto/Roboto-Thin.eot? HTTP/1.1", host: "www.damine.tn", referrer: "https://www.damine.tn/"
2020/10/03 19:16:56 [error] 966#966: *1446 open() "/usr/share/nginx/damine.tn/font/roboto/Roboto-Light.eot" failed (2: No such file or directory), client: 108.162.219.200, server: damine.tn, request: "GET /font/roboto/Roboto-Light.eot? HTTP/1.1", host: "www.damine.tn", referrer: "https://www.damine.tn/"
2020/10/03 19:16:56 [error] 966#966: *1447 open() "/usr/share/nginx/damine.tn/font/roboto/Roboto-Regular.eot" failed (2: No such file or directory), client: 173.245.52.133, server: damine.tn, request: "GET /font/roboto/Roboto-Regular.eot? HTTP/1.1", host: "www.damine.tn", referrer: "https://www.damine.tn/"
2020/10/03 19:16:56 [error] 966#966: *1448 open() "/usr/share/nginx/damine.tn/font/roboto/Roboto-Medium.eot" failed (2: No such file or directory), client: 162.158.63.100, server: damine.tn, request: "GET /font/roboto/Roboto-Medium.eot? HTTP/1.1", host: "www.damine.tn", referrer: "https://www.damine.tn/"
2020/10/03 19:16:56 [error] 966#966: *1449 open() "/usr/share/nginx/damine.tn/font/roboto/Roboto-Bold.eot" failed (2: No such file or directory), client: 108.162.219.230, server: damine.tn, request: "GET /font/roboto/Roboto-Bold.eot? HTTP/1.1", host: "www.damine.tn", referrer: "https://www.damine.tn/"
2020/10/03 19:16:57 [error] 966#966: *1450 open() "/usr/share/nginx/damine.tn/font/roboto/Roboto-Light.woff" failed (2: No such file or directory), client: 162.158.63.160, server: damine.tn, request: "GET /font/roboto/Roboto-Light.woff HTTP/1.1", host: "www.damine.tn", referrer: "https://www.damine.tn/"
2020/10/03 19:16:57 [error] 966#966: *1451 open() "/usr/share/nginx/damine.tn/font/roboto/Roboto-Thin.woff" failed (2: No such file or directory), client: 108.162.219.164, server: damine.tn, request: "GET /font/roboto/Roboto-Thin.woff HTTP/1.1", host: "www.damine.tn", referrer: "https://www.damine.tn/"
2020/10/03 19:16:57 [error] 966#966: *1452 open() "/usr/share/nginx/damine.tn/font/roboto/Roboto-Medium.woff" failed (2: No such file or directory), client: 162.158.63.14, server: damine.tn, request: "GET /font/roboto/Roboto-Medium.woff HTTP/1.1", host: "www.damine.tn", referrer: "https://www.damine.tn/"
2020/10/03 19:16:58 [error] 966#966: *1453 open() "/usr/share/nginx/damine.tn/font/roboto/Roboto-Regular.woff" failed (2: No such file or directory), client: 108.162.219.162, server: damine.tn, request: "GET /font/roboto/Roboto-Regular.woff HTTP/1.1", host: "www.damine.tn", referrer: "https://www.damine.tn/"
2020/10/03 19:16:58 [error] 966#966: *1454 open() "/usr/share/nginx/damine.tn/font/roboto/Roboto-Bold.woff" failed (2: No such file or directory), client: 108.162.219.114, server: damine.tn, request: "GET /font/roboto/Roboto-Bold.woff HTTP/1.1", host: "www.damine.tn", referrer: "https://www.damine.tn/"
2020/10/03 19:17:00 [error] 966#966: *1455 open() "/usr/share/nginx/damine.tn/font/roboto/Roboto-Light.ttf" failed (2: No such file or directory), client: 162.158.62.87, server: damine.tn, request: "GET /font/roboto/Roboto-Light.ttf HTTP/1.1", host: "www.damine.tn", referrer: "https://www.damine.tn/"
2020/10/03 19:17:00 [error] 966#966: *1456 open() "/usr/share/nginx/damine.tn/font/roboto/Roboto-Thin.ttf" failed (2: No such file or directory), client: 108.162.219.236, server: damine.tn, request: "GET /font/roboto/Roboto-Thin.ttf HTTP/1.1", host: "www.damine.tn", referrer: "https://www.damine.tn/"
2020/10/03 19:17:02 [error] 966#966: *1457 open() "/usr/share/nginx/damine.tn/font/roboto/Roboto-Bold.ttf" failed (2: No such file or directory), client: 162.158.62.151, server: damine.tn, request: "GET /font/roboto/Roboto-Bold.ttf HTTP/1.1", host: "www.damine.tn", referrer: "https://www.damine.tn/"
2020/10/03 19:17:02 [error] 966#966: *1458 open() "/usr/share/nginx/damine.tn/font/roboto/Roboto-Medium.ttf" failed (2: No such file or directory), client: 162.158.62.223, server: damine.tn, request: "GET /font/roboto/Roboto-Medium.ttf HTTP/1.1", host: "www.damine.tn", referrer: "https://www.damine.tn/"
2020/10/03 19:17:02 [error] 966#966: *1459 open() "/usr/share/nginx/damine.tn/font/roboto/Roboto-Regular.ttf" failed (2: No such file or directory), client: 162.158.62.177, server: damine.tn, request: "GET /font/roboto/Roboto-Regular.ttf HTTP/1.1", host: "www.damine.tn", referrer: "https://www.damine.tn/"
2020/10/03 21:01:11 [error] 966#966: *1481 open() "/usr/share/nginx/damine.tn/font/roboto/Roboto-Regular.woff2" failed (2: No such file or directory), client: 172.68.25.185, server: damine.tn, request: "GET /font/roboto/Roboto-Regular.woff2 HTTP/1.1", host: "www.damine.tn", referrer: "https://www.damine.tn/css/mdb.min.css"
2020/10/03 21:01:12 [error] 966#966: *1482 open() "/usr/share/nginx/damine.tn/font/roboto/Roboto-Regular.woff" failed (2: No such file or directory), client: 172.68.24.132, server: damine.tn, request: "GET /font/roboto/Roboto-Regular.woff HTTP/1.1", host: "www.damine.tn", referrer: "https://www.damine.tn/css/mdb.min.css"
2020/10/03 21:01:13 [error] 966#966: *1483 open() "/usr/share/nginx/damine.tn/font/roboto/Roboto-Regular.ttf" failed (2: No such file or directory), client: 172.68.25.195, server: damine.tn, request: "GET /font/roboto/Roboto-Regular.ttf HTTP/1.1", host: "www.damine.tn", referrer: "https://www.damine.tn/css/mdb.min.css"
2020/10/03 21:01:14 [error] 966#966: *1485 open() "/usr/share/nginx/damine.tn/font/roboto/Roboto-Bold.woff2" failed (2: No such file or directory), client: 172.68.24.200, server: damine.tn, request: "GET /font/roboto/Roboto-Bold.woff2 HTTP/1.1", host: "www.damine.tn", referrer: "https://www.damine.tn/css/mdb.min.css"
2020/10/03 21:01:15 [error] 966#966: *1487 open() "/usr/share/nginx/damine.tn/font/roboto/Roboto-Bold.woff" failed (2: No such file or directory), client: 172.68.24.148, server: damine.tn, request: "GET /font/roboto/Roboto-Bold.woff HTTP/1.1", host: "www.damine.tn", referrer: "https://www.damine.tn/css/mdb.min.css"
2020/10/03 21:01:16 [error] 966#966: *1488 open() "/usr/share/nginx/damine.tn/font/roboto/Roboto-Bold.ttf" failed (2: No such file or directory), client: 172.68.24.114, server: damine.tn, request: "GET /font/roboto/Roboto-Bold.ttf HTTP/1.1", host: "www.damine.tn", referrer: "https://www.damine.tn/css/mdb.min.css"
2020/10/04 03:42:46 [error] 965#965: *1540 open() "/usr/share/nginx/damine.tn/robots.txt" failed (2: No such file or directory), client: 108.162.219.182, server: damine.tn, request: "GET /robots.txt HTTP/1.1", host: "damine.tn"
2020/10/04 10:37:40 [error] 965#965: *1575 open() "/usr/share/nginx/damine.tn/font/roboto/Roboto-Regular.woff2" failed (2: No such file or directory), client: 162.158.75.196, server: damine.tn, request: "GET /font/roboto/Roboto-Regular.woff2 HTTP/1.1", host: "www.damine.tn", referrer: "https://www.damine.tn/css/mdb.min.css"
2020/10/04 10:37:41 [error] 965#965: *1576 open() "/usr/share/nginx/damine.tn/font/roboto/Roboto-Regular.woff" failed (2: No such file or directory), client: 108.162.216.134, server: damine.tn, request: "GET /font/roboto/Roboto-Regular.woff HTTP/1.1", host: "www.damine.tn", referrer: "https://www.damine.tn/css/mdb.min.css"
2020/10/04 10:37:41 [error] 965#965: *1577 open() "/usr/share/nginx/damine.tn/font/roboto/Roboto-Regular.ttf" failed (2: No such file or directory), client: 162.158.75.60, server: damine.tn, request: "GET /font/roboto/Roboto-Regular.ttf HTTP/1.1", host: "www.damine.tn", referrer: "https://www.damine.tn/css/mdb.min.css"
2020/10/04 10:37:42 [error] 965#965: *1579 open() "/usr/share/nginx/damine.tn/font/roboto/Roboto-Bold.woff2" failed (2: No such file or directory), client: 108.162.216.242, server: damine.tn, request: "GET /font/roboto/Roboto-Bold.woff2 HTTP/1.1", host: "www.damine.tn", referrer: "https://www.damine.tn/css/mdb.min.css"
2020/10/04 10:37:42 [error] 965#965: *1580 open() "/usr/share/nginx/damine.tn/font/roboto/Roboto-Bold.woff" failed (2: No such file or directory), client: 162.158.75.18, server: damine.tn, request: "GET /font/roboto/Roboto-Bold.woff HTTP/1.1", host: "www.damine.tn", referrer: "https://www.damine.tn/css/mdb.min.css"
2020/10/04 10:37:43 [error] 965#965: *1581 open() "/usr/share/nginx/damine.tn/font/roboto/Roboto-Bold.ttf" failed (2: No such file or directory), client: 108.162.216.180, server: damine.tn, request: "GET /font/roboto/Roboto-Bold.ttf HTTP/1.1", host: "www.damine.tn", referrer: "https://www.damine.tn/css/mdb.min.css"
2020/10/04 12:24:09 [error] 965#965: *1585 open() "/usr/share/nginx/damine.tn/robots.txt" failed (2: No such file or directory), client: 141.101.69.175, server: damine.tn, request: "GET /robots.txt HTTP/1.1", host: "www.damine.tn"
2020/10/04 17:53:58 [error] 966#966: *1606 open() "/usr/share/nginx/damine.tn/robots.txt" failed (2: No such file or directory), client: 162.158.75.68, server: damine.tn, request: "GET /robots.txt HTTP/1.1", host: "damine.tn"
2020/10/04 17:53:58 [error] 966#966: *1607 open() "/usr/share/nginx/damine.tn/.well-known/assetlinks.json" failed (2: No such file or directory), client: 162.158.75.26, server: damine.tn, request: "GET /.well-known/assetlinks.json HTTP/1.1", host: "damine.tn"
2020/10/04 20:45:41 [error] 966#966: *1621 open() "/usr/share/nginx/damine.tn/robots.txt" failed (2: No such file or directory), client: 162.158.75.68, server: damine.tn, request: "GET /robots.txt HTTP/1.1", host: "damine.tn"
2020/10/04 22:43:04 [error] 965#965: *1634 open() "/usr/share/nginx/damine.tn/robots.txt" failed (2: No such file or directory), client: 162.158.183.153, server: damine.tn, request: "GET /robots.txt HTTP/1.1", host: "www.damine.tn"
2020/10/04 22:43:05 [error] 965#965: *1635 open() "/usr/share/nginx/damine.tn/robots.txt" failed (2: No such file or directory), client: 162.158.183.135, server: damine.tn, request: "GET /robots.txt HTTP/1.1", host: "damine.tn"
2020/10/05 04:26:50 [error] 966#966: *1786 open() "/usr/share/nginx/damine.tn/robots.txt" failed (2: No such file or directory), client: 162.158.74.127, server: damine.tn, request: "GET /robots.txt HTTP/1.1", host: "www.damine.tn"
2020/10/05 06:36:59 [error] 965#965: *1790 open() "/usr/share/nginx/damine.tn/robots.txt" failed (2: No such file or directory), client: 141.101.96.45, server: damine.tn, request: "GET /robots.txt HTTP/1.1", host: "www.damine.tn"
2020/10/05 06:58:15 [error] 965#965: *1793 open() "/usr/share/nginx/damine.tn/robots.txt" failed (2: No such file or directory), client: 162.158.75.68, server: damine.tn, request: "GET /robots.txt HTTP/1.1", host: "damine.tn"
2020/10/05 11:49:54 [error] 965#965: *1841 open() "/usr/share/nginx/damine.tn/robots.txt" failed (2: No such file or directory), client: 162.158.187.23, server: damine.tn, request: "GET /robots.txt HTTP/1.1", host: "damine.tn"
2020/10/05 13:49:43 [error] 965#965: *1856 open() "/usr/share/nginx/damine.tn/robots.txt" failed (2: No such file or directory), client: 162.158.202.14, server: damine.tn, request: "GET /robots.txt HTTP/1.1", host: "www.damine.tn"
2020/10/05 13:51:46 [error] 965#965: *1858 open() "/usr/share/nginx/damine.tn/robots.txt" failed (2: No such file or directory), client: 141.101.69.175, server: damine.tn, request: "GET /robots.txt HTTP/1.1", host: "www.damine.tn"
2020/10/05 19:01:03 [error] 965#965: *1870 open() "/usr/share/nginx/damine.tn/robots.txt" failed (2: No such file or directory), client: 162.158.74.127, server: damine.tn, request: "GET /robots.txt HTTP/1.1", host: "www.damine.tn"
2020/10/05 20:04:43 [error] 965#965: *1874 open() "/usr/share/nginx/damine.tn/robots.txt" failed (2: No such file or directory), client: 162.158.75.68, server: damine.tn, request: "GET /robots.txt HTTP/1.1", host: "damine.tn"
2020/10/05 22:41:46 [error] 965#965: *1912 open() "/usr/share/nginx/damine.tn/robots.txt" failed (2: No such file or directory), client: 172.68.65.62, server: damine.tn, request: "GET /robots.txt HTTP/1.1", host: "www.damine.tn"
2020/10/05 23:55:56 [error] 965#965: *1918 open() "/usr/share/nginx/damine.tn/favicon.ico" failed (2: No such file or directory), client: 173.245.54.121, server: damine.tn, request: "GET /favicon.ico HTTP/1.1", host: "www.damine.tn"
2020/10/06 02:36:16 [error] 965#965: *1947 open() "/usr/share/nginx/damine.tn/vendor/phpunit/phpunit/phpunit.xsd" failed (2: No such file or directory), client: 141.101.69.103, server: damine.tn, request: "GET //vendor/phpunit/phpunit/phpunit.xsd HTTP/1.1", host: "www.damine.tn"
2020/10/06 04:30:31 [error] 966#966: *1979 open() "/usr/share/nginx/damine.tn/robots.txt" failed (2: No such file or directory), client: 162.158.79.229, server: damine.tn, request: "GET /robots.txt HTTP/1.1", host: "damine.tn"
2020/10/06 06:14:08 [error] 966#966: *1991 open() "/usr/share/nginx/damine.tn/robots.txt" failed (2: No such file or directory), client: 162.158.183.135, server: damine.tn, request: "GET /robots.txt HTTP/1.1", host: "damine.tn", referrer: "http://damine.tn/robots.txt"
2020/10/06 06:14:09 [error] 966#966: *1993 open() "/usr/share/nginx/damine.tn/humans.txt" failed (2: No such file or directory), client: 162.158.183.111, server: damine.tn, request: "GET /humans.txt HTTP/1.1", host: "damine.tn", referrer: "http://damine.tn/humans.txt"
2020/10/06 06:14:09 [error] 966#966: *1995 open() "/usr/share/nginx/damine.tn/ads.txt" failed (2: No such file or directory), client: 162.158.183.137, server: damine.tn, request: "GET /ads.txt HTTP/1.1", host: "damine.tn", referrer: "http://damine.tn/ads.txt"
2020/10/06 08:51:35 [error] 966#966: *2013 open() "/usr/share/nginx/damine.tn/robots.txt" failed (2: No such file or directory), client: 172.68.65.62, server: damine.tn, request: "GET /robots.txt HTTP/1.1", host: "www.damine.tn"
2020/10/06 10:42:04 [error] 966#966: *2023 open() "/usr/share/nginx/damine.tn/robots.txt" failed (2: No such file or directory), client: 162.158.79.229, server: damine.tn, request: "GET /robots.txt HTTP/1.1", host: "damine.tn"
2020/10/06 14:37:27 [error] 966#966: *2044 open() "/usr/share/nginx/damine.tn/wp-login.php" failed (2: No such file or directory), client: 162.158.166.223, server: damine.tn, request: "GET /wp-login.php HTTP/1.1", host: "damine.tn", referrer: "http://damine.tn/wp-login.php"
2020/10/06 14:37:47 [error] 966#966: *2046 open() "/usr/share/nginx/damine.tn/wp-login.php" failed (2: No such file or directory), client: 141.101.69.217, server: damine.tn, request: "GET /wp-login.php HTTP/1.1", host: "damine.tn", referrer: "http://damine.tn/wp-login.php"
2020/10/06 16:37:51 [error] 965#965: *2058 open() "/usr/share/nginx/damine.tn/robots.txt" failed (2: No such file or directory), client: 141.101.69.175, server: damine.tn, request: "GET /robots.txt HTTP/1.1", host: "www.damine.tn"
2020/10/06 20:57:28 [error] 965#965: *2103 open() "/usr/share/nginx/damine.tn/robots.txt" failed (2: No such file or directory), client: 162.158.75.68, server: damine.tn, request: "GET /robots.txt HTTP/1.1", host: "damine.tn"
2020/10/06 22:42:50 [error] 966#966: *2115 open() "/usr/share/nginx/damine.tn/robots.txt" failed (2: No such file or directory), client: 162.158.75.68, server: damine.tn, request: "GET /robots.txt HTTP/1.1", host: "damine.tn"
2020/10/07 00:23:08 [error] 965#965: *2124 open() "/usr/share/nginx/damine.tn/favicon.ico" failed (2: No such file or directory), client: 108.162.216.62, server: damine.tn, request: "GET /favicon.ico HTTP/1.1", host: "damine.tn"
2020/10/07 02:03:46 [error] 965#965: *2138 open() "/usr/share/nginx/damine.tn/wp-login.php" failed (2: No such file or directory), client: 108.162.229.104, server: damine.tn, request: "GET /wp-login.php HTTP/1.1", host: "damine.tn"
2020/10/07 03:37:25 [error] 966#966: *2144 open() "/usr/share/nginx/damine.tn/robots.txt" failed (2: No such file or directory), client: 162.158.74.127, server: damine.tn, request: "GET /robots.txt HTTP/1.1", host: "www.damine.tn"
2020/10/07 05:31:19 [error] 965#965: *2152 open() "/usr/share/nginx/damine.tn/robots.txt" failed (2: No such file or directory), client: 162.158.183.135, server: damine.tn, request: "GET /robots.txt HTTP/1.1", host: "damine.tn"
2020/10/07 05:31:19 [error] 965#965: *2153 open() "/usr/share/nginx/damine.tn/robots.txt" failed (2: No such file or directory), client: 162.158.183.153, server: damine.tn, request: "GET /robots.txt HTTP/1.1", host: "www.damine.tn"
2020/10/07 14:57:54 [error] 966#966: *2209 open() "/usr/share/nginx/damine.tn/robots.txt" failed (2: No such file or directory), client: 162.158.75.68, server: damine.tn, request: "GET /robots.txt HTTP/1.1", host: "damine.tn"
2020/10/07 16:51:07 [error] 965#965: *2223 open() "/usr/share/nginx/damine.tn/robots.txt" failed (2: No such file or directory), client: 162.158.238.218, server: damine.tn, request: "GET /robots.txt HTTP/1.1", host: "damine.tn"
2020/10/07 17:43:34 [error] 965#965: *2232 open() "/usr/share/nginx/damine.tn/favicon.ico" failed (2: No such file or directory), client: 108.162.216.62, server: damine.tn, request: "GET /favicon.ico HTTP/1.1", host: "damine.tn"
2020/10/07 18:22:34 [error] 965#965: *2234 open() "/usr/share/nginx/damine.tn/wp-login.php" failed (2: No such file or directory), client: 108.162.219.238, server: damine.tn, request: "GET /wp-login.php HTTP/1.1", host: "damine.tn", referrer: "http://damine.tn/wp-login.php"
2020/10/07 20:56:05 [error] 966#966: *2261 open() "/usr/share/nginx/damine.tn/robots.txt" failed (2: No such file or directory), client: 141.101.69.237, server: damine.tn, request: "GET /robots.txt HTTP/1.1", host: "damine.tn"
2020/10/07 22:05:31 [error] 966#966: *2282 open() "/usr/share/nginx/damine.tn/wp-login.php" failed (2: No such file or directory), client: 173.245.52.175, server: damine.tn, request: "GET /wp-login.php HTTP/1.1", host: "www.damine.tn", referrer: "http://www.damine.tn/wp-login.php"
2020/10/08 02:13:38 [error] 966#966: *2302 open() "/usr/share/nginx/damine.tn/robots.txt" failed (2: No such file or directory), client: 162.158.74.127, server: damine.tn, request: "GET /robots.txt HTTP/1.1", host: "www.damine.tn"
2020/10/08 03:10:15 [error] 966#966: *2308 open() "/usr/share/nginx/damine.tn/robots.txt" failed (2: No such file or directory), client: 141.101.69.175, server: damine.tn, request: "GET /robots.txt HTTP/1.1", host: "www.damine.tn"
2020/10/08 03:23:46 [error] 966#966: *2310 open() "/usr/share/nginx/damine.tn/robots.txt" failed (2: No such file or directory), client: 162.158.75.68, server: damine.tn, request: "GET /robots.txt HTTP/1.1", host: "damine.tn"
2020/10/08 10:40:44 [error] 965#965: *2369 open() "/usr/share/nginx/damine.tn/robots.txt" failed (2: No such file or directory), client: 162.158.75.68, server: damine.tn, request: "GET /robots.txt HTTP/1.1", host: "damine.tn"
2020/10/08 10:40:45 [error] 965#965: *2371 open() "/usr/share/nginx/damine.tn/fnypukwnm.html" failed (2: No such file or directory), client: 108.162.216.10, server: damine.tn, request: "GET /fnypukwnm.html HTTP/1.1", host: "damine.tn"
2020/10/08 17:34:06 [error] 966#966: *2399 open() "/usr/share/nginx/damine.tn/robots.txt" failed (2: No such file or directory), client: 162.158.74.127, server: damine.tn, request: "GET /robots.txt HTTP/1.1", host: "www.damine.tn"
2020/10/08 17:57:49 [error] 966#966: *2402 open() "/usr/share/nginx/damine.tn/favicon.ico" failed (2: No such file or directory), client: 162.158.74.247, server: damine.tn, request: "GET /favicon.ico HTTP/1.1", host: "www.damine.tn"
2020/10/08 22:38:33 [error] 965#965: *2433 open() "/usr/share/nginx/damine.tn/robots.txt" failed (2: No such file or directory), client: 162.158.75.68, server: damine.tn, request: "GET /robots.txt HTTP/1.1", host: "damine.tn"
2020/10/09 00:09:02 [error] 965#965: *2437 open() "/usr/share/nginx/damine.tn/robots.txt" failed (2: No such file or directory), client: 162.158.75.68, server: damine.tn, request: "GET /robots.txt HTTP/1.1", host: "damine.tn"
2020/10/09 00:18:36 [error] 965#965: *2442 open() "/usr/share/nginx/damine.tn/robots.txt" failed (2: No such file or directory), client: 108.162.246.165, server: damine.tn, request: "GET /robots.txt HTTP/1.1", host: "damine.tn"
2020/10/09 03:11:56 [error] 965#965: *2458 open() "/usr/share/nginx/damine.tn/robots.txt" failed (2: No such file or directory), client: 141.101.69.175, server: damine.tn, request: "GET /robots.txt HTTP/1.1", host: "www.damine.tn"
2020/10/09 13:19:35 [error] 965#965: *2524 open() "/usr/share/nginx/damine.tn/robots.txt" failed (2: No such file or directory), client: 162.158.74.127, server: damine.tn, request: "GET /robots.txt HTTP/1.1", host: "www.damine.tn"
2020/10/09 14:14:33 [error] 965#965: *2527 open() "/usr/share/nginx/damine.tn/robots.txt" failed (2: No such file or directory), client: 162.158.238.208, server: damine.tn, request: "GET /robots.txt HTTP/1.1", host: "www.damine.tn"
2020/10/09 14:14:33 [error] 965#965: *2528 open() "/usr/share/nginx/damine.tn/robots.txt" failed (2: No such file or directory), client: 162.158.183.135, server: damine.tn, request: "GET /robots.txt HTTP/1.1", host: "damine.tn"
2020/10/09 23:01:17 [error] 965#965: *2581 open() "/usr/share/nginx/damine.tn/robots.txt" failed (2: No such file or directory), client: 162.158.74.127, server: damine.tn, request: "GET /robots.txt HTTP/1.1", host: "www.damine.tn"
2020/10/09 23:13:27 [error] 965#965: *2582 open() "/usr/share/nginx/damine.tn/robots.txt" failed (2: No such file or directory), client: 162.158.75.68, server: damine.tn, request: "GET /robots.txt HTTP/1.1", host: "damine.tn"
2020/10/10 03:59:49 [error] 966#966: *2610 open() "/usr/share/nginx/damine.tn/robots.txt" failed (2: No such file or directory), client: 162.158.79.229, server: damine.tn, request: "GET /robots.txt HTTP/1.1", host: "damine.tn"
2020/10/10 04:00:35 [error] 966#966: *2614 open() "/usr/share/nginx/damine.tn/robots.txt" failed (2: No such file or directory), client: 172.68.65.62, server: damine.tn, request: "GET /robots.txt HTTP/1.1", host: "www.damine.tn"
2020/10/10 04:45:47 [error] 966#966: *2625 open() "/usr/share/nginx/damine.tn/robots.txt" failed (2: No such file or directory), client: 162.158.75.68, server: damine.tn, request: "GET /robots.txt HTTP/1.1", host: "damine.tn"
2020/10/10 05:16:07 [error] 966#966: *2633 open() "/usr/share/nginx/damine.tn/robots.txt" failed (2: No such file or directory), client: 162.158.74.127, server: damine.tn, request: "GET /robots.txt HTTP/1.1", host: "www.damine.tn"
2020/10/10 05:20:37 [error] 966#966: *2636 open() "/usr/share/nginx/damine.tn/robots.txt" failed (2: No such file or directory), client: 162.158.79.229, server: damine.tn, request: "GET /robots.txt HTTP/1.1", host: "damine.tn"
2020/10/10 05:26:06 [error] 966#966: *2640 open() "/usr/share/nginx/damine.tn/robots.txt" failed (2: No such file or directory), client: 172.68.65.62, server: damine.tn, request: "GET /robots.txt HTTP/1.1", host: "www.damine.tn"
2020/10/10 12:58:10 [error] 966#966: *2682 open() "/usr/share/nginx/damine.tn/robots.txt" failed (2: No such file or directory), client: 141.101.69.175, server: damine.tn, request: "GET /robots.txt HTTP/1.1", host: "www.damine.tn"
2020/10/10 21:46:28 [error] 966#966: *2721 open() "/usr/share/nginx/damine.tn/robots.txt" failed (2: No such file or directory), client: 162.158.75.68, server: damine.tn, request: "GET /robots.txt HTTP/1.1", host: "damine.tn"
2020/10/10 23:41:47 [error] 966#966: *2740 open() "/usr/share/nginx/damine.tn/font/roboto/Roboto-Regular.woff2" failed (2: No such file or directory), client: 108.162.245.100, server: damine.tn, request: "GET /font/roboto/Roboto-Regular.woff2 HTTP/1.1", host: "damine.tn", referrer: "https://damine.tn/css/mdb.min.css"
2020/10/10 23:41:48 [error] 966#966: *2741 open() "/usr/share/nginx/damine.tn/font/roboto/Roboto-Regular.woff" failed (2: No such file or directory), client: 162.158.107.187, server: damine.tn, request: "GET /font/roboto/Roboto-Regular.woff HTTP/1.1", host: "damine.tn", referrer: "https://damine.tn/css/mdb.min.css"
2020/10/10 23:41:48 [error] 966#966: *2742 open() "/usr/share/nginx/damine.tn/font/roboto/Roboto-Regular.ttf" failed (2: No such file or directory), client: 162.158.106.70, server: damine.tn, request: "GET /font/roboto/Roboto-Regular.ttf HTTP/1.1", host: "damine.tn", referrer: "https://damine.tn/css/mdb.min.css"
2020/10/10 23:41:49 [error] 966#966: *2744 open() "/usr/share/nginx/damine.tn/font/roboto/Roboto-Bold.woff2" failed (2: No such file or directory), client: 162.158.107.175, server: damine.tn, request: "GET /font/roboto/Roboto-Bold.woff2 HTTP/1.1", host: "damine.tn", referrer: "https://damine.tn/css/mdb.min.css"
2020/10/10 23:41:50 [error] 966#966: *2746 open() "/usr/share/nginx/damine.tn/font/roboto/Roboto-Bold.woff" failed (2: No such file or directory), client: 162.158.106.154, server: damine.tn, request: "GET /font/roboto/Roboto-Bold.woff HTTP/1.1", host: "damine.tn", referrer: "https://damine.tn/css/mdb.min.css"
2020/10/10 23:41:51 [error] 966#966: *2747 open() "/usr/share/nginx/damine.tn/font/roboto/Roboto-Bold.ttf" failed (2: No such file or directory), client: 108.162.246.129, server: damine.tn, request: "GET /font/roboto/Roboto-Bold.ttf HTTP/1.1", host: "damine.tn", referrer: "https://damine.tn/css/mdb.min.css"
2020/10/11 01:39:16 [error] 966#966: *2755 open() "/usr/share/nginx/damine.tn/favicon.ico" failed (2: No such file or directory), client: 108.162.216.62, server: damine.tn, request: "GET /favicon.ico HTTP/1.1", host: "damine.tn"
2020/10/11 06:45:21 [error] 965#965: *2813 open() "/usr/share/nginx/damine.tn/robots.txt" failed (2: No such file or directory), client: 162.158.79.229, server: damine.tn, request: "GET /robots.txt HTTP/1.1", host: "damine.tn"
2020/10/11 06:51:31 [error] 965#965: *2817 open() "/usr/share/nginx/damine.tn/robots.txt" failed (2: No such file or directory), client: 172.68.65.62, server: damine.tn, request: "GET /robots.txt HTTP/1.1", host: "www.damine.tn"
2020/10/11 07:47:04 [error] 966#966: *2833 open() "/usr/share/nginx/damine.tn/robots.txt" failed (2: No such file or directory), client: 108.162.219.182, server: damine.tn, request: "GET /robots.txt HTTP/1.1", host: "damine.tn"
2020/10/11 11:53:31 [error] 966#966: *2907 open() "/usr/share/nginx/damine.tn/robots.txt" failed (2: No such file or directory), client: 162.158.74.127, server: damine.tn, request: "GET /robots.txt HTTP/1.1", host: "www.damine.tn"
2020/10/11 13:00:04 [error] 966#966: *2910 open() "/usr/share/nginx/damine.tn/robots.txt" failed (2: No such file or directory), client: 141.101.69.175, server: damine.tn, request: "GET /robots.txt HTTP/1.1", host: "www.damine.tn"
2020/10/11 15:18:31 [error] 966#966: *2930 open() "/usr/share/nginx/damine.tn/favicon.ico" failed (2: No such file or directory), client: 162.158.74.247, server: damine.tn, request: "GET /favicon.ico HTTP/1.1", host: "www.damine.tn"
2020/10/12 13:34:44 [error] 965#965: *3060 open() "/usr/share/nginx/damine.tn/robots.txt" failed (2: No such file or directory), client: 162.158.74.127, server: damine.tn, request: "GET /robots.txt HTTP/1.1", host: "www.damine.tn"
2020/10/12 19:44:03 [error] 965#965: *3104 open() "/usr/share/nginx/damine.tn/wp-login.php" failed (2: No such file or directory), client: 162.158.103.99, server: damine.tn, request: "GET /wp-login.php HTTP/1.1", host: "damine.tn", referrer: "http://damine.tn/wp-login.php"
2020/10/12 19:48:28 [error] 947#947: *7 open() "/usr/share/nginx/damine.tn/font/roboto/Roboto-Regular.woff2" failed (2: No such file or directory), client: 172.68.29.132, server: damine.tn, request: "GET /font/roboto/Roboto-Regular.woff2 HTTP/1.1", host: "www.damine.tn", referrer: "https://www.damine.tn/css/mdb.min.css"
2020/10/12 19:48:29 [error] 947#947: *8 open() "/usr/share/nginx/damine.tn/font/roboto/Roboto-Regular.woff" failed (2: No such file or directory), client: 172.68.29.136, server: damine.tn, request: "GET /font/roboto/Roboto-Regular.woff HTTP/1.1", host: "www.damine.tn", referrer: "https://www.damine.tn/css/mdb.min.css"
2020/10/12 19:48:31 [error] 947#947: *9 open() "/usr/share/nginx/damine.tn/font/roboto/Roboto-Regular.ttf" failed (2: No such file or directory), client: 172.68.29.144, server: damine.tn, request: "GET /font/roboto/Roboto-Regular.ttf HTTP/1.1", host: "www.damine.tn", referrer: "https://www.damine.tn/css/mdb.min.css"
2020/10/12 19:48:32 [error] 947#947: *12 open() "/usr/share/nginx/damine.tn/font/roboto/Roboto-Bold.woff2" failed (2: No such file or directory), client: 172.68.29.138, server: damine.tn, request: "GET /font/roboto/Roboto-Bold.woff2 HTTP/1.1", host: "www.damine.tn", referrer: "https://www.damine.tn/css/mdb.min.css"
2020/10/12 19:48:33 [error] 947#947: *13 open() "/usr/share/nginx/damine.tn/font/roboto/Roboto-Bold.woff" failed (2: No such file or directory), client: 172.68.29.132, server: damine.tn, request: "GET /font/roboto/Roboto-Bold.woff HTTP/1.1", host: "www.damine.tn", referrer: "https://www.damine.tn/css/mdb.min.css"
2020/10/12 19:48:34 [error] 947#947: *14 open() "/usr/share/nginx/damine.tn/font/roboto/Roboto-Bold.ttf" failed (2: No such file or directory), client: 172.68.29.132, server: damine.tn, request: "GET /font/roboto/Roboto-Bold.ttf HTTP/1.1", host: "www.damine.tn", referrer: "https://www.damine.tn/css/mdb.min.css"
